node.exe : ظù Validation 
Warning:
At C:\Program 
Files\nodejs\npx.ps1:29 
char:3
+   & $NODE_EXE 
$NPX_CLI_JS $args
+   ~~~~~~~~~~~~~~~~~~~~~~~
~~~~~~
    + CategoryInfo         
     : NotSpecified: (ظù  
   Validation Warning::S   
 tring) [], RemoteExcep    
tion
    + FullyQualifiedErrorI 
   d : NativeCommandError
 

  Unknown option 
"setupFilesAfterSetup" 
with value ["<rootDir>/jest
.setup.ts"] was found.
  This is probably a 
typing mistake. Fixing it 
will remove this message.

  Configuration 
Documentation:
  https://jestjs.io/docs/co
nfiguration

ظù Validation Warning:

  Unknown option 
"setupFilesAfterSetup" 
with value ["<rootDir>/jest
.setup.ts"] was found.
  This is probably a 
typing mistake. Fixing it 
will remove this message.

  Configuration 
Documentation:
  https://jestjs.io/docs/co
nfiguration

jest-haste-map: Haste module naming collision: rentflow-frontend
  The following files share their name; please adjust your hasteImpl:
    * <rootDir>\package.json
    * <rootDir>\.next\standalone\package.json

  console.error
    Warning: Invalid hook call. Hooks can only be called inside of the body of a function component. This could happen for one of the following reasons:
    1. You might have mismatching versions of React and the renderer (such as React DOM)
    2. You might be breaking the Rules of Hooks
    3. You might have more than one copy of React in the same app
    See https://reactjs.org/link/invalid-hook-call for tips about how to debug and fix this problem.

    [0m [90m 17 |[39m [36mexport[39m [36mdefault[39m [36mfunction[39m [33mNewJournalEntryPage[39m() {
     [90m 18 |[39m   [36mconst[39m router [33m=[39m useRouter()[33m;[39m
    [31m[1m>[22m[39m[90m 19 |[39m   [36mconst[39m [accounts[33m,[39m setAccounts] [33m=[39m useState[33m<[39m[33mAccount[39m[][33m>[39m([])[33m;[39m
     [90m    |[39m                                           [31m[1m^[22m[39m
     [90m 20 |[39m   [36mconst[39m [date[33m,[39m setDate] [33m=[39m useState([36mnew[39m [33mDate[39m()[33m.[39mtoISOString()[33m.[39mslice([35m0[39m[33m,[39m [35m10[39m))[33m;[39m
     [90m 21 |[39m   [36mconst[39m [description[33m,[39m setDescription] [33m=[39m useState([32m''[39m)[33m;[39m
     [90m 22 |[39m   [36mconst[39m [notes[33m,[39m setNotes] [33m=[39m useState([32m''[39m)[33m;[39m[0m

      at printWarning (node_modules/react/cjs/react.development.js:209:30)
      at error (node_modules/react/cjs/react.development.js:183:7)
      at resolveDispatcher (node_modules/react/cjs/react.development.js:1592:7)
      at useState (node_modules/react/cjs/react.development.js:1621:20)
      at NewJournalEntryPage (src/app/dashboard/finance/journal-entries/new/page.tsx:19:43)
      at renderWithHooks (node_modules/react-dom/cjs/react-dom.development.js:15486:18)
      at mountIndeterminateComponent (node_modules/react-dom/cjs/react-dom.development.js:20103:13)
      at beginWork (node_modules/react-dom/cjs/react-dom.development.js:21626:16)
      at beginWork$1 (node_modules/react-dom/cjs/react-dom.development.js:27465:14)
      at performUnitOfWork (node_modules/react-dom/cjs/react-dom.development.js:26599:12)
      at workLoopSync (node_modules/react-dom/cjs/react-dom.development.js:26505:5)
      at renderRootSync (node_modules/react-dom/cjs/react-dom.development.js:26473:7)
      at performConcurrentWorkOnRoot (node_modules/react-dom/cjs/react-dom.development.js:25777:74)
      at flushActQueue (node_modules/react/cjs/react.development.js:2667:24)
      at act (node_modules/react/cjs/react.development.js:2582:11)
      at node_modules/@testing-library/react/dist/act-compat.js:46:25
      at renderRoot (node_modules/@testing-library/react/dist/pure.js:189:26)
      at render (node_modules/@testing-library/react/dist/pure.js:291:10)
      at Object.<anonymous> (src/__tests__/finance.test.tsx:67:11)

  console.error
    Warning: Invalid hook call. Hooks can only be called inside of the body of a function component. This could happen for one of the following reasons:
    1. You might have mismatching versions of React and the renderer (such as React DOM)
    2. You might be breaking the Rules of Hooks
    3. You might have more than one copy of React in the same app
    See https://reactjs.org/link/invalid-hook-call for tips about how to debug and fix this problem.

    [0m [90m 17 |[39m [36mexport[39m [36mdefault[39m [36mfunction[39m [33mNewJournalEntryPage[39m() {
     [90m 18 |[39m   [36mconst[39m router [33m=[39m useRouter()[33m;[39m
    [31m[1m>[22m[39m[90m 19 |[39m   [36mconst[39m [accounts[33m,[39m setAccounts] [33m=[39m useState[33m<[39m[33mAccount[39m[][33m>[39m([])[33m;[39m
     [90m    |[39m                                           [31m[1m^[22m[39m
     [90m 20 |[39m   [36mconst[39m [date[33m,[39m setDate] [33m=[39m useState([36mnew[39m [33mDate[39m()[33m.[39mtoISOString()[33m.[39mslice([35m0[39m[33m,[39m [35m10[39m))[33m;[39m
     [90m 21 |[39m   [36mconst[39m [description[33m,[39m setDescription] [33m=[39m useState([32m''[39m)[33m;[39m
     [90m 22 |[39m   [36mconst[39m [notes[33m,[39m setNotes] [33m=[39m useState([32m''[39m)[33m;[39m[0m

      at printWarning (node_modules/react/cjs/react.development.js:209:30)
      at error (node_modules/react/cjs/react.development.js:183:7)
      at resolveDispatcher (node_modules/react/cjs/react.development.js:1592:7)
      at useState (node_modules/react/cjs/react.development.js:1621:20)
      at NewJournalEntryPage (src/app/dashboard/finance/journal-entries/new/page.tsx:19:43)
      at renderWithHooks (node_modules/react-dom/cjs/react-dom.development.js:15486:18)
      at mountIndeterminateComponent (node_modules/react-dom/cjs/react-dom.development.js:20103:13)
      at beginWork (node_modules/react-dom/cjs/react-dom.development.js:21626:16)
      at HTMLUnknownElement.callCallback (node_modules/react-dom/cjs/react-dom.development.js:4164:14)
      at HTMLUnknownElement.callTheUserObjectsOperation (node_modules/jsdom/lib/jsdom/living/generated/EventListener.js:26:30)
      at innerInvokeEventListeners (node_modules/jsdom/lib/jsdom/living/events/EventTarget-impl.js:350:25)
      at invokeEventListeners (node_modules/jsdom/lib/jsdom/living/events/EventTarget-impl.js:286:3)
      at HTMLUnknownElementImpl._dispatch (node_modules/jsdom/lib/jsdom/living/events/EventTarget-impl.js:233:9)
      at HTMLUnknownElementImpl.dispatchEvent (node_modules/jsdom/lib/jsdom/living/events/EventTarget-impl.js:104:17)
      at HTMLUnknownElement.dispatchEvent (node_modules/jsdom/lib/jsdom/living/generated/EventTarget.js:241:34)
      at Object.invokeGuardedCallbackDev (node_modules/react-dom/cjs/react-dom.development.js:4213:16)
      at invokeGuardedCallback (node_modules/react-dom/cjs/react-dom.development.js:4277:31)
      at beginWork$1 (node_modules/react-dom/cjs/react-dom.development.js:27490:7)
      at performUnitOfWork (node_modules/react-dom/cjs/react-dom.development.js:26599:12)
      at workLoopSync (node_modules/react-dom/cjs/react-dom.development.js:26505:5)
      at renderRootSync (node_modules/react-dom/cjs/react-dom.development.js:26473:7)
      at performConcurrentWorkOnRoot (node_modules/react-dom/cjs/react-dom.development.js:25777:74)
      at flushActQueue (node_modules/react/cjs/react.development.js:2667:24)
      at act (node_modules/react/cjs/react.development.js:2582:11)
      at node_modules/@testing-library/react/dist/act-compat.js:46:25
      at renderRoot (node_modules/@testing-library/react/dist/pure.js:189:26)
      at render (node_modules/@testing-library/react/dist/pure.js:291:10)
      at Object.<anonymous> (src/__tests__/finance.test.tsx:67:11)

  console.error
    Error: Uncaught [TypeError: Cannot read properties of null (reading 'useState')]
        at reportException (C:\Users\zaida\OneDrive\Desktop\sanad-property - Copy - Copy\frontend\node_modules\jsdom\lib\jsdom\living\helpers\runtime-script-errors.js:66:24)
        at innerInvokeEventListeners (C:\Users\zaida\OneDrive\Desktop\sanad-property - Copy - Copy\frontend\node_modules\jsdom\lib\jsdom\living\events\EventTarget-impl.js:353:9)
        at invokeEventListeners (C:\Users\zaida\OneDrive\Desktop\sanad-property - Copy - Copy\frontend\node_modules\jsdom\lib\jsdom\living\events\EventTarget-impl.js:286:3)
        at HTMLUnknownElementImpl._dispatch (C:\Users\zaida\OneDrive\Desktop\sanad-property - Copy - Copy\frontend\node_modules\jsdom\lib\jsdom\living\events\EventTarget-impl.js:233:9)
        at HTMLUnknownElementImpl.dispatchEvent (C:\Users\zaida\OneDrive\Desktop\sanad-property - Copy - Copy\frontend\node_modules\jsdom\lib\jsdom\living\events\EventTarget-impl.js:104:17)
        at HTMLUnknownElement.dispatchEvent (C:\Users\zaida\OneDrive\Desktop\sanad-property - Copy - Copy\frontend\node_modules\jsdom\lib\jsdom\living\generated\EventTarget.js:241:34)
        at Object.invokeGuardedCallbackDev (C:\Users\zaida\OneDrive\Desktop\sanad-property - Copy - Copy\frontend\node_modules\react-dom\cjs\react-dom.development.js:4213:16)
        at invokeGuardedCallback (C:\Users\zaida\OneDrive\Desktop\sanad-property - Copy - Copy\frontend\node_modules\react-dom\cjs\react-dom.development.js:4277:31)
        at beginWork$1 (C:\Users\zaida\OneDrive\Desktop\sanad-property - Copy - Copy\frontend\node_modules\react-dom\cjs\react-dom.development.js:27490:7)
        at performUnitOfWork (C:\Users\zaida\OneDrive\Desktop\sanad-property - Copy - Copy\frontend\node_modules\react-dom\cjs\react-dom.development.js:26599:12)
        at workLoopSync (C:\Users\zaida\OneDrive\Desktop\sanad-property - Copy - Copy\frontend\node_modules\react-dom\cjs\react-dom.development.js:26505:5)
        at renderRootSync (C:\Users\zaida\OneDrive\Desktop\sanad-property - Copy - Copy\frontend\node_modules\react-dom\cjs\react-dom.development.js:26473:7)
        at performConcurrentWorkOnRoot (C:\Users\zaida\OneDrive\Desktop\sanad-property - Copy - Copy\frontend\node_modules\react-dom\cjs\react-dom.development.js:25777:74)
        at flushActQueue (C:\Users\zaida\OneDrive\Desktop\sanad-property - Copy - Copy\frontend\node_modules\react\cjs\react.development.js:2667:24)
        at act (C:\Users\zaida\OneDrive\Desktop\sanad-property - Copy - Copy\frontend\node_modules\react\cjs\react.development.js:2582:11)
        at C:\Users\zaida\OneDrive\Desktop\sanad-property - Copy - Copy\frontend\node_modules\@testing-library\react\dist\act-compat.js:46:25
        at renderRoot (C:\Users\zaida\OneDrive\Desktop\sanad-property - Copy - Copy\frontend\node_modules\@testing-library\react\dist\pure.js:189:26)
        at render (C:\Users\zaida\OneDrive\Desktop\sanad-property - Copy - Copy\frontend\node_modules\@testing-library\react\dist\pure.js:291:10)
        at Object.<anonymous> (C:\Users\zaida\OneDrive\Desktop\sanad-property - Copy - Copy\frontend\src\__tests__\finance.test.tsx:67:11)
        at Promise.finally.completed (C:\Users\zaida\OneDrive\Desktop\sanad-property - Copy - Copy\frontend\node_modules\jest-circus\build\jestAdapterInit.js:1557:28)
        at new Promise (<anonymous>)
        at callAsyncCircusFn (C:\Users\zaida\OneDrive\Desktop\sanad-property - Copy - Copy\frontend\node_modules\jest-circus\build\jestAdapterInit.js:1497:10)
        at _callCircusTest (C:\Users\zaida\OneDrive\Desktop\sanad-property - Copy - Copy\frontend\node_modules\jest-circus\build\jestAdapterInit.js:1007:40)
        at processTicksAndRejections (node:internal/process/task_queues:105:5)
        at _runTest (C:\Users\zaida\OneDrive\Desktop\sanad-property - Copy - Copy\frontend\node_modules\jest-circus\build\jestAdapterInit.js:947:3)
        at C:\Users\zaida\OneDrive\Desktop\sanad-property - Copy - Copy\frontend\node_modules\jest-circus\build\jestAdapterInit.js:849:7
        at _runTestsForDescribeBlock (C:\Users\zaida\OneDrive\Desktop\sanad-property - Copy - Copy\frontend\node_modules\jest-circus\build\jestAdapterInit.js:862:11)
        at _runTestsForDescribeBlock (C:\Users\zaida\OneDrive\Desktop\sanad-property - Copy - Copy\frontend\node_modules\jest-circus\build\jestAdapterInit.js:857:11)
        at run (C:\Users\zaida\OneDrive\Desktop\sanad-property - Copy - Copy\frontend\node_modules\jest-circus\build\jestAdapterInit.js:761:3)
        at runAndTransformResultsToJestFormat (C:\Users\zaida\OneDrive\Desktop\sanad-property - Copy - Copy\frontend\node_modules\jest-circus\build\jestAdapterInit.js:1918:21)
        at jestAdapter (C:\Users\zaida\OneDrive\Desktop\sanad-property - Copy - Copy\frontend\node_modules\jest-circus\build\runner.js:101:19)
        at runTestInternal (C:\Users\zaida\OneDrive\Desktop\sanad-property - Copy - Copy\frontend\node_modules\jest-runner\build\index.js:275:16)
        at runTest (C:\Users\zaida\OneDrive\Desktop\sanad-property - Copy - Copy\frontend\node_modules\jest-runner\build\index.js:343:7) {
      detail: TypeError: Cannot read properties of null (reading 'useState')
          at useState (C:\Users\zaida\OneDrive\Desktop\sanad-property - Copy - Copy\frontend\node_modules\react\cjs\react.development.js:1622:21)
          at NewJournalEntryPage (C:\Users\zaida\OneDrive\Desktop\sanad-property - Copy - Copy\frontend\src\app\dashboard\finance\journal-entries\new\page.tsx:19:43)
          at renderWithHooks (C:\Users\zaida\OneDrive\Desktop\sanad-property - Copy - Copy\frontend\node_modules\react-dom\cjs\react-dom.development.js:15486:18)
          at mountIndeterminateComponent (C:\Users\zaida\OneDrive\Desktop\sanad-property - Copy - Copy\frontend\node_modules\react-dom\cjs\react-dom.development.js:20103:13)
          at beginWork (C:\Users\zaida\OneDrive\Desktop\sanad-property - Copy - Copy\frontend\node_modules\react-dom\cjs\react-dom.development.js:21626:16)
          at HTMLUnknownElement.callCallback (C:\Users\zaida\OneDrive\Desktop\sanad-property - Copy - Copy\frontend\node_modules\react-dom\cjs\react-dom.development.js:4164:14)
          at HTMLUnknownElement.callTheUserObjectsOperation (C:\Users\zaida\OneDrive\Desktop\sanad-property - Copy - Copy\frontend\node_modules\jsdom\lib\jsdom\living\generated\EventListener.js:26:30)
          at innerInvokeEventListeners (C:\Users\zaida\OneDrive\Desktop\sanad-property - Copy - Copy\frontend\node_modules\jsdom\lib\jsdom\living\events\EventTarget-impl.js:350:25)
          at invokeEventListeners (C:\Users\zaida\OneDrive\Desktop\sanad-property - Copy - Copy\frontend\node_modules\jsdom\lib\jsdom\living\events\EventTarget-impl.js:286:3)
          at HTMLUnknownElementImpl._dispatch (C:\Users\zaida\OneDrive\Desktop\sanad-property - Copy - Copy\frontend\node_modules\jsdom\lib\jsdom\living\events\EventTarget-impl.js:233:9)
          at HTMLUnknownElementImpl.dispatchEvent (C:\Users\zaida\OneDrive\Desktop\sanad-property - Copy - Copy\frontend\node_modules\jsdom\lib\jsdom\living\events\EventTarget-impl.js:104:17)
          at HTMLUnknownElement.dispatchEvent (C:\Users\zaida\OneDrive\Desktop\sanad-property - Copy - Copy\frontend\node_modules\jsdom\lib\jsdom\living\generated\EventTarget.js:241:34)
          at Object.invokeGuardedCallbackDev (C:\Users\zaida\OneDrive\Desktop\sanad-property - Copy - Copy\frontend\node_modules\react-dom\cjs\react-dom.development.js:4213:16)
          at invokeGuardedCallback (C:\Users\zaida\OneDrive\Desktop\sanad-property - Copy - Copy\frontend\node_modules\react-dom\cjs\react-dom.development.js:4277:31)
          at beginWork$1 (C:\Users\zaida\OneDrive\Desktop\sanad-property - Copy - Copy\frontend\node_modules\react-dom\cjs\react-dom.development.js:27490:7)
          at performUnitOfWork (C:\Users\zaida\OneDrive\Desktop\sanad-property - Copy - Copy\frontend\node_modules\react-dom\cjs\react-dom.development.js:26599:12)
          at workLoopSync (C:\Users\zaida\OneDrive\Desktop\sanad-property - Copy - Copy\frontend\node_modules\react-dom\cjs\react-dom.development.js:26505:5)
          at renderRootSync (C:\Users\zaida\OneDrive\Desktop\sanad-property - Copy - Copy\frontend\node_modules\react-dom\cjs\react-dom.development.js:26473:7)
          at performConcurrentWorkOnRoot (C:\Users\zaida\OneDrive\Desktop\sanad-property - Copy - Copy\frontend\node_modules\react-dom\cjs\react-dom.development.js:25777:74)
          at flushActQueue (C:\Users\zaida\OneDrive\Desktop\sanad-property - Copy - Copy\frontend\node_modules\react\cjs\react.development.js:2667:24)
          at act (C:\Users\zaida\OneDrive\Desktop\sanad-property - Copy - Copy\frontend\node_modules\react\cjs\react.development.js:2582:11)
          at C:\Users\zaida\OneDrive\Desktop\sanad-property - Copy - Copy\frontend\node_modules\@testing-library\react\dist\act-compat.js:46:25
          at renderRoot (C:\Users\zaida\OneDrive\Desktop\sanad-property - Copy - Copy\frontend\node_modules\@testing-library\react\dist\pure.js:189:26)
          at render (C:\Users\zaida\OneDrive\Desktop\sanad-property - Copy - Copy\frontend\node_modules\@testing-library\react\dist\pure.js:291:10)
          at Object.<anonymous> (C:\Users\zaida\OneDrive\Desktop\sanad-property - Copy - Copy\frontend\src\__tests__\finance.test.tsx:67:11)
          at Promise.finally.completed (C:\Users\zaida\OneDrive\Desktop\sanad-property - Copy - Copy\frontend\node_modules\jest-circus\build\jestAdapterInit.js:1557:28)
          at new Promise (<anonymous>)
          at callAsyncCircusFn (C:\Users\zaida\OneDrive\Desktop\sanad-property - Copy - Copy\frontend\node_modules\jest-circus\build\jestAdapterInit.js:1497:10)
          at _callCircusTest (C:\Users\zaida\OneDrive\Desktop\sanad-property - Copy - Copy\frontend\node_modules\jest-circus\build\jestAdapterInit.js:1007:40)
          at processTicksAndRejections (node:internal/process/task_queues:105:5)
          at _runTest (C:\Users\zaida\OneDrive\Desktop\sanad-property - Copy - Copy\frontend\node_modules\jest-circus\build\jestAdapterInit.js:947:3)
          at C:\Users\zaida\OneDrive\Desktop\sanad-property - Copy - Copy\frontend\node_modules\jest-circus\build\jestAdapterInit.js:849:7
          at _runTestsForDescribeBlock (C:\Users\zaida\OneDrive\Desktop\sanad-property - Copy - Copy\frontend\node_modules\jest-circus\build\jestAdapterInit.js:862:11)
          at _runTestsForDescribeBlock (C:\Users\zaida\OneDrive\Desktop\sanad-property - Copy - Copy\frontend\node_modules\jest-circus\build\jestAdapterInit.js:857:11)
          at run (C:\Users\zaida\OneDrive\Desktop\sanad-property - Copy - Copy\frontend\node_modules\jest-circus\build\jestAdapterInit.js:761:3)
          at runAndTransformResultsToJestFormat (C:\Users\zaida\OneDrive\Desktop\sanad-property - Copy - Copy\frontend\node_modules\jest-circus\build\jestAdapterInit.js:1918:21)
          at jestAdapter (C:\Users\zaida\OneDrive\Desktop\sanad-property - Copy - Copy\frontend\node_modules\jest-circus\build\runner.js:101:19)
          at runTestInternal (C:\Users\zaida\OneDrive\Desktop\sanad-property - Copy - Copy\frontend\node_modules\jest-runner\build\index.js:275:16)
          at runTest (C:\Users\zaida\OneDrive\Desktop\sanad-property - Copy - Copy\frontend\node_modules\jest-runner\build\index.js:343:7),
      type: 'unhandled exception'
    }

    [0m [90m 65 |[39m
     [90m 66 |[39m   it([32m'submit button is disabled when debits ظëب credits'[39m[33m,[39m [36masync[39m () [33m=>[39m {
    [31m[1m>[22m[39m[90m 67 |[39m     render([33m<[39m[33mNewJournalEntryPage[39m [33m/[39m[33m>[39m)[33m;[39m
     [90m    |[39m           [31m[1m^[22m[39m
     [90m 68 |[39m     
     [90m 69 |[39m     [36mconst[39m submitBtn [33m=[39m screen[33m.[39mgetByTestId([32m'submit-btn'[39m)[33m;[39m
     [90m 70 |[39m     expect(submitBtn)[33m.[39mtoBeDisabled()[33m;[39m[0m

      at VirtualConsole.<anonymous> (node_modules/@jest/environment-jsdom-abstract/build/index.js:87:23)
      at reportException (node_modules/jsdom/lib/jsdom/living/helpers/runtime-script-errors.js:70:28)
      at innerInvokeEventListeners (node_modules/jsdom/lib/jsdom/living/events/EventTarget-impl.js:353:9)
      at invokeEventListeners (node_modules/jsdom/lib/jsdom/living/events/EventTarget-impl.js:286:3)
      at HTMLUnknownElementImpl._dispatch (node_modules/jsdom/lib/jsdom/living/events/EventTarget-impl.js:233:9)
      at HTMLUnknownElementImpl.dispatchEvent (node_modules/jsdom/lib/jsdom/living/events/EventTarget-impl.js:104:17)
      at HTMLUnknownElement.dispatchEvent (node_modules/jsdom/lib/jsdom/living/generated/EventTarget.js:241:34)
      at Object.invokeGuardedCallbackDev (node_modules/react-dom/cjs/react-dom.development.js:4213:16)
      at invokeGuardedCallback (node_modules/react-dom/cjs/react-dom.development.js:4277:31)
      at beginWork$1 (node_modules/react-dom/cjs/react-dom.development.js:27490:7)
      at performUnitOfWork (node_modules/react-dom/cjs/react-dom.development.js:26599:12)
      at workLoopSync (node_modules/react-dom/cjs/react-dom.development.js:26505:5)
      at renderRootSync (node_modules/react-dom/cjs/react-dom.development.js:26473:7)
      at performConcurrentWorkOnRoot (node_modules/react-dom/cjs/react-dom.development.js:25777:74)
      at flushActQueue (node_modules/react/cjs/react.development.js:2667:24)
      at act (node_modules/react/cjs/react.development.js:2582:11)
      at node_modules/@testing-library/react/dist/act-compat.js:46:25
      at renderRoot (node_modules/@testing-library/react/dist/pure.js:189:26)
      at render (node_modules/@testing-library/react/dist/pure.js:291:10)
      at Object.<anonymous> (src/__tests__/finance.test.tsx:67:11)

  console.error
    Warning: Invalid hook call. Hooks can only be called inside of the body of a function component. This could happen for one of the following reasons:
    1. You might have mismatching versions of React and the renderer (such as React DOM)
    2. You might be breaking the Rules of Hooks
    3. You might have more than one copy of React in the same app
    See https://reactjs.org/link/invalid-hook-call for tips about how to debug and fix this problem.

    [0m [90m 17 |[39m [36mexport[39m [36mdefault[39m [36mfunction[39m [33mNewJournalEntryPage[39m() {
     [90m 18 |[39m   [36mconst[39m router [33m=[39m useRouter()[33m;[39m
    [31m[1m>[22m[39m[90m 19 |[39m   [36mconst[39m [accounts[33m,[39m setAccounts] [33m=[39m useState[33m<[39m[33mAccount[39m[][33m>[39m([])[33m;[39m
     [90m    |[39m                                           [31m[1m^[22m[39m
     [90m 20 |[39m   [36mconst[39m [date[33m,[39m setDate] [33m=[39m useState([36mnew[39m [33mDate[39m()[33m.[39mtoISOString()[33m.[39mslice([35m0[39m[33m,[39m [35m10[39m))[33m;[39m
     [90m 21 |[39m   [36mconst[39m [description[33m,[39m setDescription] [33m=[39m useState([32m''[39m)[33m;[39m
     [90m 22 |[39m   [36mconst[39m [notes[33m,[39m setNotes] [33m=[39m useState([32m''[39m)[33m;[39m[0m

      at printWarning (node_modules/react/cjs/react.development.js:209:30)
      at error (node_modules/react/cjs/react.development.js:183:7)
      at resolveDispatcher (node_modules/react/cjs/react.development.js:1592:7)
      at useState (node_modules/react/cjs/react.development.js:1621:20)
      at NewJournalEntryPage (src/app/dashboard/finance/journal-entries/new/page.tsx:19:43)
      at renderWithHooks (node_modules/react-dom/cjs/react-dom.development.js:15486:18)
      at mountIndeterminateComponent (node_modules/react-dom/cjs/react-dom.development.js:20103:13)
      at beginWork (node_modules/react-dom/cjs/react-dom.development.js:21626:16)
      at beginWork$1 (node_modules/react-dom/cjs/react-dom.development.js:27465:14)
      at performUnitOfWork (node_modules/react-dom/cjs/react-dom.development.js:26599:12)
      at workLoopSync (node_modules/react-dom/cjs/react-dom.development.js:26505:5)
      at renderRootSync (node_modules/react-dom/cjs/react-dom.development.js:26473:7)
      at recoverFromConcurrentError (node_modules/react-dom/cjs/react-dom.development.js:25889:20)
      at performConcurrentWorkOnRoot (node_modules/react-dom/cjs/react-dom.development.js:25789:22)
      at flushActQueue (node_modules/react/cjs/react.development.js:2667:24)
      at act (node_modules/react/cjs/react.development.js:2582:11)
      at node_modules/@testing-library/react/dist/act-compat.js:46:25
      at renderRoot (node_modules/@testing-library/react/dist/pure.js:189:26)
      at render (node_modules/@testing-library/react/dist/pure.js:291:10)
      at Object.<anonymous> (src/__tests__/finance.test.tsx:67:11)

  console.error
    Warning: Invalid hook call. Hooks can only be called inside of the body of a function component. This could happen for one of the following reasons:
    1. You might have mismatching versions of React and the renderer (such as React DOM)
    2. You might be breaking the Rules of Hooks
    3. You might have more than one copy of React in the same app
    See https://reactjs.org/link/invalid-hook-call for tips about how to debug and fix this problem.

    [0m [90m 17 |[39m [36mexport[39m [36mdefault[39m [36mfunction[39m [33mNewJournalEntryPage[39m() {
     [90m 18 |[39m   [36mconst[39m router [33m=[39m useRouter()[33m;[39m
    [31m[1m>[22m[39m[90m 19 |[39m   [36mconst[39m [accounts[33m,[39m setAccounts] [33m=[39m useState[33m<[39m[33mAccount[39m[][33m>[39m([])[33m;[39m
     [90m    |[39m                                           [31m[1m^[22m[39m
     [90m 20 |[39m   [36mconst[39m [date[33m,[39m setDate] [33m=[39m useState([36mnew[39m [33mDate[39m()[33m.[39mtoISOString()[33m.[39mslice([35m0[39m[33m,[39m [35m10[39m))[33m;[39m
     [90m 21 |[39m   [36mconst[39m [description[33m,[39m setDescription] [33m=[39m useState([32m''[39m)[33m;[39m
     [90m 22 |[39m   [36mconst[39m [notes[33m,[39m setNotes] [33m=[39m useState([32m''[39m)[33m;[39m[0m

      at printWarning (node_modules/react/cjs/react.development.js:209:30)
      at error (node_modules/react/cjs/react.development.js:183:7)
      at resolveDispatcher (node_modules/react/cjs/react.development.js:1592:7)
      at useState (node_modules/react/cjs/react.development.js:1621:20)
      at NewJournalEntryPage (src/app/dashboard/finance/journal-entries/new/page.tsx:19:43)
      at renderWithHooks (node_modules/react-dom/cjs/react-dom.development.js:15486:18)
      at mountIndeterminateComponent (node_modules/react-dom/cjs/react-dom.development.js:20103:13)
      at beginWork (node_modules/react-dom/cjs/react-dom.development.js:21626:16)
      at HTMLUnknownElement.callCallback (node_modules/react-dom/cjs/react-dom.development.js:4164:14)
      at HTMLUnknownElement.callTheUserObjectsOperation (node_modules/jsdom/lib/jsdom/living/generated/EventListener.js:26:30)
      at innerInvokeEventListeners (node_modules/jsdom/lib/jsdom/living/events/EventTarget-impl.js:350:25)
      at invokeEventListeners (node_modules/jsdom/lib/jsdom/living/events/EventTarget-impl.js:286:3)
      at HTMLUnknownElementImpl._dispatch (node_modules/jsdom/lib/jsdom/living/events/EventTarget-impl.js:233:9)
      at HTMLUnknownElementImpl.dispatchEvent (node_modules/jsdom/lib/jsdom/living/events/EventTarget-impl.js:104:17)
      at HTMLUnknownElement.dispatchEvent (node_modules/jsdom/lib/jsdom/living/generated/EventTarget.js:241:34)
      at Object.invokeGuardedCallbackDev (node_modules/react-dom/cjs/react-dom.development.js:4213:16)
      at invokeGuardedCallback (node_modules/react-dom/cjs/react-dom.development.js:4277:31)
      at beginWork$1 (node_modules/react-dom/cjs/react-dom.development.js:27490:7)
      at performUnitOfWork (node_modules/react-dom/cjs/react-dom.development.js:26599:12)
      at workLoopSync (node_modules/react-dom/cjs/react-dom.development.js:26505:5)
      at renderRootSync (node_modules/react-dom/cjs/react-dom.development.js:26473:7)
      at recoverFromConcurrentError (node_modules/react-dom/cjs/react-dom.development.js:25889:20)
      at performConcurrentWorkOnRoot (node_modules/react-dom/cjs/react-dom.development.js:25789:22)
      at flushActQueue (node_modules/react/cjs/react.development.js:2667:24)
      at act (node_modules/react/cjs/react.development.js:2582:11)
      at node_modules/@testing-library/react/dist/act-compat.js:46:25
      at renderRoot (node_modules/@testing-library/react/dist/pure.js:189:26)
      at render (node_modules/@testing-library/react/dist/pure.js:291:10)
      at Object.<anonymous> (src/__tests__/finance.test.tsx:67:11)

  console.error
    Error: Uncaught [TypeError: Cannot read properties of null (reading 'useState')]
        at reportException (C:\Users\zaida\OneDrive\Desktop\sanad-property - Copy - Copy\frontend\node_modules\jsdom\lib\jsdom\living\helpers\runtime-script-errors.js:66:24)
        at innerInvokeEventListeners (C:\Users\zaida\OneDrive\Desktop\sanad-property - Copy - Copy\frontend\node_modules\jsdom\lib\jsdom\living\events\EventTarget-impl.js:353:9)
        at invokeEventListeners (C:\Users\zaida\OneDrive\Desktop\sanad-property - Copy - Copy\frontend\node_modules\jsdom\lib\jsdom\living\events\EventTarget-impl.js:286:3)
        at HTMLUnknownElementImpl._dispatch (C:\Users\zaida\OneDrive\Desktop\sanad-property - Copy - Copy\frontend\node_modules\jsdom\lib\jsdom\living\events\EventTarget-impl.js:233:9)
        at HTMLUnknownElementImpl.dispatchEvent (C:\Users\zaida\OneDrive\Desktop\sanad-property - Copy - Copy\frontend\node_modules\jsdom\lib\jsdom\living\events\EventTarget-impl.js:104:17)
        at HTMLUnknownElement.dispatchEvent (C:\Users\zaida\OneDrive\Desktop\sanad-property - Copy - Copy\frontend\node_modules\jsdom\lib\jsdom\living\generated\EventTarget.js:241:34)
        at Object.invokeGuardedCallbackDev (C:\Users\zaida\OneDrive\Desktop\sanad-property - Copy - Copy\frontend\node_modules\react-dom\cjs\react-dom.development.js:4213:16)
        at invokeGuardedCallback (C:\Users\zaida\OneDrive\Desktop\sanad-property - Copy - Copy\frontend\node_modules\react-dom\cjs\react-dom.development.js:4277:31)
        at beginWork$1 (C:\Users\zaida\OneDrive\Desktop\sanad-property - Copy - Copy\frontend\node_modules\react-dom\cjs\react-dom.development.js:27490:7)
        at performUnitOfWork (C:\Users\zaida\OneDrive\Desktop\sanad-property - Copy - Copy\frontend\node_modules\react-dom\cjs\react-dom.development.js:26599:12)
        at workLoopSync (C:\Users\zaida\OneDrive\Desktop\sanad-property - Copy - Copy\frontend\node_modules\react-dom\cjs\react-dom.development.js:26505:5)
        at renderRootSync (C:\Users\zaida\OneDrive\Desktop\sanad-property - Copy - Copy\frontend\node_modules\react-dom\cjs\react-dom.development.js:26473:7)
        at recoverFromConcurrentError (C:\Users\zaida\OneDrive\Desktop\sanad-property - Copy - Copy\frontend\node_modules\react-dom\cjs\react-dom.development.js:25889:20)
        at performConcurrentWorkOnRoot (C:\Users\zaida\OneDrive\Desktop\sanad-property - Copy - Copy\frontend\node_modules\react-dom\cjs\react-dom.development.js:25789:22)
        at flushActQueue (C:\Users\zaida\OneDrive\Desktop\sanad-property - Copy - Copy\frontend\node_modules\react\cjs\react.development.js:2667:24)
        at act (C:\Users\zaida\OneDrive\Desktop\sanad-property - Copy - Copy\frontend\node_modules\react\cjs\react.development.js:2582:11)
        at C:\Users\zaida\OneDrive\Desktop\sanad-property - Copy - Copy\frontend\node_modules\@testing-library\react\dist\act-compat.js:46:25
        at renderRoot (C:\Users\zaida\OneDrive\Desktop\sanad-property - Copy - Copy\frontend\node_modules\@testing-library\react\dist\pure.js:189:26)
        at render (C:\Users\zaida\OneDrive\Desktop\sanad-property - Copy - Copy\frontend\node_modules\@testing-library\react\dist\pure.js:291:10)
        at Object.<anonymous> (C:\Users\zaida\OneDrive\Desktop\sanad-property - Copy - Copy\frontend\src\__tests__\finance.test.tsx:67:11)
        at Promise.finally.completed (C:\Users\zaida\OneDrive\Desktop\sanad-property - Copy - Copy\frontend\node_modules\jest-circus\build\jestAdapterInit.js:1557:28)
        at new Promise (<anonymous>)
        at callAsyncCircusFn (C:\Users\zaida\OneDrive\Desktop\sanad-property - Copy - Copy\frontend\node_modules\jest-circus\build\jestAdapterInit.js:1497:10)
        at _callCircusTest (C:\Users\zaida\OneDrive\Desktop\sanad-property - Copy - Copy\frontend\node_modules\jest-circus\build\jestAdapterInit.js:1007:40)
        at processTicksAndRejections (node:internal/process/task_queues:105:5)
        at _runTest (C:\Users\zaida\OneDrive\Desktop\sanad-property - Copy - Copy\frontend\node_modules\jest-circus\build\jestAdapterInit.js:947:3)
        at C:\Users\zaida\OneDrive\Desktop\sanad-property - Copy - Copy\frontend\node_modules\jest-circus\build\jestAdapterInit.js:849:7
        at _runTestsForDescribeBlock (C:\Users\zaida\OneDrive\Desktop\sanad-property - Copy - Copy\frontend\node_modules\jest-circus\build\jestAdapterInit.js:862:11)
        at _runTestsForDescribeBlock (C:\Users\zaida\OneDrive\Desktop\sanad-property - Copy - Copy\frontend\node_modules\jest-circus\build\jestAdapterInit.js:857:11)
        at run (C:\Users\zaida\OneDrive\Desktop\sanad-property - Copy - Copy\frontend\node_modules\jest-circus\build\jestAdapterInit.js:761:3)
        at runAndTransformResultsToJestFormat (C:\Users\zaida\OneDrive\Desktop\sanad-property - Copy - Copy\frontend\node_modules\jest-circus\build\jestAdapterInit.js:1918:21)
        at jestAdapter (C:\Users\zaida\OneDrive\Desktop\sanad-property - Copy - Copy\frontend\node_modules\jest-circus\build\runner.js:101:19)
        at runTestInternal (C:\Users\zaida\OneDrive\Desktop\sanad-property - Copy - Copy\frontend\node_modules\jest-runner\build\index.js:275:16)
        at runTest (C:\Users\zaida\OneDrive\Desktop\sanad-property - Copy - Copy\frontend\node_modules\jest-runner\build\index.js:343:7) {
      detail: TypeError: Cannot read properties of null (reading 'useState')
          at useState (C:\Users\zaida\OneDrive\Desktop\sanad-property - Copy - Copy\frontend\node_modules\react\cjs\react.development.js:1622:21)
          at NewJournalEntryPage (C:\Users\zaida\OneDrive\Desktop\sanad-property - Copy - Copy\frontend\src\app\dashboard\finance\journal-entries\new\page.tsx:19:43)
          at renderWithHooks (C:\Users\zaida\OneDrive\Desktop\sanad-property - Copy - Copy\frontend\node_modules\react-dom\cjs\react-dom.development.js:15486:18)
          at mountIndeterminateComponent (C:\Users\zaida\OneDrive\Desktop\sanad-property - Copy - Copy\frontend\node_modules\react-dom\cjs\react-dom.development.js:20103:13)
          at beginWork (C:\Users\zaida\OneDrive\Desktop\sanad-property - Copy - Copy\frontend\node_modules\react-dom\cjs\react-dom.development.js:21626:16)
          at HTMLUnknownElement.callCallback (C:\Users\zaida\OneDrive\Desktop\sanad-property - Copy - Copy\frontend\node_modules\react-dom\cjs\react-dom.development.js:4164:14)
          at HTMLUnknownElement.callTheUserObjectsOperation (C:\Users\zaida\OneDrive\Desktop\sanad-property - Copy - Copy\frontend\node_modules\jsdom\lib\jsdom\living\generated\EventListener.js:26:30)
          at innerInvokeEventListeners (C:\Users\zaida\OneDrive\Desktop\sanad-property - Copy - Copy\frontend\node_modules\jsdom\lib\jsdom\living\events\EventTarget-impl.js:350:25)
          at invokeEventListeners (C:\Users\zaida\OneDrive\Desktop\sanad-property - Copy - Copy\frontend\node_modules\jsdom\lib\jsdom\living\events\EventTarget-impl.js:286:3)
          at HTMLUnknownElementImpl._dispatch (C:\Users\zaida\OneDrive\Desktop\sanad-property - Copy - Copy\frontend\node_modules\jsdom\lib\jsdom\living\events\EventTarget-impl.js:233:9)
          at HTMLUnknownElementImpl.dispatchEvent (C:\Users\zaida\OneDrive\Desktop\sanad-property - Copy - Copy\frontend\node_modules\jsdom\lib\jsdom\living\events\EventTarget-impl.js:104:17)
          at HTMLUnknownElement.dispatchEvent (C:\Users\zaida\OneDrive\Desktop\sanad-property - Copy - Copy\frontend\node_modules\jsdom\lib\jsdom\living\generated\EventTarget.js:241:34)
          at Object.invokeGuardedCallbackDev (C:\Users\zaida\OneDrive\Desktop\sanad-property - Copy - Copy\frontend\node_modules\react-dom\cjs\react-dom.development.js:4213:16)
          at invokeGuardedCallback (C:\Users\zaida\OneDrive\Desktop\sanad-property - Copy - Copy\frontend\node_modules\react-dom\cjs\react-dom.development.js:4277:31)
          at beginWork$1 (C:\Users\zaida\OneDrive\Desktop\sanad-property - Copy - Copy\frontend\node_modules\react-dom\cjs\react-dom.development.js:27490:7)
          at performUnitOfWork (C:\Users\zaida\OneDrive\Desktop\sanad-property - Copy - Copy\frontend\node_modules\react-dom\cjs\react-dom.development.js:26599:12)
          at workLoopSync (C:\Users\zaida\OneDrive\Desktop\sanad-property - Copy - Copy\frontend\node_modules\react-dom\cjs\react-dom.development.js:26505:5)
          at renderRootSync (C:\Users\zaida\OneDrive\Desktop\sanad-property - Copy - Copy\frontend\node_modules\react-dom\cjs\react-dom.development.js:26473:7)
          at recoverFromConcurrentError (C:\Users\zaida\OneDrive\Desktop\sanad-property - Copy - Copy\frontend\node_modules\react-dom\cjs\react-dom.development.js:25889:20)
          at performConcurrentWorkOnRoot (C:\Users\zaida\OneDrive\Desktop\sanad-property - Copy - Copy\frontend\node_modules\react-dom\cjs\react-dom.development.js:25789:22)
          at flushActQueue (C:\Users\zaida\OneDrive\Desktop\sanad-property - Copy - Copy\frontend\node_modules\react\cjs\react.development.js:2667:24)
          at act (C:\Users\zaida\OneDrive\Desktop\sanad-property - Copy - Copy\frontend\node_modules\react\cjs\react.development.js:2582:11)
          at C:\Users\zaida\OneDrive\Desktop\sanad-property - Copy - Copy\frontend\node_modules\@testing-library\react\dist\act-compat.js:46:25
          at renderRoot (C:\Users\zaida\OneDrive\Desktop\sanad-property - Copy - Copy\frontend\node_modules\@testing-library\react\dist\pure.js:189:26)
          at render (C:\Users\zaida\OneDrive\Desktop\sanad-property - Copy - Copy\frontend\node_modules\@testing-library\react\dist\pure.js:291:10)
          at Object.<anonymous> (C:\Users\zaida\OneDrive\Desktop\sanad-property - Copy - Copy\frontend\src\__tests__\finance.test.tsx:67:11)
          at Promise.finally.completed (C:\Users\zaida\OneDrive\Desktop\sanad-property - Copy - Copy\frontend\node_modules\jest-circus\build\jestAdapterInit.js:1557:28)
          at new Promise (<anonymous>)
          at callAsyncCircusFn (C:\Users\zaida\OneDrive\Desktop\sanad-property - Copy - Copy\frontend\node_modules\jest-circus\build\jestAdapterInit.js:1497:10)
          at _callCircusTest (C:\Users\zaida\OneDrive\Desktop\sanad-property - Copy - Copy\frontend\node_modules\jest-circus\build\jestAdapterInit.js:1007:40)
          at processTicksAndRejections (node:internal/process/task_queues:105:5)
          at _runTest (C:\Users\zaida\OneDrive\Desktop\sanad-property - Copy - Copy\frontend\node_modules\jest-circus\build\jestAdapterInit.js:947:3)
          at C:\Users\zaida\OneDrive\Desktop\sanad-property - Copy - Copy\frontend\node_modules\jest-circus\build\jestAdapterInit.js:849:7
          at _runTestsForDescribeBlock (C:\Users\zaida\OneDrive\Desktop\sanad-property - Copy - Copy\frontend\node_modules\jest-circus\build\jestAdapterInit.js:862:11)
          at _runTestsForDescribeBlock (C:\Users\zaida\OneDrive\Desktop\sanad-property - Copy - Copy\frontend\node_modules\jest-circus\build\jestAdapterInit.js:857:11)
          at run (C:\Users\zaida\OneDrive\Desktop\sanad-property - Copy - Copy\frontend\node_modules\jest-circus\build\jestAdapterInit.js:761:3)
          at runAndTransformResultsToJestFormat (C:\Users\zaida\OneDrive\Desktop\sanad-property - Copy - Copy\frontend\node_modules\jest-circus\build\jestAdapterInit.js:1918:21)
          at jestAdapter (C:\Users\zaida\OneDrive\Desktop\sanad-property - Copy - Copy\frontend\node_modules\jest-circus\build\runner.js:101:19)
          at runTestInternal (C:\Users\zaida\OneDrive\Desktop\sanad-property - Copy - Copy\frontend\node_modules\jest-runner\build\index.js:275:16)
          at runTest (C:\Users\zaida\OneDrive\Desktop\sanad-property - Copy - Copy\frontend\node_modules\jest-runner\build\index.js:343:7),
      type: 'unhandled exception'
    }

    [0m [90m 65 |[39m
     [90m 66 |[39m   it([32m'submit button is disabled when debits ظëب credits'[39m[33m,[39m [36masync[39m () [33m=>[39m {
    [31m[1m>[22m[39m[90m 67 |[39m     render([33m<[39m[33mNewJournalEntryPage[39m [33m/[39m[33m>[39m)[33m;[39m
     [90m    |[39m           [31m[1m^[22m[39m
     [90m 68 |[39m     
     [90m 69 |[39m     [36mconst[39m submitBtn [33m=[39m screen[33m.[39mgetByTestId([32m'submit-btn'[39m)[33m;[39m
     [90m 70 |[39m     expect(submitBtn)[33m.[39mtoBeDisabled()[33m;[39m[0m

      at VirtualConsole.<anonymous> (node_modules/@jest/environment-jsdom-abstract/build/index.js:87:23)
      at reportException (node_modules/jsdom/lib/jsdom/living/helpers/runtime-script-errors.js:70:28)
      at innerInvokeEventListeners (node_modules/jsdom/lib/jsdom/living/events/EventTarget-impl.js:353:9)
      at invokeEventListeners (node_modules/jsdom/lib/jsdom/living/events/EventTarget-impl.js:286:3)
      at HTMLUnknownElementImpl._dispatch (node_modules/jsdom/lib/jsdom/living/events/EventTarget-impl.js:233:9)
      at HTMLUnknownElementImpl.dispatchEvent (node_modules/jsdom/lib/jsdom/living/events/EventTarget-impl.js:104:17)
      at HTMLUnknownElement.dispatchEvent (node_modules/jsdom/lib/jsdom/living/generated/EventTarget.js:241:34)
      at Object.invokeGuardedCallbackDev (node_modules/react-dom/cjs/react-dom.development.js:4213:16)
      at invokeGuardedCallback (node_modules/react-dom/cjs/react-dom.development.js:4277:31)
      at beginWork$1 (node_modules/react-dom/cjs/react-dom.development.js:27490:7)
      at performUnitOfWork (node_modules/react-dom/cjs/react-dom.development.js:26599:12)
      at workLoopSync (node_modules/react-dom/cjs/react-dom.development.js:26505:5)
      at renderRootSync (node_modules/react-dom/cjs/react-dom.development.js:26473:7)
      at recoverFromConcurrentError (node_modules/react-dom/cjs/react-dom.development.js:25889:20)
      at performConcurrentWorkOnRoot (node_modules/react-dom/cjs/react-dom.development.js:25789:22)
      at flushActQueue (node_modules/react/cjs/react.development.js:2667:24)
      at act (node_modules/react/cjs/react.development.js:2582:11)
      at node_modules/@testing-library/react/dist/act-compat.js:46:25
      at renderRoot (node_modules/@testing-library/react/dist/pure.js:189:26)
      at render (node_modules/@testing-library/react/dist/pure.js:291:10)
      at Object.<anonymous> (src/__tests__/finance.test.tsx:67:11)

  console.error
    The above error occurred in the <NewJournalEntryPage> component:
    
        at NewJournalEntryPage (C:\Users\zaida\OneDrive\Desktop\sanad-property - Copy - Copy\frontend\src\app\dashboard\finance\journal-entries\new\page.tsx:19:43)
    
    Consider adding an error boundary to your tree to customize error handling behavior.
    Visit https://reactjs.org/link/error-boundaries to learn more about error boundaries.

    [0m [90m 65 |[39m
     [90m 66 |[39m   it([32m'submit button is disabled when debits ظëب credits'[39m[33m,[39m [36masync[39m () [33m=>[39m {
    [31m[1m>[22m[39m[90m 67 |[39m     render([33m<[39m[33mNewJournalEntryPage[39m [33m/[39m[33m>[39m)[33m;[39m
     [90m    |[39m           [31m[1m^[22m[39m
     [90m 68 |[39m     
     [90m 69 |[39m     [36mconst[39m submitBtn [33m=[39m screen[33m.[39mgetByTestId([32m'submit-btn'[39m)[33m;[39m
     [90m 70 |[39m     expect(submitBtn)[33m.[39mtoBeDisabled()[33m;[39m[0m

      at logCapturedError (node_modules/react-dom/cjs/react-dom.development.js:18704:23)
      at update.callback (node_modules/react-dom/cjs/react-dom.development.js:18737:5)
      at callCallback (node_modules/react-dom/cjs/react-dom.development.js:15036:12)
      at commitUpdateQueue (node_modules/react-dom/cjs/react-dom.development.js:15057:9)
      at commitLayoutEffectOnFiber (node_modules/react-dom/cjs/react-dom.development.js:23430:13)
      at commitLayoutMountEffects_complete (node_modules/react-dom/cjs/react-dom.development.js:24727:9)
      at commitLayoutEffects_begin (node_modules/react-dom/cjs/react-dom.development.js:24713:7)
      at commitLayoutEffects (node_modules/react-dom/cjs/react-dom.development.js:24651:3)
      at commitRootImpl (node_modules/react-dom/cjs/react-dom.development.js:26862:5)
      at commitRoot (node_modules/react-dom/cjs/react-dom.development.js:26721:5)
      at finishConcurrentRender (node_modules/react-dom/cjs/react-dom.development.js:25931:9)
      at performConcurrentWorkOnRoot (node_modules/react-dom/cjs/react-dom.development.js:25848:7)
      at flushActQueue (node_modules/react/cjs/react.development.js:2667:24)
      at act (node_modules/react/cjs/react.development.js:2582:11)
      at node_modules/@testing-library/react/dist/act-compat.js:46:25
      at renderRoot (node_modules/@testing-library/react/dist/pure.js:189:26)
      at render (node_modules/@testing-library/react/dist/pure.js:291:10)
      at Object.<anonymous> (src/__tests__/finance.test.tsx:67:11)

  console.error
    Warning: Invalid hook call. Hooks can only be called inside of the body of a function component. This could happen for one of the following reasons:
    1. You might have mismatching versions of React and the renderer (such as React DOM)
    2. You might be breaking the Rules of Hooks
    3. You might have more than one copy of React in the same app
    See https://reactjs.org/link/invalid-hook-call for tips about how to debug and fix this problem.

    [0m [90m 17 |[39m [36mexport[39m [36mdefault[39m [36mfunction[39m [33mNewJournalEntryPage[39m() {
     [90m 18 |[39m   [36mconst[39m router [33m=[39m useRouter()[33m;[39m
    [31m[1m>[22m[39m[90m 19 |[39m   [36mconst[39m [accounts[33m,[39m setAccounts] [33m=[39m useState[33m<[39m[33mAccount[39m[][33m>[39m([])[33m;[39m
     [90m    |[39m                                           [31m[1m^[22m[39m
     [90m 20 |[39m   [36mconst[39m [date[33m,[39m setDate] [33m=[39m useState([36mnew[39m [33mDate[39m()[33m.[39mtoISOString()[33m.[39mslice([35m0[39m[33m,[39m [35m10[39m))[33m;[39m
     [90m 21 |[39m   [36mconst[39m [description[33m,[39m setDescription] [33m=[39m useState([32m''[39m)[33m;[39m
     [90m 22 |[39m   [36mconst[39m [notes[33m,[39m setNotes] [33m=[39m useState([32m''[39m)[33m;[39m[0m

      at printWarning (node_modules/react/cjs/react.development.js:209:30)
      at error (node_modules/react/cjs/react.development.js:183:7)
      at resolveDispatcher (node_modules/react/cjs/react.development.js:1592:7)
      at useState (node_modules/react/cjs/react.development.js:1621:20)
      at NewJournalEntryPage (src/app/dashboard/finance/journal-entries/new/page.tsx:19:43)
      at renderWithHooks (node_modules/react-dom/cjs/react-dom.development.js:15486:18)
      at mountIndeterminateComponent (node_modules/react-dom/cjs/react-dom.development.js:20103:13)
      at beginWork (node_modules/react-dom/cjs/react-dom.development.js:21626:16)
      at beginWork$1 (node_modules/react-dom/cjs/react-dom.development.js:27465:14)
      at performUnitOfWork (node_modules/react-dom/cjs/react-dom.development.js:26599:12)
      at workLoopSync (node_modules/react-dom/cjs/react-dom.development.js:26505:5)
      at renderRootSync (node_modules/react-dom/cjs/react-dom.development.js:26473:7)
      at performConcurrentWorkOnRoot (node_modules/react-dom/cjs/react-dom.development.js:25777:74)
      at flushActQueue (node_modules/react/cjs/react.development.js:2667:24)
      at act (node_modules/react/cjs/react.development.js:2582:11)
      at node_modules/@testing-library/react/dist/act-compat.js:46:25
      at renderRoot (node_modules/@testing-library/react/dist/pure.js:189:26)
      at render (node_modules/@testing-library/react/dist/pure.js:291:10)
      at Object.<anonymous> (src/__tests__/finance.test.tsx:74:11)

  console.error
    Warning: Invalid hook call. Hooks can only be called inside of the body of a function component. This could happen for one of the following reasons:
    1. You might have mismatching versions of React and the renderer (such as React DOM)
    2. You might be breaking the Rules of Hooks
    3. You might have more than one copy of React in the same app
    See https://reactjs.org/link/invalid-hook-call for tips about how to debug and fix this problem.

    [0m [90m 17 |[39m [36mexport[39m [36mdefault[39m [36mfunction[39m [33mNewJournalEntryPage[39m() {
     [90m 18 |[39m   [36mconst[39m router [33m=[39m useRouter()[33m;[39m
    [31m[1m>[22m[39m[90m 19 |[39m   [36mconst[39m [accounts[33m,[39m setAccounts] [33m=[39m useState[33m<[39m[33mAccount[39m[][33m>[39m([])[33m;[39m
     [90m    |[39m                                           [31m[1m^[22m[39m
     [90m 20 |[39m   [36mconst[39m [date[33m,[39m setDate] [33m=[39m useState([36mnew[39m [33mDate[39m()[33m.[39mtoISOString()[33m.[39mslice([35m0[39m[33m,[39m [35m10[39m))[33m;[39m
     [90m 21 |[39m   [36mconst[39m [description[33m,[39m setDescription] [33m=[39m useState([32m''[39m)[33m;[39m
     [90m 22 |[39m   [36mconst[39m [notes[33m,[39m setNotes] [33m=[39m useState([32m''[39m)[33m;[39m[0m

      at printWarning (node_modules/react/cjs/react.development.js:209:30)
      at error (node_modules/react/cjs/react.development.js:183:7)
      at resolveDispatcher (node_modules/react/cjs/react.development.js:1592:7)
      at useState (node_modules/react/cjs/react.development.js:1621:20)
      at NewJournalEntryPage (src/app/dashboard/finance/journal-entries/new/page.tsx:19:43)
      at renderWithHooks (node_modules/react-dom/cjs/react-dom.development.js:15486:18)
      at mountIndeterminateComponent (node_modules/react-dom/cjs/react-dom.development.js:20103:13)
      at beginWork (node_modules/react-dom/cjs/react-dom.development.js:21626:16)
      at HTMLUnknownElement.callCallback (node_modules/react-dom/cjs/react-dom.development.js:4164:14)
      at HTMLUnknownElement.callTheUserObjectsOperation (node_modules/jsdom/lib/jsdom/living/generated/EventListener.js:26:30)
      at innerInvokeEventListeners (node_modules/jsdom/lib/jsdom/living/events/EventTarget-impl.js:350:25)
      at invokeEventListeners (node_modules/jsdom/lib/jsdom/living/events/EventTarget-impl.js:286:3)
      at HTMLUnknownElementImpl._dispatch (node_modules/jsdom/lib/jsdom/living/events/EventTarget-impl.js:233:9)
      at HTMLUnknownElementImpl.dispatchEvent (node_modules/jsdom/lib/jsdom/living/events/EventTarget-impl.js:104:17)
      at HTMLUnknownElement.dispatchEvent (node_modules/jsdom/lib/jsdom/living/generated/EventTarget.js:241:34)
      at Object.invokeGuardedCallbackDev (node_modules/react-dom/cjs/react-dom.development.js:4213:16)
      at invokeGuardedCallback (node_modules/react-dom/cjs/react-dom.development.js:4277:31)
      at beginWork$1 (node_modules/react-dom/cjs/react-dom.development.js:27490:7)
      at performUnitOfWork (node_modules/react-dom/cjs/react-dom.development.js:26599:12)
      at workLoopSync (node_modules/react-dom/cjs/react-dom.development.js:26505:5)
      at renderRootSync (node_modules/react-dom/cjs/react-dom.development.js:26473:7)
      at performConcurrentWorkOnRoot (node_modules/react-dom/cjs/react-dom.development.js:25777:74)
      at flushActQueue (node_modules/react/cjs/react.development.js:2667:24)
      at act (node_modules/react/cjs/react.development.js:2582:11)
      at node_modules/@testing-library/react/dist/act-compat.js:46:25
      at renderRoot (node_modules/@testing-library/react/dist/pure.js:189:26)
      at render (node_modules/@testing-library/react/dist/pure.js:291:10)
      at Object.<anonymous> (src/__tests__/finance.test.tsx:74:11)

  console.error
    Error: Uncaught [TypeError: Cannot read properties of null (reading 'useState')]
        at reportException (C:\Users\zaida\OneDrive\Desktop\sanad-property - Copy - Copy\frontend\node_modules\jsdom\lib\jsdom\living\helpers\runtime-script-errors.js:66:24)
        at innerInvokeEventListeners (C:\Users\zaida\OneDrive\Desktop\sanad-property - Copy - Copy\frontend\node_modules\jsdom\lib\jsdom\living\events\EventTarget-impl.js:353:9)
        at invokeEventListeners (C:\Users\zaida\OneDrive\Desktop\sanad-property - Copy - Copy\frontend\node_modules\jsdom\lib\jsdom\living\events\EventTarget-impl.js:286:3)
        at HTMLUnknownElementImpl._dispatch (C:\Users\zaida\OneDrive\Desktop\sanad-property - Copy - Copy\frontend\node_modules\jsdom\lib\jsdom\living\events\EventTarget-impl.js:233:9)
        at HTMLUnknownElementImpl.dispatchEvent (C:\Users\zaida\OneDrive\Desktop\sanad-property - Copy - Copy\frontend\node_modules\jsdom\lib\jsdom\living\events\EventTarget-impl.js:104:17)
        at HTMLUnknownElement.dispatchEvent (C:\Users\zaida\OneDrive\Desktop\sanad-property - Copy - Copy\frontend\node_modules\jsdom\lib\jsdom\living\generated\EventTarget.js:241:34)
        at Object.invokeGuardedCallbackDev (C:\Users\zaida\OneDrive\Desktop\sanad-property - Copy - Copy\frontend\node_modules\react-dom\cjs\react-dom.development.js:4213:16)
        at invokeGuardedCallback (C:\Users\zaida\OneDrive\Desktop\sanad-property - Copy - Copy\frontend\node_modules\react-dom\cjs\react-dom.development.js:4277:31)
        at beginWork$1 (C:\Users\zaida\OneDrive\Desktop\sanad-property - Copy - Copy\frontend\node_modules\react-dom\cjs\react-dom.development.js:27490:7)
        at performUnitOfWork (C:\Users\zaida\OneDrive\Desktop\sanad-property - Copy - Copy\frontend\node_modules\react-dom\cjs\react-dom.development.js:26599:12)
        at workLoopSync (C:\Users\zaida\OneDrive\Desktop\sanad-property - Copy - Copy\frontend\node_modules\react-dom\cjs\react-dom.development.js:26505:5)
        at renderRootSync (C:\Users\zaida\OneDrive\Desktop\sanad-property - Copy - Copy\frontend\node_modules\react-dom\cjs\react-dom.development.js:26473:7)
        at performConcurrentWorkOnRoot (C:\Users\zaida\OneDrive\Desktop\sanad-property - Copy - Copy\frontend\node_modules\react-dom\cjs\react-dom.development.js:25777:74)
        at flushActQueue (C:\Users\zaida\OneDrive\Desktop\sanad-property - Copy - Copy\frontend\node_modules\react\cjs\react.development.js:2667:24)
        at act (C:\Users\zaida\OneDrive\Desktop\sanad-property - Copy - Copy\frontend\node_modules\react\cjs\react.development.js:2582:11)
        at C:\Users\zaida\OneDrive\Desktop\sanad-property - Copy - Copy\frontend\node_modules\@testing-library\react\dist\act-compat.js:46:25
        at renderRoot (C:\Users\zaida\OneDrive\Desktop\sanad-property - Copy - Copy\frontend\node_modules\@testing-library\react\dist\pure.js:189:26)
        at render (C:\Users\zaida\OneDrive\Desktop\sanad-property - Copy - Copy\frontend\node_modules\@testing-library\react\dist\pure.js:291:10)
        at Object.<anonymous> (C:\Users\zaida\OneDrive\Desktop\sanad-property - Copy - Copy\frontend\src\__tests__\finance.test.tsx:74:11)
        at Promise.finally.completed (C:\Users\zaida\OneDrive\Desktop\sanad-property - Copy - Copy\frontend\node_modules\jest-circus\build\jestAdapterInit.js:1557:28)
        at new Promise (<anonymous>)
        at callAsyncCircusFn (C:\Users\zaida\OneDrive\Desktop\sanad-property - Copy - Copy\frontend\node_modules\jest-circus\build\jestAdapterInit.js:1497:10)
        at _callCircusTest (C:\Users\zaida\OneDrive\Desktop\sanad-property - Copy - Copy\frontend\node_modules\jest-circus\build\jestAdapterInit.js:1007:40)
        at processTicksAndRejections (node:internal/process/task_queues:105:5)
        at _runTest (C:\Users\zaida\OneDrive\Desktop\sanad-property - Copy - Copy\frontend\node_modules\jest-circus\build\jestAdapterInit.js:947:3)
        at C:\Users\zaida\OneDrive\Desktop\sanad-property - Copy - Copy\frontend\node_modules\jest-circus\build\jestAdapterInit.js:849:7
        at _runTestsForDescribeBlock (C:\Users\zaida\OneDrive\Desktop\sanad-property - Copy - Copy\frontend\node_modules\jest-circus\build\jestAdapterInit.js:862:11)
        at _runTestsForDescribeBlock (C:\Users\zaida\OneDrive\Desktop\sanad-property - Copy - Copy\frontend\node_modules\jest-circus\build\jestAdapterInit.js:857:11)
        at run (C:\Users\zaida\OneDrive\Desktop\sanad-property - Copy - Copy\frontend\node_modules\jest-circus\build\jestAdapterInit.js:761:3)
        at runAndTransformResultsToJestFormat (C:\Users\zaida\OneDrive\Desktop\sanad-property - Copy - Copy\frontend\node_modules\jest-circus\build\jestAdapterInit.js:1918:21)
        at jestAdapter (C:\Users\zaida\OneDrive\Desktop\sanad-property - Copy - Copy\frontend\node_modules\jest-circus\build\runner.js:101:19)
        at runTestInternal (C:\Users\zaida\OneDrive\Desktop\sanad-property - Copy - Copy\frontend\node_modules\jest-runner\build\index.js:275:16)
        at runTest (C:\Users\zaida\OneDrive\Desktop\sanad-property - Copy - Copy\frontend\node_modules\jest-runner\build\index.js:343:7) {
      detail: TypeError: Cannot read properties of null (reading 'useState')
          at useState (C:\Users\zaida\OneDrive\Desktop\sanad-property - Copy - Copy\frontend\node_modules\react\cjs\react.development.js:1622:21)
          at NewJournalEntryPage (C:\Users\zaida\OneDrive\Desktop\sanad-property - Copy - Copy\frontend\src\app\dashboard\finance\journal-entries\new\page.tsx:19:43)
          at renderWithHooks (C:\Users\zaida\OneDrive\Desktop\sanad-property - Copy - Copy\frontend\node_modules\react-dom\cjs\react-dom.development.js:15486:18)
          at mountIndeterminateComponent (C:\Users\zaida\OneDrive\Desktop\sanad-property - Copy - Copy\frontend\node_modules\react-dom\cjs\react-dom.development.js:20103:13)
          at beginWork (C:\Users\zaida\OneDrive\Desktop\sanad-property - Copy - Copy\frontend\node_modules\react-dom\cjs\react-dom.development.js:21626:16)
          at HTMLUnknownElement.callCallback (C:\Users\zaida\OneDrive\Desktop\sanad-property - Copy - Copy\frontend\node_modules\react-dom\cjs\react-dom.development.js:4164:14)
          at HTMLUnknownElement.callTheUserObjectsOperation (C:\Users\zaida\OneDrive\Desktop\sanad-property - Copy - Copy\frontend\node_modules\jsdom\lib\jsdom\living\generated\EventListener.js:26:30)
          at innerInvokeEventListeners (C:\Users\zaida\OneDrive\Desktop\sanad-property - Copy - Copy\frontend\node_modules\jsdom\lib\jsdom\living\events\EventTarget-impl.js:350:25)
          at invokeEventListeners (C:\Users\zaida\OneDrive\Desktop\sanad-property - Copy - Copy\frontend\node_modules\jsdom\lib\jsdom\living\events\EventTarget-impl.js:286:3)
          at HTMLUnknownElementImpl._dispatch (C:\Users\zaida\OneDrive\Desktop\sanad-property - Copy - Copy\frontend\node_modules\jsdom\lib\jsdom\living\events\EventTarget-impl.js:233:9)
          at HTMLUnknownElementImpl.dispatchEvent (C:\Users\zaida\OneDrive\Desktop\sanad-property - Copy - Copy\frontend\node_modules\jsdom\lib\jsdom\living\events\EventTarget-impl.js:104:17)
          at HTMLUnknownElement.dispatchEvent (C:\Users\zaida\OneDrive\Desktop\sanad-property - Copy - Copy\frontend\node_modules\jsdom\lib\jsdom\living\generated\EventTarget.js:241:34)
          at Object.invokeGuardedCallbackDev (C:\Users\zaida\OneDrive\Desktop\sanad-property - Copy - Copy\frontend\node_modules\react-dom\cjs\react-dom.development.js:4213:16)
          at invokeGuardedCallback (C:\Users\zaida\OneDrive\Desktop\sanad-property - Copy - Copy\frontend\node_modules\react-dom\cjs\react-dom.development.js:4277:31)
          at beginWork$1 (C:\Users\zaida\OneDrive\Desktop\sanad-property - Copy - Copy\frontend\node_modules\react-dom\cjs\react-dom.development.js:27490:7)
          at performUnitOfWork (C:\Users\zaida\OneDrive\Desktop\sanad-property - Copy - Copy\frontend\node_modules\react-dom\cjs\react-dom.development.js:26599:12)
          at workLoopSync (C:\Users\zaida\OneDrive\Desktop\sanad-property - Copy - Copy\frontend\node_modules\react-dom\cjs\react-dom.development.js:26505:5)
          at renderRootSync (C:\Users\zaida\OneDrive\Desktop\sanad-property - Copy - Copy\frontend\node_modules\react-dom\cjs\react-dom.development.js:26473:7)
          at performConcurrentWorkOnRoot (C:\Users\zaida\OneDrive\Desktop\sanad-property - Copy - Copy\frontend\node_modules\react-dom\cjs\react-dom.development.js:25777:74)
          at flushActQueue (C:\Users\zaida\OneDrive\Desktop\sanad-property - Copy - Copy\frontend\node_modules\react\cjs\react.development.js:2667:24)
          at act (C:\Users\zaida\OneDrive\Desktop\sanad-property - Copy - Copy\frontend\node_modules\react\cjs\react.development.js:2582:11)
          at C:\Users\zaida\OneDrive\Desktop\sanad-property - Copy - Copy\frontend\node_modules\@testing-library\react\dist\act-compat.js:46:25
          at renderRoot (C:\Users\zaida\OneDrive\Desktop\sanad-property - Copy - Copy\frontend\node_modules\@testing-library\react\dist\pure.js:189:26)
          at render (C:\Users\zaida\OneDrive\Desktop\sanad-property - Copy - Copy\frontend\node_modules\@testing-library\react\dist\pure.js:291:10)
          at Object.<anonymous> (C:\Users\zaida\OneDrive\Desktop\sanad-property - Copy - Copy\frontend\src\__tests__\finance.test.tsx:74:11)
          at Promise.finally.completed (C:\Users\zaida\OneDrive\Desktop\sanad-property - Copy - Copy\frontend\node_modules\jest-circus\build\jestAdapterInit.js:1557:28)
          at new Promise (<anonymous>)
          at callAsyncCircusFn (C:\Users\zaida\OneDrive\Desktop\sanad-property - Copy - Copy\frontend\node_modules\jest-circus\build\jestAdapterInit.js:1497:10)
          at _callCircusTest (C:\Users\zaida\OneDrive\Desktop\sanad-property - Copy - Copy\frontend\node_modules\jest-circus\build\jestAdapterInit.js:1007:40)
          at processTicksAndRejections (node:internal/process/task_queues:105:5)
          at _runTest (C:\Users\zaida\OneDrive\Desktop\sanad-property - Copy - Copy\frontend\node_modules\jest-circus\build\jestAdapterInit.js:947:3)
          at C:\Users\zaida\OneDrive\Desktop\sanad-property - Copy - Copy\frontend\node_modules\jest-circus\build\jestAdapterInit.js:849:7
          at _runTestsForDescribeBlock (C:\Users\zaida\OneDrive\Desktop\sanad-property - Copy - Copy\frontend\node_modules\jest-circus\build\jestAdapterInit.js:862:11)
          at _runTestsForDescribeBlock (C:\Users\zaida\OneDrive\Desktop\sanad-property - Copy - Copy\frontend\node_modules\jest-circus\build\jestAdapterInit.js:857:11)
          at run (C:\Users\zaida\OneDrive\Desktop\sanad-property - Copy - Copy\frontend\node_modules\jest-circus\build\jestAdapterInit.js:761:3)
          at runAndTransformResultsToJestFormat (C:\Users\zaida\OneDrive\Desktop\sanad-property - Copy - Copy\frontend\node_modules\jest-circus\build\jestAdapterInit.js:1918:21)
          at jestAdapter (C:\Users\zaida\OneDrive\Desktop\sanad-property - Copy - Copy\frontend\node_modules\jest-circus\build\runner.js:101:19)
          at runTestInternal (C:\Users\zaida\OneDrive\Desktop\sanad-property - Copy - Copy\frontend\node_modules\jest-runner\build\index.js:275:16)
          at runTest (C:\Users\zaida\OneDrive\Desktop\sanad-property - Copy - Copy\frontend\node_modules\jest-runner\build\index.js:343:7),
      type: 'unhandled exception'
    }

    [0m [90m 72 |[39m
     [90m 73 |[39m   it([32m'shows balance warning text when totals differ'[39m[33m,[39m [36masync[39m () [33m=>[39m {
    [31m[1m>[22m[39m[90m 74 |[39m     render([33m<[39m[33mNewJournalEntryPage[39m [33m/[39m[33m>[39m)[33m;[39m
     [90m    |[39m           [31m[1m^[22m[39m
     [90m 75 |[39m
     [90m 76 |[39m     [90m// Find debit inputs and enter unbalanced amounts[39m
     [90m 77 |[39m     [36mconst[39m debitInputs [33m=[39m document[33m.[39mquerySelectorAll([32m'input[type="number"]'[39m)[33m;[39m[0m

      at VirtualConsole.<anonymous> (node_modules/@jest/environment-jsdom-abstract/build/index.js:87:23)
      at reportException (node_modules/jsdom/lib/jsdom/living/helpers/runtime-script-errors.js:70:28)
      at innerInvokeEventListeners (node_modules/jsdom/lib/jsdom/living/events/EventTarget-impl.js:353:9)
      at invokeEventListeners (node_modules/jsdom/lib/jsdom/living/events/EventTarget-impl.js:286:3)
      at HTMLUnknownElementImpl._dispatch (node_modules/jsdom/lib/jsdom/living/events/EventTarget-impl.js:233:9)
      at HTMLUnknownElementImpl.dispatchEvent (node_modules/jsdom/lib/jsdom/living/events/EventTarget-impl.js:104:17)
      at HTMLUnknownElement.dispatchEvent (node_modules/jsdom/lib/jsdom/living/generated/EventTarget.js:241:34)
      at Object.invokeGuardedCallbackDev (node_modules/react-dom/cjs/react-dom.development.js:4213:16)
      at invokeGuardedCallback (node_modules/react-dom/cjs/react-dom.development.js:4277:31)
      at beginWork$1 (node_modules/react-dom/cjs/react-dom.development.js:27490:7)
      at performUnitOfWork (node_modules/react-dom/cjs/react-dom.development.js:26599:12)
      at workLoopSync (node_modules/react-dom/cjs/react-dom.development.js:26505:5)
      at renderRootSync (node_modules/react-dom/cjs/react-dom.development.js:26473:7)
      at performConcurrentWorkOnRoot (node_modules/react-dom/cjs/react-dom.development.js:25777:74)
      at flushActQueue (node_modules/react/cjs/react.development.js:2667:24)
      at act (node_modules/react/cjs/react.development.js:2582:11)
      at node_modules/@testing-library/react/dist/act-compat.js:46:25
      at renderRoot (node_modules/@testing-library/react/dist/pure.js:189:26)
      at render (node_modules/@testing-library/react/dist/pure.js:291:10)
      at Object.<anonymous> (src/__tests__/finance.test.tsx:74:11)

  console.error
    Warning: Invalid hook call. Hooks can only be called inside of the body of a function component. This could happen for one of the following reasons:
    1. You might have mismatching versions of React and the renderer (such as React DOM)
    2. You might be breaking the Rules of Hooks
    3. You might have more than one copy of React in the same app
    See https://reactjs.org/link/invalid-hook-call for tips about how to debug and fix this problem.

    [0m [90m 17 |[39m [36mexport[39m [36mdefault[39m [36mfunction[39m [33mNewJournalEntryPage[39m() {
     [90m 18 |[39m   [36mconst[39m router [33m=[39m useRouter()[33m;[39m
    [31m[1m>[22m[39m[90m 19 |[39m   [36mconst[39m [accounts[33m,[39m setAccounts] [33m=[39m useState[33m<[39m[33mAccount[39m[][33m>[39m([])[33m;[39m
     [90m    |[39m                                           [31m[1m^[22m[39m
     [90m 20 |[39m   [36mconst[39m [date[33m,[39m setDate] [33m=[39m useState([36mnew[39m [33mDate[39m()[33m.[39mtoISOString()[33m.[39mslice([35m0[39m[33m,[39m [35m10[39m))[33m;[39m
     [90m 21 |[39m   [36mconst[39m [description[33m,[39m setDescription] [33m=[39m useState([32m''[39m)[33m;[39m
     [90m 22 |[39m   [36mconst[39m [notes[33m,[39m setNotes] [33m=[39m useState([32m''[39m)[33m;[39m[0m

      at printWarning (node_modules/react/cjs/react.development.js:209:30)
      at error (node_modules/react/cjs/react.development.js:183:7)
      at resolveDispatcher (node_modules/react/cjs/react.development.js:1592:7)
      at useState (node_modules/react/cjs/react.development.js:1621:20)
      at NewJournalEntryPage (src/app/dashboard/finance/journal-entries/new/page.tsx:19:43)
      at renderWithHooks (node_modules/react-dom/cjs/react-dom.development.js:15486:18)
      at mountIndeterminateComponent (node_modules/react-dom/cjs/react-dom.development.js:20103:13)
      at beginWork (node_modules/react-dom/cjs/react-dom.development.js:21626:16)
      at beginWork$1 (node_modules/react-dom/cjs/react-dom.development.js:27465:14)
      at performUnitOfWork (node_modules/react-dom/cjs/react-dom.development.js:26599:12)
      at workLoopSync (node_modules/react-dom/cjs/react-dom.development.js:26505:5)
      at renderRootSync (node_modules/react-dom/cjs/react-dom.development.js:26473:7)
      at recoverFromConcurrentError (node_modules/react-dom/cjs/react-dom.development.js:25889:20)
      at performConcurrentWorkOnRoot (node_modules/react-dom/cjs/react-dom.development.js:25789:22)
      at flushActQueue (node_modules/react/cjs/react.development.js:2667:24)
      at act (node_modules/react/cjs/react.development.js:2582:11)
      at node_modules/@testing-library/react/dist/act-compat.js:46:25
      at renderRoot (node_modules/@testing-library/react/dist/pure.js:189:26)
      at render (node_modules/@testing-library/react/dist/pure.js:291:10)
      at Object.<anonymous> (src/__tests__/finance.test.tsx:74:11)

  console.error
    Warning: Invalid hook call. Hooks can only be called inside of the body of a function component. This could happen for one of the following reasons:
    1. You might have mismatching versions of React and the renderer (such as React DOM)
    2. You might be breaking the Rules of Hooks
    3. You might have more than one copy of React in the same app
    See https://reactjs.org/link/invalid-hook-call for tips about how to debug and fix this problem.

    [0m [90m 17 |[39m [36mexport[39m [36mdefault[39m [36mfunction[39m [33mNewJournalEntryPage[39m() {
     [90m 18 |[39m   [36mconst[39m router [33m=[39m useRouter()[33m;[39m
    [31m[1m>[22m[39m[90m 19 |[39m   [36mconst[39m [accounts[33m,[39m setAccounts] [33m=[39m useState[33m<[39m[33mAccount[39m[][33m>[39m([])[33m;[39m
     [90m    |[39m                                           [31m[1m^[22m[39m
     [90m 20 |[39m   [36mconst[39m [date[33m,[39m setDate] [33m=[39m useState([36mnew[39m [33mDate[39m()[33m.[39mtoISOString()[33m.[39mslice([35m0[39m[33m,[39m [35m10[39m))[33m;[39m
     [90m 21 |[39m   [36mconst[39m [description[33m,[39m setDescription] [33m=[39m useState([32m''[39m)[33m;[39m
     [90m 22 |[39m   [36mconst[39m [notes[33m,[39m setNotes] [33m=[39m useState([32m''[39m)[33m;[39m[0m

      at printWarning (node_modules/react/cjs/react.development.js:209:30)
      at error (node_modules/react/cjs/react.development.js:183:7)
      at resolveDispatcher (node_modules/react/cjs/react.development.js:1592:7)
      at useState (node_modules/react/cjs/react.development.js:1621:20)
      at NewJournalEntryPage (src/app/dashboard/finance/journal-entries/new/page.tsx:19:43)
      at renderWithHooks (node_modules/react-dom/cjs/react-dom.development.js:15486:18)
      at mountIndeterminateComponent (node_modules/react-dom/cjs/react-dom.development.js:20103:13)
      at beginWork (node_modules/react-dom/cjs/react-dom.development.js:21626:16)
      at HTMLUnknownElement.callCallback (node_modules/react-dom/cjs/react-dom.development.js:4164:14)
      at HTMLUnknownElement.callTheUserObjectsOperation (node_modules/jsdom/lib/jsdom/living/generated/EventListener.js:26:30)
      at innerInvokeEventListeners (node_modules/jsdom/lib/jsdom/living/events/EventTarget-impl.js:350:25)
      at invokeEventListeners (node_modules/jsdom/lib/jsdom/living/events/EventTarget-impl.js:286:3)
      at HTMLUnknownElementImpl._dispatch (node_modules/jsdom/lib/jsdom/living/events/EventTarget-impl.js:233:9)
      at HTMLUnknownElementImpl.dispatchEvent (node_modules/jsdom/lib/jsdom/living/events/EventTarget-impl.js:104:17)
      at HTMLUnknownElement.dispatchEvent (node_modules/jsdom/lib/jsdom/living/generated/EventTarget.js:241:34)
      at Object.invokeGuardedCallbackDev (node_modules/react-dom/cjs/react-dom.development.js:4213:16)
      at invokeGuardedCallback (node_modules/react-dom/cjs/react-dom.development.js:4277:31)
      at beginWork$1 (node_modules/react-dom/cjs/react-dom.development.js:27490:7)
      at performUnitOfWork (node_modules/react-dom/cjs/react-dom.development.js:26599:12)
      at workLoopSync (node_modules/react-dom/cjs/react-dom.development.js:26505:5)
      at renderRootSync (node_modules/react-dom/cjs/react-dom.development.js:26473:7)
      at recoverFromConcurrentError (node_modules/react-dom/cjs/react-dom.development.js:25889:20)
      at performConcurrentWorkOnRoot (node_modules/react-dom/cjs/react-dom.development.js:25789:22)
      at flushActQueue (node_modules/react/cjs/react.development.js:2667:24)
      at act (node_modules/react/cjs/react.development.js:2582:11)
      at node_modules/@testing-library/react/dist/act-compat.js:46:25
      at renderRoot (node_modules/@testing-library/react/dist/pure.js:189:26)
      at render (node_modules/@testing-library/react/dist/pure.js:291:10)
      at Object.<anonymous> (src/__tests__/finance.test.tsx:74:11)

  console.error
    Error: Uncaught [TypeError: Cannot read properties of null (reading 'useState')]
        at reportException (C:\Users\zaida\OneDrive\Desktop\sanad-property - Copy - Copy\frontend\node_modules\jsdom\lib\jsdom\living\helpers\runtime-script-errors.js:66:24)
        at innerInvokeEventListeners (C:\Users\zaida\OneDrive\Desktop\sanad-property - Copy - Copy\frontend\node_modules\jsdom\lib\jsdom\living\events\EventTarget-impl.js:353:9)
        at invokeEventListeners (C:\Users\zaida\OneDrive\Desktop\sanad-property - Copy - Copy\frontend\node_modules\jsdom\lib\jsdom\living\events\EventTarget-impl.js:286:3)
        at HTMLUnknownElementImpl._dispatch (C:\Users\zaida\OneDrive\Desktop\sanad-property - Copy - Copy\frontend\node_modules\jsdom\lib\jsdom\living\events\EventTarget-impl.js:233:9)
        at HTMLUnknownElementImpl.dispatchEvent (C:\Users\zaida\OneDrive\Desktop\sanad-property - Copy - Copy\frontend\node_modules\jsdom\lib\jsdom\living\events\EventTarget-impl.js:104:17)
        at HTMLUnknownElement.dispatchEvent (C:\Users\zaida\OneDrive\Desktop\sanad-property - Copy - Copy\frontend\node_modules\jsdom\lib\jsdom\living\generated\EventTarget.js:241:34)
        at Object.invokeGuardedCallbackDev (C:\Users\zaida\OneDrive\Desktop\sanad-property - Copy - Copy\frontend\node_modules\react-dom\cjs\react-dom.development.js:4213:16)
        at invokeGuardedCallback (C:\Users\zaida\OneDrive\Desktop\sanad-property - Copy - Copy\frontend\node_modules\react-dom\cjs\react-dom.development.js:4277:31)
        at beginWork$1 (C:\Users\zaida\OneDrive\Desktop\sanad-property - Copy - Copy\frontend\node_modules\react-dom\cjs\react-dom.development.js:27490:7)
        at performUnitOfWork (C:\Users\zaida\OneDrive\Desktop\sanad-property - Copy - Copy\frontend\node_modules\react-dom\cjs\react-dom.development.js:26599:12)
        at workLoopSync (C:\Users\zaida\OneDrive\Desktop\sanad-property - Copy - Copy\frontend\node_modules\react-dom\cjs\react-dom.development.js:26505:5)
        at renderRootSync (C:\Users\zaida\OneDrive\Desktop\sanad-property - Copy - Copy\frontend\node_modules\react-dom\cjs\react-dom.development.js:26473:7)
        at recoverFromConcurrentError (C:\Users\zaida\OneDrive\Desktop\sanad-property - Copy - Copy\frontend\node_modules\react-dom\cjs\react-dom.development.js:25889:20)
        at performConcurrentWorkOnRoot (C:\Users\zaida\OneDrive\Desktop\sanad-property - Copy - Copy\frontend\node_modules\react-dom\cjs\react-dom.development.js:25789:22)
        at flushActQueue (C:\Users\zaida\OneDrive\Desktop\sanad-property - Copy - Copy\frontend\node_modules\react\cjs\react.development.js:2667:24)
        at act (C:\Users\zaida\OneDrive\Desktop\sanad-property - Copy - Copy\frontend\node_modules\react\cjs\react.development.js:2582:11)
        at C:\Users\zaida\OneDrive\Desktop\sanad-property - Copy - Copy\frontend\node_modules\@testing-library\react\dist\act-compat.js:46:25
        at renderRoot (C:\Users\zaida\OneDrive\Desktop\sanad-property - Copy - Copy\frontend\node_modules\@testing-library\react\dist\pure.js:189:26)
        at render (C:\Users\zaida\OneDrive\Desktop\sanad-property - Copy - Copy\frontend\node_modules\@testing-library\react\dist\pure.js:291:10)
        at Object.<anonymous> (C:\Users\zaida\OneDrive\Desktop\sanad-property - Copy - Copy\frontend\src\__tests__\finance.test.tsx:74:11)
        at Promise.finally.completed (C:\Users\zaida\OneDrive\Desktop\sanad-property - Copy - Copy\frontend\node_modules\jest-circus\build\jestAdapterInit.js:1557:28)
        at new Promise (<anonymous>)
        at callAsyncCircusFn (C:\Users\zaida\OneDrive\Desktop\sanad-property - Copy - Copy\frontend\node_modules\jest-circus\build\jestAdapterInit.js:1497:10)
        at _callCircusTest (C:\Users\zaida\OneDrive\Desktop\sanad-property - Copy - Copy\frontend\node_modules\jest-circus\build\jestAdapterInit.js:1007:40)
        at processTicksAndRejections (node:internal/process/task_queues:105:5)
        at _runTest (C:\Users\zaida\OneDrive\Desktop\sanad-property - Copy - Copy\frontend\node_modules\jest-circus\build\jestAdapterInit.js:947:3)
        at C:\Users\zaida\OneDrive\Desktop\sanad-property - Copy - Copy\frontend\node_modules\jest-circus\build\jestAdapterInit.js:849:7
        at _runTestsForDescribeBlock (C:\Users\zaida\OneDrive\Desktop\sanad-property - Copy - Copy\frontend\node_modules\jest-circus\build\jestAdapterInit.js:862:11)
        at _runTestsForDescribeBlock (C:\Users\zaida\OneDrive\Desktop\sanad-property - Copy - Copy\frontend\node_modules\jest-circus\build\jestAdapterInit.js:857:11)
        at run (C:\Users\zaida\OneDrive\Desktop\sanad-property - Copy - Copy\frontend\node_modules\jest-circus\build\jestAdapterInit.js:761:3)
        at runAndTransformResultsToJestFormat (C:\Users\zaida\OneDrive\Desktop\sanad-property - Copy - Copy\frontend\node_modules\jest-circus\build\jestAdapterInit.js:1918:21)
        at jestAdapter (C:\Users\zaida\OneDrive\Desktop\sanad-property - Copy - Copy\frontend\node_modules\jest-circus\build\runner.js:101:19)
        at runTestInternal (C:\Users\zaida\OneDrive\Desktop\sanad-property - Copy - Copy\frontend\node_modules\jest-runner\build\index.js:275:16)
        at runTest (C:\Users\zaida\OneDrive\Desktop\sanad-property - Copy - Copy\frontend\node_modules\jest-runner\build\index.js:343:7) {
      detail: TypeError: Cannot read properties of null (reading 'useState')
          at useState (C:\Users\zaida\OneDrive\Desktop\sanad-property - Copy - Copy\frontend\node_modules\react\cjs\react.development.js:1622:21)
          at NewJournalEntryPage (C:\Users\zaida\OneDrive\Desktop\sanad-property - Copy - Copy\frontend\src\app\dashboard\finance\journal-entries\new\page.tsx:19:43)
          at renderWithHooks (C:\Users\zaida\OneDrive\Desktop\sanad-property - Copy - Copy\frontend\node_modules\react-dom\cjs\react-dom.development.js:15486:18)
          at mountIndeterminateComponent (C:\Users\zaida\OneDrive\Desktop\sanad-property - Copy - Copy\frontend\node_modules\react-dom\cjs\react-dom.development.js:20103:13)
          at beginWork (C:\Users\zaida\OneDrive\Desktop\sanad-property - Copy - Copy\frontend\node_modules\react-dom\cjs\react-dom.development.js:21626:16)
          at HTMLUnknownElement.callCallback (C:\Users\zaida\OneDrive\Desktop\sanad-property - Copy - Copy\frontend\node_modules\react-dom\cjs\react-dom.development.js:4164:14)
          at HTMLUnknownElement.callTheUserObjectsOperation (C:\Users\zaida\OneDrive\Desktop\sanad-property - Copy - Copy\frontend\node_modules\jsdom\lib\jsdom\living\generated\EventListener.js:26:30)
          at innerInvokeEventListeners (C:\Users\zaida\OneDrive\Desktop\sanad-property - Copy - Copy\frontend\node_modules\jsdom\lib\jsdom\living\events\EventTarget-impl.js:350:25)
          at invokeEventListeners (C:\Users\zaida\OneDrive\Desktop\sanad-property - Copy - Copy\frontend\node_modules\jsdom\lib\jsdom\living\events\EventTarget-impl.js:286:3)
          at HTMLUnknownElementImpl._dispatch (C:\Users\zaida\OneDrive\Desktop\sanad-property - Copy - Copy\frontend\node_modules\jsdom\lib\jsdom\living\events\EventTarget-impl.js:233:9)
          at HTMLUnknownElementImpl.dispatchEvent (C:\Users\zaida\OneDrive\Desktop\sanad-property - Copy - Copy\frontend\node_modules\jsdom\lib\jsdom\living\events\EventTarget-impl.js:104:17)
          at HTMLUnknownElement.dispatchEvent (C:\Users\zaida\OneDrive\Desktop\sanad-property - Copy - Copy\frontend\node_modules\jsdom\lib\jsdom\living\generated\EventTarget.js:241:34)
          at Object.invokeGuardedCallbackDev (C:\Users\zaida\OneDrive\Desktop\sanad-property - Copy - Copy\frontend\node_modules\react-dom\cjs\react-dom.development.js:4213:16)
          at invokeGuardedCallback (C:\Users\zaida\OneDrive\Desktop\sanad-property - Copy - Copy\frontend\node_modules\react-dom\cjs\react-dom.development.js:4277:31)
          at beginWork$1 (C:\Users\zaida\OneDrive\Desktop\sanad-property - Copy - Copy\frontend\node_modules\react-dom\cjs\react-dom.development.js:27490:7)
          at performUnitOfWork (C:\Users\zaida\OneDrive\Desktop\sanad-property - Copy - Copy\frontend\node_modules\react-dom\cjs\react-dom.development.js:26599:12)
          at workLoopSync (C:\Users\zaida\OneDrive\Desktop\sanad-property - Copy - Copy\frontend\node_modules\react-dom\cjs\react-dom.development.js:26505:5)
          at renderRootSync (C:\Users\zaida\OneDrive\Desktop\sanad-property - Copy - Copy\frontend\node_modules\react-dom\cjs\react-dom.development.js:26473:7)
          at recoverFromConcurrentError (C:\Users\zaida\OneDrive\Desktop\sanad-property - Copy - Copy\frontend\node_modules\react-dom\cjs\react-dom.development.js:25889:20)
          at performConcurrentWorkOnRoot (C:\Users\zaida\OneDrive\Desktop\sanad-property - Copy - Copy\frontend\node_modules\react-dom\cjs\react-dom.development.js:25789:22)
          at flushActQueue (C:\Users\zaida\OneDrive\Desktop\sanad-property - Copy - Copy\frontend\node_modules\react\cjs\react.development.js:2667:24)
          at act (C:\Users\zaida\OneDrive\Desktop\sanad-property - Copy - Copy\frontend\node_modules\react\cjs\react.development.js:2582:11)
          at C:\Users\zaida\OneDrive\Desktop\sanad-property - Copy - Copy\frontend\node_modules\@testing-library\react\dist\act-compat.js:46:25
          at renderRoot (C:\Users\zaida\OneDrive\Desktop\sanad-property - Copy - Copy\frontend\node_modules\@testing-library\react\dist\pure.js:189:26)
          at render (C:\Users\zaida\OneDrive\Desktop\sanad-property - Copy - Copy\frontend\node_modules\@testing-library\react\dist\pure.js:291:10)
          at Object.<anonymous> (C:\Users\zaida\OneDrive\Desktop\sanad-property - Copy - Copy\frontend\src\__tests__\finance.test.tsx:74:11)
          at Promise.finally.completed (C:\Users\zaida\OneDrive\Desktop\sanad-property - Copy - Copy\frontend\node_modules\jest-circus\build\jestAdapterInit.js:1557:28)
          at new Promise (<anonymous>)
          at callAsyncCircusFn (C:\Users\zaida\OneDrive\Desktop\sanad-property - Copy - Copy\frontend\node_modules\jest-circus\build\jestAdapterInit.js:1497:10)
          at _callCircusTest (C:\Users\zaida\OneDrive\Desktop\sanad-property - Copy - Copy\frontend\node_modules\jest-circus\build\jestAdapterInit.js:1007:40)
          at processTicksAndRejections (node:internal/process/task_queues:105:5)
          at _runTest (C:\Users\zaida\OneDrive\Desktop\sanad-property - Copy - Copy\frontend\node_modules\jest-circus\build\jestAdapterInit.js:947:3)
          at C:\Users\zaida\OneDrive\Desktop\sanad-property - Copy - Copy\frontend\node_modules\jest-circus\build\jestAdapterInit.js:849:7
          at _runTestsForDescribeBlock (C:\Users\zaida\OneDrive\Desktop\sanad-property - Copy - Copy\frontend\node_modules\jest-circus\build\jestAdapterInit.js:862:11)
          at _runTestsForDescribeBlock (C:\Users\zaida\OneDrive\Desktop\sanad-property - Copy - Copy\frontend\node_modules\jest-circus\build\jestAdapterInit.js:857:11)
          at run (C:\Users\zaida\OneDrive\Desktop\sanad-property - Copy - Copy\frontend\node_modules\jest-circus\build\jestAdapterInit.js:761:3)
          at runAndTransformResultsToJestFormat (C:\Users\zaida\OneDrive\Desktop\sanad-property - Copy - Copy\frontend\node_modules\jest-circus\build\jestAdapterInit.js:1918:21)
          at jestAdapter (C:\Users\zaida\OneDrive\Desktop\sanad-property - Copy - Copy\frontend\node_modules\jest-circus\build\runner.js:101:19)
          at runTestInternal (C:\Users\zaida\OneDrive\Desktop\sanad-property - Copy - Copy\frontend\node_modules\jest-runner\build\index.js:275:16)
          at runTest (C:\Users\zaida\OneDrive\Desktop\sanad-property - Copy - Copy\frontend\node_modules\jest-runner\build\index.js:343:7),
      type: 'unhandled exception'
    }

    [0m [90m 72 |[39m
     [90m 73 |[39m   it([32m'shows balance warning text when totals differ'[39m[33m,[39m [36masync[39m () [33m=>[39m {
    [31m[1m>[22m[39m[90m 74 |[39m     render([33m<[39m[33mNewJournalEntryPage[39m [33m/[39m[33m>[39m)[33m;[39m
     [90m    |[39m           [31m[1m^[22m[39m
     [90m 75 |[39m
     [90m 76 |[39m     [90m// Find debit inputs and enter unbalanced amounts[39m
     [90m 77 |[39m     [36mconst[39m debitInputs [33m=[39m document[33m.[39mquerySelectorAll([32m'input[type="number"]'[39m)[33m;[39m[0m

      at VirtualConsole.<anonymous> (node_modules/@jest/environment-jsdom-abstract/build/index.js:87:23)
      at reportException (node_modules/jsdom/lib/jsdom/living/helpers/runtime-script-errors.js:70:28)
      at innerInvokeEventListeners (node_modules/jsdom/lib/jsdom/living/events/EventTarget-impl.js:353:9)
      at invokeEventListeners (node_modules/jsdom/lib/jsdom/living/events/EventTarget-impl.js:286:3)
      at HTMLUnknownElementImpl._dispatch (node_modules/jsdom/lib/jsdom/living/events/EventTarget-impl.js:233:9)
      at HTMLUnknownElementImpl.dispatchEvent (node_modules/jsdom/lib/jsdom/living/events/EventTarget-impl.js:104:17)
      at HTMLUnknownElement.dispatchEvent (node_modules/jsdom/lib/jsdom/living/generated/EventTarget.js:241:34)
      at Object.invokeGuardedCallbackDev (node_modules/react-dom/cjs/react-dom.development.js:4213:16)
      at invokeGuardedCallback (node_modules/react-dom/cjs/react-dom.development.js:4277:31)
      at beginWork$1 (node_modules/react-dom/cjs/react-dom.development.js:27490:7)
      at performUnitOfWork (node_modules/react-dom/cjs/react-dom.development.js:26599:12)
      at workLoopSync (node_modules/react-dom/cjs/react-dom.development.js:26505:5)
      at renderRootSync (node_modules/react-dom/cjs/react-dom.development.js:26473:7)
      at recoverFromConcurrentError (node_modules/react-dom/cjs/react-dom.development.js:25889:20)
      at performConcurrentWorkOnRoot (node_modules/react-dom/cjs/react-dom.development.js:25789:22)
      at flushActQueue (node_modules/react/cjs/react.development.js:2667:24)
      at act (node_modules/react/cjs/react.development.js:2582:11)
      at node_modules/@testing-library/react/dist/act-compat.js:46:25
      at renderRoot (node_modules/@testing-library/react/dist/pure.js:189:26)
      at render (node_modules/@testing-library/react/dist/pure.js:291:10)
      at Object.<anonymous> (src/__tests__/finance.test.tsx:74:11)

  console.error
    The above error occurred in the <NewJournalEntryPage> component:
    
        at NewJournalEntryPage (C:\Users\zaida\OneDrive\Desktop\sanad-property - Copy - Copy\frontend\src\app\dashboard\finance\journal-entries\new\page.tsx:19:43)
    
    Consider adding an error boundary to your tree to customize error handling behavior.
    Visit https://reactjs.org/link/error-boundaries to learn more about error boundaries.

    [0m [90m 72 |[39m
     [90m 73 |[39m   it([32m'shows balance warning text when totals differ'[39m[33m,[39m [36masync[39m () [33m=>[39m {
    [31m[1m>[22m[39m[90m 74 |[39m     render([33m<[39m[33mNewJournalEntryPage[39m [33m/[39m[33m>[39m)[33m;[39m
     [90m    |[39m           [31m[1m^[22m[39m
     [90m 75 |[39m
     [90m 76 |[39m     [90m// Find debit inputs and enter unbalanced amounts[39m
     [90m 77 |[39m     [36mconst[39m debitInputs [33m=[39m document[33m.[39mquerySelectorAll([32m'input[type="number"]'[39m)[33m;[39m[0m

      at logCapturedError (node_modules/react-dom/cjs/react-dom.development.js:18704:23)
      at update.callback (node_modules/react-dom/cjs/react-dom.development.js:18737:5)
      at callCallback (node_modules/react-dom/cjs/react-dom.development.js:15036:12)
      at commitUpdateQueue (node_modules/react-dom/cjs/react-dom.development.js:15057:9)
      at commitLayoutEffectOnFiber (node_modules/react-dom/cjs/react-dom.development.js:23430:13)
      at commitLayoutMountEffects_complete (node_modules/react-dom/cjs/react-dom.development.js:24727:9)
      at commitLayoutEffects_begin (node_modules/react-dom/cjs/react-dom.development.js:24713:7)
      at commitLayoutEffects (node_modules/react-dom/cjs/react-dom.development.js:24651:3)
      at commitRootImpl (node_modules/react-dom/cjs/react-dom.development.js:26862:5)
      at commitRoot (node_modules/react-dom/cjs/react-dom.development.js:26721:5)
      at finishConcurrentRender (node_modules/react-dom/cjs/react-dom.development.js:25931:9)
      at performConcurrentWorkOnRoot (node_modules/react-dom/cjs/react-dom.development.js:25848:7)
      at flushActQueue (node_modules/react/cjs/react.development.js:2667:24)
      at act (node_modules/react/cjs/react.development.js:2582:11)
      at node_modules/@testing-library/react/dist/act-compat.js:46:25
      at renderRoot (node_modules/@testing-library/react/dist/pure.js:189:26)
      at render (node_modules/@testing-library/react/dist/pure.js:291:10)
      at Object.<anonymous> (src/__tests__/finance.test.tsx:74:11)

  console.error
    Warning: Invalid hook call. Hooks can only be called inside of the body of a function component. This could happen for one of the following reasons:
    1. You might have mismatching versions of React and the renderer (such as React DOM)
    2. You might be breaking the Rules of Hooks
    3. You might have more than one copy of React in the same app
    See https://reactjs.org/link/invalid-hook-call for tips about how to debug and fix this problem.

    [0m [90m 10 |[39m
     [90m 11 |[39m [36mexport[39m [36mdefault[39m [36mfunction[39m [33mTrialBalancePage[39m() {
    [31m[1m>[22m[39m[90m 12 |[39m   [36mconst[39m [data[33m,[39m setData] [33m=[39m useState[33m<[39m[33many[39m[33m>[39m([36mnull[39m)[33m;[39m
     [90m    |[39m                                   [31m[1m^[22m[39m
     [90m 13 |[39m   [36mconst[39m [loading[33m,[39m setLoading] [33m=[39m useState([36mtrue[39m)[33m;[39m
     [90m 14 |[39m   [36mconst[39m [asOfDate[33m,[39m setAsOfDate] [33m=[39m useState([36mnew[39m [33mDate[39m()[33m.[39mtoISOString()[33m.[39mslice([35m0[39m[33m,[39m [35m10[39m))[33m;[39m
     [90m 15 |[39m[0m

      at printWarning (node_modules/react/cjs/react.development.js:209:30)
      at error (node_modules/react/cjs/react.development.js:183:7)
      at resolveDispatcher (node_modules/react/cjs/react.development.js:1592:7)
      at useState (node_modules/react/cjs/react.development.js:1621:20)
      at TrialBalancePage (src/app/dashboard/finance/trial-balance/page.tsx:12:35)
      at renderWithHooks (node_modules/react-dom/cjs/react-dom.development.js:15486:18)
      at mountIndeterminateComponent (node_modules/react-dom/cjs/react-dom.development.js:20103:13)
      at beginWork (node_modules/react-dom/cjs/react-dom.development.js:21626:16)
      at beginWork$1 (node_modules/react-dom/cjs/react-dom.development.js:27465:14)
      at performUnitOfWork (node_modules/react-dom/cjs/react-dom.development.js:26599:12)
      at workLoopSync (node_modules/react-dom/cjs/react-dom.development.js:26505:5)
      at renderRootSync (node_modules/react-dom/cjs/react-dom.development.js:26473:7)
      at performConcurrentWorkOnRoot (node_modules/react-dom/cjs/react-dom.development.js:25777:74)
      at flushActQueue (node_modules/react/cjs/react.development.js:2667:24)
      at act (node_modules/react/cjs/react.development.js:2582:11)
      at node_modules/@testing-library/react/dist/act-compat.js:46:25
      at renderRoot (node_modules/@testing-library/react/dist/pure.js:189:26)
      at render (node_modules/@testing-library/react/dist/pure.js:291:10)
      at Object.<anonymous> (src/__tests__/finance.test.tsx:114:11)

  console.error
    Warning: Invalid hook call. Hooks can only be called inside of the body of a function component. This could happen for one of the following reasons:
    1. You might have mismatching versions of React and the renderer (such as React DOM)
    2. You might be breaking the Rules of Hooks
    3. You might have more than one copy of React in the same app
    See https://reactjs.org/link/invalid-hook-call for tips about how to debug and fix this problem.

    [0m [90m 10 |[39m
     [90m 11 |[39m [36mexport[39m [36mdefault[39m [36mfunction[39m [33mTrialBalancePage[39m() {
    [31m[1m>[22m[39m[90m 12 |[39m   [36mconst[39m [data[33m,[39m setData] [33m=[39m useState[33m<[39m[33many[39m[33m>[39m([36mnull[39m)[33m;[39m
     [90m    |[39m                                   [31m[1m^[22m[39m
     [90m 13 |[39m   [36mconst[39m [loading[33m,[39m setLoading] [33m=[39m useState([36mtrue[39m)[33m;[39m
     [90m 14 |[39m   [36mconst[39m [asOfDate[33m,[39m setAsOfDate] [33m=[39m useState([36mnew[39m [33mDate[39m()[33m.[39mtoISOString()[33m.[39mslice([35m0[39m[33m,[39m [35m10[39m))[33m;[39m
     [90m 15 |[39m[0m

      at printWarning (node_modules/react/cjs/react.development.js:209:30)
      at error (node_modules/react/cjs/react.development.js:183:7)
      at resolveDispatcher (node_modules/react/cjs/react.development.js:1592:7)
      at useState (node_modules/react/cjs/react.development.js:1621:20)
      at TrialBalancePage (src/app/dashboard/finance/trial-balance/page.tsx:12:35)
      at renderWithHooks (node_modules/react-dom/cjs/react-dom.development.js:15486:18)
      at mountIndeterminateComponent (node_modules/react-dom/cjs/react-dom.development.js:20103:13)
      at beginWork (node_modules/react-dom/cjs/react-dom.development.js:21626:16)
      at HTMLUnknownElement.callCallback (node_modules/react-dom/cjs/react-dom.development.js:4164:14)
      at HTMLUnknownElement.callTheUserObjectsOperation (node_modules/jsdom/lib/jsdom/living/generated/EventListener.js:26:30)
      at innerInvokeEventListeners (node_modules/jsdom/lib/jsdom/living/events/EventTarget-impl.js:350:25)
      at invokeEventListeners (node_modules/jsdom/lib/jsdom/living/events/EventTarget-impl.js:286:3)
      at HTMLUnknownElementImpl._dispatch (node_modules/jsdom/lib/jsdom/living/events/EventTarget-impl.js:233:9)
      at HTMLUnknownElementImpl.dispatchEvent (node_modules/jsdom/lib/jsdom/living/events/EventTarget-impl.js:104:17)
      at HTMLUnknownElement.dispatchEvent (node_modules/jsdom/lib/jsdom/living/generated/EventTarget.js:241:34)
      at Object.invokeGuardedCallbackDev (node_modules/react-dom/cjs/react-dom.development.js:4213:16)
      at invokeGuardedCallback (node_modules/react-dom/cjs/react-dom.development.js:4277:31)
      at beginWork$1 (node_modules/react-dom/cjs/react-dom.development.js:27490:7)
      at performUnitOfWork (node_modules/react-dom/cjs/react-dom.development.js:26599:12)
      at workLoopSync (node_modules/react-dom/cjs/react-dom.development.js:26505:5)
      at renderRootSync (node_modules/react-dom/cjs/react-dom.development.js:26473:7)
      at performConcurrentWorkOnRoot (node_modules/react-dom/cjs/react-dom.development.js:25777:74)
      at flushActQueue (node_modules/react/cjs/react.development.js:2667:24)
      at act (node_modules/react/cjs/react.development.js:2582:11)
      at node_modules/@testing-library/react/dist/act-compat.js:46:25
      at renderRoot (node_modules/@testing-library/react/dist/pure.js:189:26)
      at render (node_modules/@testing-library/react/dist/pure.js:291:10)
      at Object.<anonymous> (src/__tests__/finance.test.tsx:114:11)

  console.error
    Error: Uncaught [TypeError: Cannot read properties of null (reading 'useState')]
        at reportException (C:\Users\zaida\OneDrive\Desktop\sanad-property - Copy - Copy\frontend\node_modules\jsdom\lib\jsdom\living\helpers\runtime-script-errors.js:66:24)
        at innerInvokeEventListeners (C:\Users\zaida\OneDrive\Desktop\sanad-property - Copy - Copy\frontend\node_modules\jsdom\lib\jsdom\living\events\EventTarget-impl.js:353:9)
        at invokeEventListeners (C:\Users\zaida\OneDrive\Desktop\sanad-property - Copy - Copy\frontend\node_modules\jsdom\lib\jsdom\living\events\EventTarget-impl.js:286:3)
        at HTMLUnknownElementImpl._dispatch (C:\Users\zaida\OneDrive\Desktop\sanad-property - Copy - Copy\frontend\node_modules\jsdom\lib\jsdom\living\events\EventTarget-impl.js:233:9)
        at HTMLUnknownElementImpl.dispatchEvent (C:\Users\zaida\OneDrive\Desktop\sanad-property - Copy - Copy\frontend\node_modules\jsdom\lib\jsdom\living\events\EventTarget-impl.js:104:17)
        at HTMLUnknownElement.dispatchEvent (C:\Users\zaida\OneDrive\Desktop\sanad-property - Copy - Copy\frontend\node_modules\jsdom\lib\jsdom\living\generated\EventTarget.js:241:34)
        at Object.invokeGuardedCallbackDev (C:\Users\zaida\OneDrive\Desktop\sanad-property - Copy - Copy\frontend\node_modules\react-dom\cjs\react-dom.development.js:4213:16)
        at invokeGuardedCallback (C:\Users\zaida\OneDrive\Desktop\sanad-property - Copy - Copy\frontend\node_modules\react-dom\cjs\react-dom.development.js:4277:31)
        at beginWork$1 (C:\Users\zaida\OneDrive\Desktop\sanad-property - Copy - Copy\frontend\node_modules\react-dom\cjs\react-dom.development.js:27490:7)
        at performUnitOfWork (C:\Users\zaida\OneDrive\Desktop\sanad-property - Copy - Copy\frontend\node_modules\react-dom\cjs\react-dom.development.js:26599:12)
        at workLoopSync (C:\Users\zaida\OneDrive\Desktop\sanad-property - Copy - Copy\frontend\node_modules\react-dom\cjs\react-dom.development.js:26505:5)
        at renderRootSync (C:\Users\zaida\OneDrive\Desktop\sanad-property - Copy - Copy\frontend\node_modules\react-dom\cjs\react-dom.development.js:26473:7)
        at performConcurrentWorkOnRoot (C:\Users\zaida\OneDrive\Desktop\sanad-property - Copy - Copy\frontend\node_modules\react-dom\cjs\react-dom.development.js:25777:74)
        at flushActQueue (C:\Users\zaida\OneDrive\Desktop\sanad-property - Copy - Copy\frontend\node_modules\react\cjs\react.development.js:2667:24)
        at act (C:\Users\zaida\OneDrive\Desktop\sanad-property - Copy - Copy\frontend\node_modules\react\cjs\react.development.js:2582:11)
        at C:\Users\zaida\OneDrive\Desktop\sanad-property - Copy - Copy\frontend\node_modules\@testing-library\react\dist\act-compat.js:46:25
        at renderRoot (C:\Users\zaida\OneDrive\Desktop\sanad-property - Copy - Copy\frontend\node_modules\@testing-library\react\dist\pure.js:189:26)
        at render (C:\Users\zaida\OneDrive\Desktop\sanad-property - Copy - Copy\frontend\node_modules\@testing-library\react\dist\pure.js:291:10)
        at Object.<anonymous> (C:\Users\zaida\OneDrive\Desktop\sanad-property - Copy - Copy\frontend\src\__tests__\finance.test.tsx:114:11)
        at Promise.finally.completed (C:\Users\zaida\OneDrive\Desktop\sanad-property - Copy - Copy\frontend\node_modules\jest-circus\build\jestAdapterInit.js:1557:28)
        at new Promise (<anonymous>)
        at callAsyncCircusFn (C:\Users\zaida\OneDrive\Desktop\sanad-property - Copy - Copy\frontend\node_modules\jest-circus\build\jestAdapterInit.js:1497:10)
        at _callCircusTest (C:\Users\zaida\OneDrive\Desktop\sanad-property - Copy - Copy\frontend\node_modules\jest-circus\build\jestAdapterInit.js:1007:40)
        at processTicksAndRejections (node:internal/process/task_queues:105:5)
        at _runTest (C:\Users\zaida\OneDrive\Desktop\sanad-property - Copy - Copy\frontend\node_modules\jest-circus\build\jestAdapterInit.js:947:3)
        at C:\Users\zaida\OneDrive\Desktop\sanad-property - Copy - Copy\frontend\node_modules\jest-circus\build\jestAdapterInit.js:849:7
        at _runTestsForDescribeBlock (C:\Users\zaida\OneDrive\Desktop\sanad-property - Copy - Copy\frontend\node_modules\jest-circus\build\jestAdapterInit.js:862:11)
        at _runTestsForDescribeBlock (C:\Users\zaida\OneDrive\Desktop\sanad-property - Copy - Copy\frontend\node_modules\jest-circus\build\jestAdapterInit.js:857:11)
        at run (C:\Users\zaida\OneDrive\Desktop\sanad-property - Copy - Copy\frontend\node_modules\jest-circus\build\jestAdapterInit.js:761:3)
        at runAndTransformResultsToJestFormat (C:\Users\zaida\OneDrive\Desktop\sanad-property - Copy - Copy\frontend\node_modules\jest-circus\build\jestAdapterInit.js:1918:21)
        at jestAdapter (C:\Users\zaida\OneDrive\Desktop\sanad-property - Copy - Copy\frontend\node_modules\jest-circus\build\runner.js:101:19)
        at runTestInternal (C:\Users\zaida\OneDrive\Desktop\sanad-property - Copy - Copy\frontend\node_modules\jest-runner\build\index.js:275:16)
        at runTest (C:\Users\zaida\OneDrive\Desktop\sanad-property - Copy - Copy\frontend\node_modules\jest-runner\build\index.js:343:7) {
      detail: TypeError: Cannot read properties of null (reading 'useState')
          at useState (C:\Users\zaida\OneDrive\Desktop\sanad-property - Copy - Copy\frontend\node_modules\react\cjs\react.development.js:1622:21)
          at TrialBalancePage (C:\Users\zaida\OneDrive\Desktop\sanad-property - Copy - Copy\frontend\src\app\dashboard\finance\trial-balance\page.tsx:12:35)
          at renderWithHooks (C:\Users\zaida\OneDrive\Desktop\sanad-property - Copy - Copy\frontend\node_modules\react-dom\cjs\react-dom.development.js:15486:18)
          at mountIndeterminateComponent (C:\Users\zaida\OneDrive\Desktop\sanad-property - Copy - Copy\frontend\node_modules\react-dom\cjs\react-dom.development.js:20103:13)
          at beginWork (C:\Users\zaida\OneDrive\Desktop\sanad-property - Copy - Copy\frontend\node_modules\react-dom\cjs\react-dom.development.js:21626:16)
          at HTMLUnknownElement.callCallback (C:\Users\zaida\OneDrive\Desktop\sanad-property - Copy - Copy\frontend\node_modules\react-dom\cjs\react-dom.development.js:4164:14)
          at HTMLUnknownElement.callTheUserObjectsOperation (C:\Users\zaida\OneDrive\Desktop\sanad-property - Copy - Copy\frontend\node_modules\jsdom\lib\jsdom\living\generated\EventListener.js:26:30)
          at innerInvokeEventListeners (C:\Users\zaida\OneDrive\Desktop\sanad-property - Copy - Copy\frontend\node_modules\jsdom\lib\jsdom\living\events\EventTarget-impl.js:350:25)
          at invokeEventListeners (C:\Users\zaida\OneDrive\Desktop\sanad-property - Copy - Copy\frontend\node_modules\jsdom\lib\jsdom\living\events\EventTarget-impl.js:286:3)
          at HTMLUnknownElementImpl._dispatch (C:\Users\zaida\OneDrive\Desktop\sanad-property - Copy - Copy\frontend\node_modules\jsdom\lib\jsdom\living\events\EventTarget-impl.js:233:9)
          at HTMLUnknownElementImpl.dispatchEvent (C:\Users\zaida\OneDrive\Desktop\sanad-property - Copy - Copy\frontend\node_modules\jsdom\lib\jsdom\living\events\EventTarget-impl.js:104:17)
          at HTMLUnknownElement.dispatchEvent (C:\Users\zaida\OneDrive\Desktop\sanad-property - Copy - Copy\frontend\node_modules\jsdom\lib\jsdom\living\generated\EventTarget.js:241:34)
          at Object.invokeGuardedCallbackDev (C:\Users\zaida\OneDrive\Desktop\sanad-property - Copy - Copy\frontend\node_modules\react-dom\cjs\react-dom.development.js:4213:16)
          at invokeGuardedCallback (C:\Users\zaida\OneDrive\Desktop\sanad-property - Copy - Copy\frontend\node_modules\react-dom\cjs\react-dom.development.js:4277:31)
          at beginWork$1 (C:\Users\zaida\OneDrive\Desktop\sanad-property - Copy - Copy\frontend\node_modules\react-dom\cjs\react-dom.development.js:27490:7)
          at performUnitOfWork (C:\Users\zaida\OneDrive\Desktop\sanad-property - Copy - Copy\frontend\node_modules\react-dom\cjs\react-dom.development.js:26599:12)
          at workLoopSync (C:\Users\zaida\OneDrive\Desktop\sanad-property - Copy - Copy\frontend\node_modules\react-dom\cjs\react-dom.development.js:26505:5)
          at renderRootSync (C:\Users\zaida\OneDrive\Desktop\sanad-property - Copy - Copy\frontend\node_modules\react-dom\cjs\react-dom.development.js:26473:7)
          at performConcurrentWorkOnRoot (C:\Users\zaida\OneDrive\Desktop\sanad-property - Copy - Copy\frontend\node_modules\react-dom\cjs\react-dom.development.js:25777:74)
          at flushActQueue (C:\Users\zaida\OneDrive\Desktop\sanad-property - Copy - Copy\frontend\node_modules\react\cjs\react.development.js:2667:24)
          at act (C:\Users\zaida\OneDrive\Desktop\sanad-property - Copy - Copy\frontend\node_modules\react\cjs\react.development.js:2582:11)
          at C:\Users\zaida\OneDrive\Desktop\sanad-property - Copy - Copy\frontend\node_modules\@testing-library\react\dist\act-compat.js:46:25
          at renderRoot (C:\Users\zaida\OneDrive\Desktop\sanad-property - Copy - Copy\frontend\node_modules\@testing-library\react\dist\pure.js:189:26)
          at render (C:\Users\zaida\OneDrive\Desktop\sanad-property - Copy - Copy\frontend\node_modules\@testing-library\react\dist\pure.js:291:10)
          at Object.<anonymous> (C:\Users\zaida\OneDrive\Desktop\sanad-property - Copy - Copy\frontend\src\__tests__\finance.test.tsx:114:11)
          at Promise.finally.completed (C:\Users\zaida\OneDrive\Desktop\sanad-property - Copy - Copy\frontend\node_modules\jest-circus\build\jestAdapterInit.js:1557:28)
          at new Promise (<anonymous>)
          at callAsyncCircusFn (C:\Users\zaida\OneDrive\Desktop\sanad-property - Copy - Copy\frontend\node_modules\jest-circus\build\jestAdapterInit.js:1497:10)
          at _callCircusTest (C:\Users\zaida\OneDrive\Desktop\sanad-property - Copy - Copy\frontend\node_modules\jest-circus\build\jestAdapterInit.js:1007:40)
          at processTicksAndRejections (node:internal/process/task_queues:105:5)
          at _runTest (C:\Users\zaida\OneDrive\Desktop\sanad-property - Copy - Copy\frontend\node_modules\jest-circus\build\jestAdapterInit.js:947:3)
          at C:\Users\zaida\OneDrive\Desktop\sanad-property - Copy - Copy\frontend\node_modules\jest-circus\build\jestAdapterInit.js:849:7
          at _runTestsForDescribeBlock (C:\Users\zaida\OneDrive\Desktop\sanad-property - Copy - Copy\frontend\node_modules\jest-circus\build\jestAdapterInit.js:862:11)
          at _runTestsForDescribeBlock (C:\Users\zaida\OneDrive\Desktop\sanad-property - Copy - Copy\frontend\node_modules\jest-circus\build\jestAdapterInit.js:857:11)
          at run (C:\Users\zaida\OneDrive\Desktop\sanad-property - Copy - Copy\frontend\node_modules\jest-circus\build\jestAdapterInit.js:761:3)
          at runAndTransformResultsToJestFormat (C:\Users\zaida\OneDrive\Desktop\sanad-property - Copy - Copy\frontend\node_modules\jest-circus\build\jestAdapterInit.js:1918:21)
          at jestAdapter (C:\Users\zaida\OneDrive\Desktop\sanad-property - Copy - Copy\frontend\node_modules\jest-circus\build\runner.js:101:19)
          at runTestInternal (C:\Users\zaida\OneDrive\Desktop\sanad-property - Copy - Copy\frontend\node_modules\jest-runner\build\index.js:275:16)
          at runTest (C:\Users\zaida\OneDrive\Desktop\sanad-property - Copy - Copy\frontend\node_modules\jest-runner\build\index.js:343:7),
      type: 'unhandled exception'
    }

    [0m [90m 112 |[39m     })[33m;[39m
     [90m 113 |[39m
    [31m[1m>[22m[39m[90m 114 |[39m     render([33m<[39m[33mTrialBalancePage[39m [33m/[39m[33m>[39m)[33m;[39m
     [90m     |[39m           [31m[1m^[22m[39m
     [90m 115 |[39m
     [90m 116 |[39m     [36mawait[39m waitFor(() [33m=>[39m {
     [90m 117 |[39m       expect(screen[33m.[39mgetByText([32m'┘à╪ز┘ê╪د╪▓┘'[39m))[33m.[39mtoBeInTheDocument()[33m;[39m[0m

      at VirtualConsole.<anonymous> (node_modules/@jest/environment-jsdom-abstract/build/index.js:87:23)
      at reportException (node_modules/jsdom/lib/jsdom/living/helpers/runtime-script-errors.js:70:28)
      at innerInvokeEventListeners (node_modules/jsdom/lib/jsdom/living/events/EventTarget-impl.js:353:9)
      at invokeEventListeners (node_modules/jsdom/lib/jsdom/living/events/EventTarget-impl.js:286:3)
      at HTMLUnknownElementImpl._dispatch (node_modules/jsdom/lib/jsdom/living/events/EventTarget-impl.js:233:9)
      at HTMLUnknownElementImpl.dispatchEvent (node_modules/jsdom/lib/jsdom/living/events/EventTarget-impl.js:104:17)
      at HTMLUnknownElement.dispatchEvent (node_modules/jsdom/lib/jsdom/living/generated/EventTarget.js:241:34)
      at Object.invokeGuardedCallbackDev (node_modules/react-dom/cjs/react-dom.development.js:4213:16)
      at invokeGuardedCallback (node_modules/react-dom/cjs/react-dom.development.js:4277:31)
      at beginWork$1 (node_modules/react-dom/cjs/react-dom.development.js:27490:7)
      at performUnitOfWork (node_modules/react-dom/cjs/react-dom.development.js:26599:12)
      at workLoopSync (node_modules/react-dom/cjs/react-dom.development.js:26505:5)
      at renderRootSync (node_modules/react-dom/cjs/react-dom.development.js:26473:7)
      at performConcurrentWorkOnRoot (node_modules/react-dom/cjs/react-dom.development.js:25777:74)
      at flushActQueue (node_modules/react/cjs/react.development.js:2667:24)
      at act (node_modules/react/cjs/react.development.js:2582:11)
      at node_modules/@testing-library/react/dist/act-compat.js:46:25
      at renderRoot (node_modules/@testing-library/react/dist/pure.js:189:26)
      at render (node_modules/@testing-library/react/dist/pure.js:291:10)
      at Object.<anonymous> (src/__tests__/finance.test.tsx:114:11)

  console.error
    Warning: Invalid hook call. Hooks can only be called inside of the body of a function component. This could happen for one of the following reasons:
    1. You might have mismatching versions of React and the renderer (such as React DOM)
    2. You might be breaking the Rules of Hooks
    3. You might have more than one copy of React in the same app
    See https://reactjs.org/link/invalid-hook-call for tips about how to debug and fix this problem.

    [0m [90m 10 |[39m
     [90m 11 |[39m [36mexport[39m [36mdefault[39m [36mfunction[39m [33mTrialBalancePage[39m() {
    [31m[1m>[22m[39m[90m 12 |[39m   [36mconst[39m [data[33m,[39m setData] [33m=[39m useState[33m<[39m[33many[39m[33m>[39m([36mnull[39m)[33m;[39m
     [90m    |[39m                                   [31m[1m^[22m[39m
     [90m 13 |[39m   [36mconst[39m [loading[33m,[39m setLoading] [33m=[39m useState([36mtrue[39m)[33m;[39m
     [90m 14 |[39m   [36mconst[39m [asOfDate[33m,[39m setAsOfDate] [33m=[39m useState([36mnew[39m [33mDate[39m()[33m.[39mtoISOString()[33m.[39mslice([35m0[39m[33m,[39m [35m10[39m))[33m;[39m
     [90m 15 |[39m[0m

      at printWarning (node_modules/react/cjs/react.development.js:209:30)
      at error (node_modules/react/cjs/react.development.js:183:7)
      at resolveDispatcher (node_modules/react/cjs/react.development.js:1592:7)
      at useState (node_modules/react/cjs/react.development.js:1621:20)
      at TrialBalancePage (src/app/dashboard/finance/trial-balance/page.tsx:12:35)
      at renderWithHooks (node_modules/react-dom/cjs/react-dom.development.js:15486:18)
      at mountIndeterminateComponent (node_modules/react-dom/cjs/react-dom.development.js:20103:13)
      at beginWork (node_modules/react-dom/cjs/react-dom.development.js:21626:16)
      at beginWork$1 (node_modules/react-dom/cjs/react-dom.development.js:27465:14)
      at performUnitOfWork (node_modules/react-dom/cjs/react-dom.development.js:26599:12)
      at workLoopSync (node_modules/react-dom/cjs/react-dom.development.js:26505:5)
      at renderRootSync (node_modules/react-dom/cjs/react-dom.development.js:26473:7)
      at recoverFromConcurrentError (node_modules/react-dom/cjs/react-dom.development.js:25889:20)
      at performConcurrentWorkOnRoot (node_modules/react-dom/cjs/react-dom.development.js:25789:22)
      at flushActQueue (node_modules/react/cjs/react.development.js:2667:24)
      at act (node_modules/react/cjs/react.development.js:2582:11)
      at node_modules/@testing-library/react/dist/act-compat.js:46:25
      at renderRoot (node_modules/@testing-library/react/dist/pure.js:189:26)
      at render (node_modules/@testing-library/react/dist/pure.js:291:10)
      at Object.<anonymous> (src/__tests__/finance.test.tsx:114:11)

  console.error
    Warning: Invalid hook call. Hooks can only be called inside of the body of a function component. This could happen for one of the following reasons:
    1. You might have mismatching versions of React and the renderer (such as React DOM)
    2. You might be breaking the Rules of Hooks
    3. You might have more than one copy of React in the same app
    See https://reactjs.org/link/invalid-hook-call for tips about how to debug and fix this problem.

    [0m [90m 10 |[39m
     [90m 11 |[39m [36mexport[39m [36mdefault[39m [36mfunction[39m [33mTrialBalancePage[39m() {
    [31m[1m>[22m[39m[90m 12 |[39m   [36mconst[39m [data[33m,[39m setData] [33m=[39m useState[33m<[39m[33many[39m[33m>[39m([36mnull[39m)[33m;[39m
     [90m    |[39m                                   [31m[1m^[22m[39m
     [90m 13 |[39m   [36mconst[39m [loading[33m,[39m setLoading] [33m=[39m useState([36mtrue[39m)[33m;[39m
     [90m 14 |[39m   [36mconst[39m [asOfDate[33m,[39m setAsOfDate] [33m=[39m useState([36mnew[39m [33mDate[39m()[33m.[39mtoISOString()[33m.[39mslice([35m0[39m[33m,[39m [35m10[39m))[33m;[39m
     [90m 15 |[39m[0m

      at printWarning (node_modules/react/cjs/react.development.js:209:30)
      at error (node_modules/react/cjs/react.development.js:183:7)
      at resolveDispatcher (node_modules/react/cjs/react.development.js:1592:7)
      at useState (node_modules/react/cjs/react.development.js:1621:20)
      at TrialBalancePage (src/app/dashboard/finance/trial-balance/page.tsx:12:35)
      at renderWithHooks (node_modules/react-dom/cjs/react-dom.development.js:15486:18)
      at mountIndeterminateComponent (node_modules/react-dom/cjs/react-dom.development.js:20103:13)
      at beginWork (node_modules/react-dom/cjs/react-dom.development.js:21626:16)
      at HTMLUnknownElement.callCallback (node_modules/react-dom/cjs/react-dom.development.js:4164:14)
      at HTMLUnknownElement.callTheUserObjectsOperation (node_modules/jsdom/lib/jsdom/living/generated/EventListener.js:26:30)
      at innerInvokeEventListeners (node_modules/jsdom/lib/jsdom/living/events/EventTarget-impl.js:350:25)
      at invokeEventListeners (node_modules/jsdom/lib/jsdom/living/events/EventTarget-impl.js:286:3)
      at HTMLUnknownElementImpl._dispatch (node_modules/jsdom/lib/jsdom/living/events/EventTarget-impl.js:233:9)
      at HTMLUnknownElementImpl.dispatchEvent (node_modules/jsdom/lib/jsdom/living/events/EventTarget-impl.js:104:17)
      at HTMLUnknownElement.dispatchEvent (node_modules/jsdom/lib/jsdom/living/generated/EventTarget.js:241:34)
      at Object.invokeGuardedCallbackDev (node_modules/react-dom/cjs/react-dom.development.js:4213:16)
      at invokeGuardedCallback (node_modules/react-dom/cjs/react-dom.development.js:4277:31)
      at beginWork$1 (node_modules/react-dom/cjs/react-dom.development.js:27490:7)
      at performUnitOfWork (node_modules/react-dom/cjs/react-dom.development.js:26599:12)
      at workLoopSync (node_modules/react-dom/cjs/react-dom.development.js:26505:5)
      at renderRootSync (node_modules/react-dom/cjs/react-dom.development.js:26473:7)
      at recoverFromConcurrentError (node_modules/react-dom/cjs/react-dom.development.js:25889:20)
      at performConcurrentWorkOnRoot (node_modules/react-dom/cjs/react-dom.development.js:25789:22)
      at flushActQueue (node_modules/react/cjs/react.development.js:2667:24)
      at act (node_modules/react/cjs/react.development.js:2582:11)
      at node_modules/@testing-library/react/dist/act-compat.js:46:25
      at renderRoot (node_modules/@testing-library/react/dist/pure.js:189:26)
      at render (node_modules/@testing-library/react/dist/pure.js:291:10)
      at Object.<anonymous> (src/__tests__/finance.test.tsx:114:11)

  console.error
    Error: Uncaught [TypeError: Cannot read properties of null (reading 'useState')]
        at reportException (C:\Users\zaida\OneDrive\Desktop\sanad-property - Copy - Copy\frontend\node_modules\jsdom\lib\jsdom\living\helpers\runtime-script-errors.js:66:24)
        at innerInvokeEventListeners (C:\Users\zaida\OneDrive\Desktop\sanad-property - Copy - Copy\frontend\node_modules\jsdom\lib\jsdom\living\events\EventTarget-impl.js:353:9)
        at invokeEventListeners (C:\Users\zaida\OneDrive\Desktop\sanad-property - Copy - Copy\frontend\node_modules\jsdom\lib\jsdom\living\events\EventTarget-impl.js:286:3)
        at HTMLUnknownElementImpl._dispatch (C:\Users\zaida\OneDrive\Desktop\sanad-property - Copy - Copy\frontend\node_modules\jsdom\lib\jsdom\living\events\EventTarget-impl.js:233:9)
        at HTMLUnknownElementImpl.dispatchEvent (C:\Users\zaida\OneDrive\Desktop\sanad-property - Copy - Copy\frontend\node_modules\jsdom\lib\jsdom\living\events\EventTarget-impl.js:104:17)
        at HTMLUnknownElement.dispatchEvent (C:\Users\zaida\OneDrive\Desktop\sanad-property - Copy - Copy\frontend\node_modules\jsdom\lib\jsdom\living\generated\EventTarget.js:241:34)
        at Object.invokeGuardedCallbackDev (C:\Users\zaida\OneDrive\Desktop\sanad-property - Copy - Copy\frontend\node_modules\react-dom\cjs\react-dom.development.js:4213:16)
        at invokeGuardedCallback (C:\Users\zaida\OneDrive\Desktop\sanad-property - Copy - Copy\frontend\node_modules\react-dom\cjs\react-dom.development.js:4277:31)
        at beginWork$1 (C:\Users\zaida\OneDrive\Desktop\sanad-property - Copy - Copy\frontend\node_modules\react-dom\cjs\react-dom.development.js:27490:7)
        at performUnitOfWork (C:\Users\zaida\OneDrive\Desktop\sanad-property - Copy - Copy\frontend\node_modules\react-dom\cjs\react-dom.development.js:26599:12)
        at workLoopSync (C:\Users\zaida\OneDrive\Desktop\sanad-property - Copy - Copy\frontend\node_modules\react-dom\cjs\react-dom.development.js:26505:5)
        at renderRootSync (C:\Users\zaida\OneDrive\Desktop\sanad-property - Copy - Copy\frontend\node_modules\react-dom\cjs\react-dom.development.js:26473:7)
        at recoverFromConcurrentError (C:\Users\zaida\OneDrive\Desktop\sanad-property - Copy - Copy\frontend\node_modules\react-dom\cjs\react-dom.development.js:25889:20)
        at performConcurrentWorkOnRoot (C:\Users\zaida\OneDrive\Desktop\sanad-property - Copy - Copy\frontend\node_modules\react-dom\cjs\react-dom.development.js:25789:22)
        at flushActQueue (C:\Users\zaida\OneDrive\Desktop\sanad-property - Copy - Copy\frontend\node_modules\react\cjs\react.development.js:2667:24)
        at act (C:\Users\zaida\OneDrive\Desktop\sanad-property - Copy - Copy\frontend\node_modules\react\cjs\react.development.js:2582:11)
        at C:\Users\zaida\OneDrive\Desktop\sanad-property - Copy - Copy\frontend\node_modules\@testing-library\react\dist\act-compat.js:46:25
        at renderRoot (C:\Users\zaida\OneDrive\Desktop\sanad-property - Copy - Copy\frontend\node_modules\@testing-library\react\dist\pure.js:189:26)
        at render (C:\Users\zaida\OneDrive\Desktop\sanad-property - Copy - Copy\frontend\node_modules\@testing-library\react\dist\pure.js:291:10)
        at Object.<anonymous> (C:\Users\zaida\OneDrive\Desktop\sanad-property - Copy - Copy\frontend\src\__tests__\finance.test.tsx:114:11)
        at Promise.finally.completed (C:\Users\zaida\OneDrive\Desktop\sanad-property - Copy - Copy\frontend\node_modules\jest-circus\build\jestAdapterInit.js:1557:28)
        at new Promise (<anonymous>)
        at callAsyncCircusFn (C:\Users\zaida\OneDrive\Desktop\sanad-property - Copy - Copy\frontend\node_modules\jest-circus\build\jestAdapterInit.js:1497:10)
        at _callCircusTest (C:\Users\zaida\OneDrive\Desktop\sanad-property - Copy - Copy\frontend\node_modules\jest-circus\build\jestAdapterInit.js:1007:40)
        at processTicksAndRejections (node:internal/process/task_queues:105:5)
        at _runTest (C:\Users\zaida\OneDrive\Desktop\sanad-property - Copy - Copy\frontend\node_modules\jest-circus\build\jestAdapterInit.js:947:3)
        at C:\Users\zaida\OneDrive\Desktop\sanad-property - Copy - Copy\frontend\node_modules\jest-circus\build\jestAdapterInit.js:849:7
        at _runTestsForDescribeBlock (C:\Users\zaida\OneDrive\Desktop\sanad-property - Copy - Copy\frontend\node_modules\jest-circus\build\jestAdapterInit.js:862:11)
        at _runTestsForDescribeBlock (C:\Users\zaida\OneDrive\Desktop\sanad-property - Copy - Copy\frontend\node_modules\jest-circus\build\jestAdapterInit.js:857:11)
        at run (C:\Users\zaida\OneDrive\Desktop\sanad-property - Copy - Copy\frontend\node_modules\jest-circus\build\jestAdapterInit.js:761:3)
        at runAndTransformResultsToJestFormat (C:\Users\zaida\OneDrive\Desktop\sanad-property - Copy - Copy\frontend\node_modules\jest-circus\build\jestAdapterInit.js:1918:21)
        at jestAdapter (C:\Users\zaida\OneDrive\Desktop\sanad-property - Copy - Copy\frontend\node_modules\jest-circus\build\runner.js:101:19)
        at runTestInternal (C:\Users\zaida\OneDrive\Desktop\sanad-property - Copy - Copy\frontend\node_modules\jest-runner\build\index.js:275:16)
        at runTest (C:\Users\zaida\OneDrive\Desktop\sanad-property - Copy - Copy\frontend\node_modules\jest-runner\build\index.js:343:7) {
      detail: TypeError: Cannot read properties of null (reading 'useState')
          at useState (C:\Users\zaida\OneDrive\Desktop\sanad-property - Copy - Copy\frontend\node_modules\react\cjs\react.development.js:1622:21)
          at TrialBalancePage (C:\Users\zaida\OneDrive\Desktop\sanad-property - Copy - Copy\frontend\src\app\dashboard\finance\trial-balance\page.tsx:12:35)
          at renderWithHooks (C:\Users\zaida\OneDrive\Desktop\sanad-property - Copy - Copy\frontend\node_modules\react-dom\cjs\react-dom.development.js:15486:18)
          at mountIndeterminateComponent (C:\Users\zaida\OneDrive\Desktop\sanad-property - Copy - Copy\frontend\node_modules\react-dom\cjs\react-dom.development.js:20103:13)
          at beginWork (C:\Users\zaida\OneDrive\Desktop\sanad-property - Copy - Copy\frontend\node_modules\react-dom\cjs\react-dom.development.js:21626:16)
          at HTMLUnknownElement.callCallback (C:\Users\zaida\OneDrive\Desktop\sanad-property - Copy - Copy\frontend\node_modules\react-dom\cjs\react-dom.development.js:4164:14)
          at HTMLUnknownElement.callTheUserObjectsOperation (C:\Users\zaida\OneDrive\Desktop\sanad-property - Copy - Copy\frontend\node_modules\jsdom\lib\jsdom\living\generated\EventListener.js:26:30)
          at innerInvokeEventListeners (C:\Users\zaida\OneDrive\Desktop\sanad-property - Copy - Copy\frontend\node_modules\jsdom\lib\jsdom\living\events\EventTarget-impl.js:350:25)
          at invokeEventListeners (C:\Users\zaida\OneDrive\Desktop\sanad-property - Copy - Copy\frontend\node_modules\jsdom\lib\jsdom\living\events\EventTarget-impl.js:286:3)
          at HTMLUnknownElementImpl._dispatch (C:\Users\zaida\OneDrive\Desktop\sanad-property - Copy - Copy\frontend\node_modules\jsdom\lib\jsdom\living\events\EventTarget-impl.js:233:9)
          at HTMLUnknownElementImpl.dispatchEvent (C:\Users\zaida\OneDrive\Desktop\sanad-property - Copy - Copy\frontend\node_modules\jsdom\lib\jsdom\living\events\EventTarget-impl.js:104:17)
          at HTMLUnknownElement.dispatchEvent (C:\Users\zaida\OneDrive\Desktop\sanad-property - Copy - Copy\frontend\node_modules\jsdom\lib\jsdom\living\generated\EventTarget.js:241:34)
          at Object.invokeGuardedCallbackDev (C:\Users\zaida\OneDrive\Desktop\sanad-property - Copy - Copy\frontend\node_modules\react-dom\cjs\react-dom.development.js:4213:16)
          at invokeGuardedCallback (C:\Users\zaida\OneDrive\Desktop\sanad-property - Copy - Copy\frontend\node_modules\react-dom\cjs\react-dom.development.js:4277:31)
          at beginWork$1 (C:\Users\zaida\OneDrive\Desktop\sanad-property - Copy - Copy\frontend\node_modules\react-dom\cjs\react-dom.development.js:27490:7)
          at performUnitOfWork (C:\Users\zaida\OneDrive\Desktop\sanad-property - Copy - Copy\frontend\node_modules\react-dom\cjs\react-dom.development.js:26599:12)
          at workLoopSync (C:\Users\zaida\OneDrive\Desktop\sanad-property - Copy - Copy\frontend\node_modules\react-dom\cjs\react-dom.development.js:26505:5)
          at renderRootSync (C:\Users\zaida\OneDrive\Desktop\sanad-property - Copy - Copy\frontend\node_modules\react-dom\cjs\react-dom.development.js:26473:7)
          at recoverFromConcurrentError (C:\Users\zaida\OneDrive\Desktop\sanad-property - Copy - Copy\frontend\node_modules\react-dom\cjs\react-dom.development.js:25889:20)
          at performConcurrentWorkOnRoot (C:\Users\zaida\OneDrive\Desktop\sanad-property - Copy - Copy\frontend\node_modules\react-dom\cjs\react-dom.development.js:25789:22)
          at flushActQueue (C:\Users\zaida\OneDrive\Desktop\sanad-property - Copy - Copy\frontend\node_modules\react\cjs\react.development.js:2667:24)
          at act (C:\Users\zaida\OneDrive\Desktop\sanad-property - Copy - Copy\frontend\node_modules\react\cjs\react.development.js:2582:11)
          at C:\Users\zaida\OneDrive\Desktop\sanad-property - Copy - Copy\frontend\node_modules\@testing-library\react\dist\act-compat.js:46:25
          at renderRoot (C:\Users\zaida\OneDrive\Desktop\sanad-property - Copy - Copy\frontend\node_modules\@testing-library\react\dist\pure.js:189:26)
          at render (C:\Users\zaida\OneDrive\Desktop\sanad-property - Copy - Copy\frontend\node_modules\@testing-library\react\dist\pure.js:291:10)
          at Object.<anonymous> (C:\Users\zaida\OneDrive\Desktop\sanad-property - Copy - Copy\frontend\src\__tests__\finance.test.tsx:114:11)
          at Promise.finally.completed (C:\Users\zaida\OneDrive\Desktop\sanad-property - Copy - Copy\frontend\node_modules\jest-circus\build\jestAdapterInit.js:1557:28)
          at new Promise (<anonymous>)
          at callAsyncCircusFn (C:\Users\zaida\OneDrive\Desktop\sanad-property - Copy - Copy\frontend\node_modules\jest-circus\build\jestAdapterInit.js:1497:10)
          at _callCircusTest (C:\Users\zaida\OneDrive\Desktop\sanad-property - Copy - Copy\frontend\node_modules\jest-circus\build\jestAdapterInit.js:1007:40)
          at processTicksAndRejections (node:internal/process/task_queues:105:5)
          at _runTest (C:\Users\zaida\OneDrive\Desktop\sanad-property - Copy - Copy\frontend\node_modules\jest-circus\build\jestAdapterInit.js:947:3)
          at C:\Users\zaida\OneDrive\Desktop\sanad-property - Copy - Copy\frontend\node_modules\jest-circus\build\jestAdapterInit.js:849:7
          at _runTestsForDescribeBlock (C:\Users\zaida\OneDrive\Desktop\sanad-property - Copy - Copy\frontend\node_modules\jest-circus\build\jestAdapterInit.js:862:11)
          at _runTestsForDescribeBlock (C:\Users\zaida\OneDrive\Desktop\sanad-property - Copy - Copy\frontend\node_modules\jest-circus\build\jestAdapterInit.js:857:11)
          at run (C:\Users\zaida\OneDrive\Desktop\sanad-property - Copy - Copy\frontend\node_modules\jest-circus\build\jestAdapterInit.js:761:3)
          at runAndTransformResultsToJestFormat (C:\Users\zaida\OneDrive\Desktop\sanad-property - Copy - Copy\frontend\node_modules\jest-circus\build\jestAdapterInit.js:1918:21)
          at jestAdapter (C:\Users\zaida\OneDrive\Desktop\sanad-property - Copy - Copy\frontend\node_modules\jest-circus\build\runner.js:101:19)
          at runTestInternal (C:\Users\zaida\OneDrive\Desktop\sanad-property - Copy - Copy\frontend\node_modules\jest-runner\build\index.js:275:16)
          at runTest (C:\Users\zaida\OneDrive\Desktop\sanad-property - Copy - Copy\frontend\node_modules\jest-runner\build\index.js:343:7),
      type: 'unhandled exception'
    }

    [0m [90m 112 |[39m     })[33m;[39m
     [90m 113 |[39m
    [31m[1m>[22m[39m[90m 114 |[39m     render([33m<[39m[33mTrialBalancePage[39m [33m/[39m[33m>[39m)[33m;[39m
     [90m     |[39m           [31m[1m^[22m[39m
     [90m 115 |[39m
     [90m 116 |[39m     [36mawait[39m waitFor(() [33m=>[39m {
     [90m 117 |[39m       expect(screen[33m.[39mgetByText([32m'┘à╪ز┘ê╪د╪▓┘'[39m))[33m.[39mtoBeInTheDocument()[33m;[39m[0m

      at VirtualConsole.<anonymous> (node_modules/@jest/environment-jsdom-abstract/build/index.js:87:23)
      at reportException (node_modules/jsdom/lib/jsdom/living/helpers/runtime-script-errors.js:70:28)
      at innerInvokeEventListeners (node_modules/jsdom/lib/jsdom/living/events/EventTarget-impl.js:353:9)
      at invokeEventListeners (node_modules/jsdom/lib/jsdom/living/events/EventTarget-impl.js:286:3)
      at HTMLUnknownElementImpl._dispatch (node_modules/jsdom/lib/jsdom/living/events/EventTarget-impl.js:233:9)
      at HTMLUnknownElementImpl.dispatchEvent (node_modules/jsdom/lib/jsdom/living/events/EventTarget-impl.js:104:17)
      at HTMLUnknownElement.dispatchEvent (node_modules/jsdom/lib/jsdom/living/generated/EventTarget.js:241:34)
      at Object.invokeGuardedCallbackDev (node_modules/react-dom/cjs/react-dom.development.js:4213:16)
      at invokeGuardedCallback (node_modules/react-dom/cjs/react-dom.development.js:4277:31)
      at beginWork$1 (node_modules/react-dom/cjs/react-dom.development.js:27490:7)
      at performUnitOfWork (node_modules/react-dom/cjs/react-dom.development.js:26599:12)
      at workLoopSync (node_modules/react-dom/cjs/react-dom.development.js:26505:5)
      at renderRootSync (node_modules/react-dom/cjs/react-dom.development.js:26473:7)
      at recoverFromConcurrentError (node_modules/react-dom/cjs/react-dom.development.js:25889:20)
      at performConcurrentWorkOnRoot (node_modules/react-dom/cjs/react-dom.development.js:25789:22)
      at flushActQueue (node_modules/react/cjs/react.development.js:2667:24)
      at act (node_modules/react/cjs/react.development.js:2582:11)
      at node_modules/@testing-library/react/dist/act-compat.js:46:25
      at renderRoot (node_modules/@testing-library/react/dist/pure.js:189:26)
      at render (node_modules/@testing-library/react/dist/pure.js:291:10)
      at Object.<anonymous> (src/__tests__/finance.test.tsx:114:11)

  console.error
    The above error occurred in the <TrialBalancePage> component:
    
        at TrialBalancePage (C:\Users\zaida\OneDrive\Desktop\sanad-property - Copy - Copy\frontend\src\app\dashboard\finance\trial-balance\page.tsx:12:35)
    
    Consider adding an error boundary to your tree to customize error handling behavior.
    Visit https://reactjs.org/link/error-boundaries to learn more about error boundaries.

    [0m [90m 112 |[39m     })[33m;[39m
     [90m 113 |[39m
    [31m[1m>[22m[39m[90m 114 |[39m     render([33m<[39m[33mTrialBalancePage[39m [33m/[39m[33m>[39m)[33m;[39m
     [90m     |[39m           [31m[1m^[22m[39m
     [90m 115 |[39m
     [90m 116 |[39m     [36mawait[39m waitFor(() [33m=>[39m {
     [90m 117 |[39m       expect(screen[33m.[39mgetByText([32m'┘à╪ز┘ê╪د╪▓┘'[39m))[33m.[39mtoBeInTheDocument()[33m;[39m[0m

      at logCapturedError (node_modules/react-dom/cjs/react-dom.development.js:18704:23)
      at update.callback (node_modules/react-dom/cjs/react-dom.development.js:18737:5)
      at callCallback (node_modules/react-dom/cjs/react-dom.development.js:15036:12)
      at commitUpdateQueue (node_modules/react-dom/cjs/react-dom.development.js:15057:9)
      at commitLayoutEffectOnFiber (node_modules/react-dom/cjs/react-dom.development.js:23430:13)
      at commitLayoutMountEffects_complete (node_modules/react-dom/cjs/react-dom.development.js:24727:9)
      at commitLayoutEffects_begin (node_modules/react-dom/cjs/react-dom.development.js:24713:7)
      at commitLayoutEffects (node_modules/react-dom/cjs/react-dom.development.js:24651:3)
      at commitRootImpl (node_modules/react-dom/cjs/react-dom.development.js:26862:5)
      at commitRoot (node_modules/react-dom/cjs/react-dom.development.js:26721:5)
      at finishConcurrentRender (node_modules/react-dom/cjs/react-dom.development.js:25931:9)
      at performConcurrentWorkOnRoot (node_modules/react-dom/cjs/react-dom.development.js:25848:7)
      at flushActQueue (node_modules/react/cjs/react.development.js:2667:24)
      at act (node_modules/react/cjs/react.development.js:2582:11)
      at node_modules/@testing-library/react/dist/act-compat.js:46:25
      at renderRoot (node_modules/@testing-library/react/dist/pure.js:189:26)
      at render (node_modules/@testing-library/react/dist/pure.js:291:10)
      at Object.<anonymous> (src/__tests__/finance.test.tsx:114:11)

  console.error
    Warning: Invalid hook call. Hooks can only be called inside of the body of a function component. This could happen for one of the following reasons:
    1. You might have mismatching versions of React and the renderer (such as React DOM)
    2. You might be breaking the Rules of Hooks
    3. You might have more than one copy of React in the same app
    See https://reactjs.org/link/invalid-hook-call for tips about how to debug and fix this problem.

    [0m [90m 10 |[39m
     [90m 11 |[39m [36mexport[39m [36mdefault[39m [36mfunction[39m [33mTrialBalancePage[39m() {
    [31m[1m>[22m[39m[90m 12 |[39m   [36mconst[39m [data[33m,[39m setData] [33m=[39m useState[33m<[39m[33many[39m[33m>[39m([36mnull[39m)[33m;[39m
     [90m    |[39m                                   [31m[1m^[22m[39m
     [90m 13 |[39m   [36mconst[39m [loading[33m,[39m setLoading] [33m=[39m useState([36mtrue[39m)[33m;[39m
     [90m 14 |[39m   [36mconst[39m [asOfDate[33m,[39m setAsOfDate] [33m=[39m useState([36mnew[39m [33mDate[39m()[33m.[39mtoISOString()[33m.[39mslice([35m0[39m[33m,[39m [35m10[39m))[33m;[39m
     [90m 15 |[39m[0m

      at printWarning (node_modules/react/cjs/react.development.js:209:30)
      at error (node_modules/react/cjs/react.development.js:183:7)
      at resolveDispatcher (node_modules/react/cjs/react.development.js:1592:7)
      at useState (node_modules/react/cjs/react.development.js:1621:20)
      at TrialBalancePage (src/app/dashboard/finance/trial-balance/page.tsx:12:35)
      at renderWithHooks (node_modules/react-dom/cjs/react-dom.development.js:15486:18)
      at mountIndeterminateComponent (node_modules/react-dom/cjs/react-dom.development.js:20103:13)
      at beginWork (node_modules/react-dom/cjs/react-dom.development.js:21626:16)
      at beginWork$1 (node_modules/react-dom/cjs/react-dom.development.js:27465:14)
      at performUnitOfWork (node_modules/react-dom/cjs/react-dom.development.js:26599:12)
      at workLoopSync (node_modules/react-dom/cjs/react-dom.development.js:26505:5)
      at renderRootSync (node_modules/react-dom/cjs/react-dom.development.js:26473:7)
      at performConcurrentWorkOnRoot (node_modules/react-dom/cjs/react-dom.development.js:25777:74)
      at flushActQueue (node_modules/react/cjs/react.development.js:2667:24)
      at act (node_modules/react/cjs/react.development.js:2582:11)
      at node_modules/@testing-library/react/dist/act-compat.js:46:25
      at renderRoot (node_modules/@testing-library/react/dist/pure.js:189:26)
      at render (node_modules/@testing-library/react/dist/pure.js:291:10)
      at Object.<anonymous> (src/__tests__/finance.test.tsx:131:11)

  console.error
    Warning: Invalid hook call. Hooks can only be called inside of the body of a function component. This could happen for one of the following reasons:
    1. You might have mismatching versions of React and the renderer (such as React DOM)
    2. You might be breaking the Rules of Hooks
    3. You might have more than one copy of React in the same app
    See https://reactjs.org/link/invalid-hook-call for tips about how to debug and fix this problem.

    [0m [90m 10 |[39m
     [90m 11 |[39m [36mexport[39m [36mdefault[39m [36mfunction[39m [33mTrialBalancePage[39m() {
    [31m[1m>[22m[39m[90m 12 |[39m   [36mconst[39m [data[33m,[39m setData] [33m=[39m useState[33m<[39m[33many[39m[33m>[39m([36mnull[39m)[33m;[39m
     [90m    |[39m                                   [31m[1m^[22m[39m
     [90m 13 |[39m   [36mconst[39m [loading[33m,[39m setLoading] [33m=[39m useState([36mtrue[39m)[33m;[39m
     [90m 14 |[39m   [36mconst[39m [asOfDate[33m,[39m setAsOfDate] [33m=[39m useState([36mnew[39m [33mDate[39m()[33m.[39mtoISOString()[33m.[39mslice([35m0[39m[33m,[39m [35m10[39m))[33m;[39m
     [90m 15 |[39m[0m

      at printWarning (node_modules/react/cjs/react.development.js:209:30)
      at error (node_modules/react/cjs/react.development.js:183:7)
      at resolveDispatcher (node_modules/react/cjs/react.development.js:1592:7)
      at useState (node_modules/react/cjs/react.development.js:1621:20)
      at TrialBalancePage (src/app/dashboard/finance/trial-balance/page.tsx:12:35)
      at renderWithHooks (node_modules/react-dom/cjs/react-dom.development.js:15486:18)
      at mountIndeterminateComponent (node_modules/react-dom/cjs/react-dom.development.js:20103:13)
      at beginWork (node_modules/react-dom/cjs/react-dom.development.js:21626:16)
      at HTMLUnknownElement.callCallback (node_modules/react-dom/cjs/react-dom.development.js:4164:14)
      at HTMLUnknownElement.callTheUserObjectsOperation (node_modules/jsdom/lib/jsdom/living/generated/EventListener.js:26:30)
      at innerInvokeEventListeners (node_modules/jsdom/lib/jsdom/living/events/EventTarget-impl.js:350:25)
      at invokeEventListeners (node_modules/jsdom/lib/jsdom/living/events/EventTarget-impl.js:286:3)
      at HTMLUnknownElementImpl._dispatch (node_modules/jsdom/lib/jsdom/living/events/EventTarget-impl.js:233:9)
      at HTMLUnknownElementImpl.dispatchEvent (node_modules/jsdom/lib/jsdom/living/events/EventTarget-impl.js:104:17)
      at HTMLUnknownElement.dispatchEvent (node_modules/jsdom/lib/jsdom/living/generated/EventTarget.js:241:34)
      at Object.invokeGuardedCallbackDev (node_modules/react-dom/cjs/react-dom.development.js:4213:16)
      at invokeGuardedCallback (node_modules/react-dom/cjs/react-dom.development.js:4277:31)
      at beginWork$1 (node_modules/react-dom/cjs/react-dom.development.js:27490:7)
      at performUnitOfWork (node_modules/react-dom/cjs/react-dom.development.js:26599:12)
      at workLoopSync (node_modules/react-dom/cjs/react-dom.development.js:26505:5)
      at renderRootSync (node_modules/react-dom/cjs/react-dom.development.js:26473:7)
      at performConcurrentWorkOnRoot (node_modules/react-dom/cjs/react-dom.development.js:25777:74)
      at flushActQueue (node_modules/react/cjs/react.development.js:2667:24)
      at act (node_modules/react/cjs/react.development.js:2582:11)
      at node_modules/@testing-library/react/dist/act-compat.js:46:25
      at renderRoot (node_modules/@testing-library/react/dist/pure.js:189:26)
      at render (node_modules/@testing-library/react/dist/pure.js:291:10)
      at Object.<anonymous> (src/__tests__/finance.test.tsx:131:11)

  console.error
    Error: Uncaught [TypeError: Cannot read properties of null (reading 'useState')]
        at reportException (C:\Users\zaida\OneDrive\Desktop\sanad-property - Copy - Copy\frontend\node_modules\jsdom\lib\jsdom\living\helpers\runtime-script-errors.js:66:24)
        at innerInvokeEventListeners (C:\Users\zaida\OneDrive\Desktop\sanad-property - Copy - Copy\frontend\node_modules\jsdom\lib\jsdom\living\events\EventTarget-impl.js:353:9)
        at invokeEventListeners (C:\Users\zaida\OneDrive\Desktop\sanad-property - Copy - Copy\frontend\node_modules\jsdom\lib\jsdom\living\events\EventTarget-impl.js:286:3)
        at HTMLUnknownElementImpl._dispatch (C:\Users\zaida\OneDrive\Desktop\sanad-property - Copy - Copy\frontend\node_modules\jsdom\lib\jsdom\living\events\EventTarget-impl.js:233:9)
        at HTMLUnknownElementImpl.dispatchEvent (C:\Users\zaida\OneDrive\Desktop\sanad-property - Copy - Copy\frontend\node_modules\jsdom\lib\jsdom\living\events\EventTarget-impl.js:104:17)
        at HTMLUnknownElement.dispatchEvent (C:\Users\zaida\OneDrive\Desktop\sanad-property - Copy - Copy\frontend\node_modules\jsdom\lib\jsdom\living\generated\EventTarget.js:241:34)
        at Object.invokeGuardedCallbackDev (C:\Users\zaida\OneDrive\Desktop\sanad-property - Copy - Copy\frontend\node_modules\react-dom\cjs\react-dom.development.js:4213:16)
        at invokeGuardedCallback (C:\Users\zaida\OneDrive\Desktop\sanad-property - Copy - Copy\frontend\node_modules\react-dom\cjs\react-dom.development.js:4277:31)
        at beginWork$1 (C:\Users\zaida\OneDrive\Desktop\sanad-property - Copy - Copy\frontend\node_modules\react-dom\cjs\react-dom.development.js:27490:7)
        at performUnitOfWork (C:\Users\zaida\OneDrive\Desktop\sanad-property - Copy - Copy\frontend\node_modules\react-dom\cjs\react-dom.development.js:26599:12)
        at workLoopSync (C:\Users\zaida\OneDrive\Desktop\sanad-property - Copy - Copy\frontend\node_modules\react-dom\cjs\react-dom.development.js:26505:5)
        at renderRootSync (C:\Users\zaida\OneDrive\Desktop\sanad-property - Copy - Copy\frontend\node_modules\react-dom\cjs\react-dom.development.js:26473:7)
        at performConcurrentWorkOnRoot (C:\Users\zaida\OneDrive\Desktop\sanad-property - Copy - Copy\frontend\node_modules\react-dom\cjs\react-dom.development.js:25777:74)
        at flushActQueue (C:\Users\zaida\OneDrive\Desktop\sanad-property - Copy - Copy\frontend\node_modules\react\cjs\react.development.js:2667:24)
        at act (C:\Users\zaida\OneDrive\Desktop\sanad-property - Copy - Copy\frontend\node_modules\react\cjs\react.development.js:2582:11)
        at C:\Users\zaida\OneDrive\Desktop\sanad-property - Copy - Copy\frontend\node_modules\@testing-library\react\dist\act-compat.js:46:25
        at renderRoot (C:\Users\zaida\OneDrive\Desktop\sanad-property - Copy - Copy\frontend\node_modules\@testing-library\react\dist\pure.js:189:26)
        at render (C:\Users\zaida\OneDrive\Desktop\sanad-property - Copy - Copy\frontend\node_modules\@testing-library\react\dist\pure.js:291:10)
        at Object.<anonymous> (C:\Users\zaida\OneDrive\Desktop\sanad-property - Copy - Copy\frontend\src\__tests__\finance.test.tsx:131:11)
        at Promise.finally.completed (C:\Users\zaida\OneDrive\Desktop\sanad-property - Copy - Copy\frontend\node_modules\jest-circus\build\jestAdapterInit.js:1557:28)
        at new Promise (<anonymous>)
        at callAsyncCircusFn (C:\Users\zaida\OneDrive\Desktop\sanad-property - Copy - Copy\frontend\node_modules\jest-circus\build\jestAdapterInit.js:1497:10)
        at _callCircusTest (C:\Users\zaida\OneDrive\Desktop\sanad-property - Copy - Copy\frontend\node_modules\jest-circus\build\jestAdapterInit.js:1007:40)
        at processTicksAndRejections (node:internal/process/task_queues:105:5)
        at _runTest (C:\Users\zaida\OneDrive\Desktop\sanad-property - Copy - Copy\frontend\node_modules\jest-circus\build\jestAdapterInit.js:947:3)
        at C:\Users\zaida\OneDrive\Desktop\sanad-property - Copy - Copy\frontend\node_modules\jest-circus\build\jestAdapterInit.js:849:7
        at _runTestsForDescribeBlock (C:\Users\zaida\OneDrive\Desktop\sanad-property - Copy - Copy\frontend\node_modules\jest-circus\build\jestAdapterInit.js:862:11)
        at _runTestsForDescribeBlock (C:\Users\zaida\OneDrive\Desktop\sanad-property - Copy - Copy\frontend\node_modules\jest-circus\build\jestAdapterInit.js:857:11)
        at run (C:\Users\zaida\OneDrive\Desktop\sanad-property - Copy - Copy\frontend\node_modules\jest-circus\build\jestAdapterInit.js:761:3)
        at runAndTransformResultsToJestFormat (C:\Users\zaida\OneDrive\Desktop\sanad-property - Copy - Copy\frontend\node_modules\jest-circus\build\jestAdapterInit.js:1918:21)
        at jestAdapter (C:\Users\zaida\OneDrive\Desktop\sanad-property - Copy - Copy\frontend\node_modules\jest-circus\build\runner.js:101:19)
        at runTestInternal (C:\Users\zaida\OneDrive\Desktop\sanad-property - Copy - Copy\frontend\node_modules\jest-runner\build\index.js:275:16)
        at runTest (C:\Users\zaida\OneDrive\Desktop\sanad-property - Copy - Copy\frontend\node_modules\jest-runner\build\index.js:343:7) {
      detail: TypeError: Cannot read properties of null (reading 'useState')
          at useState (C:\Users\zaida\OneDrive\Desktop\sanad-property - Copy - Copy\frontend\node_modules\react\cjs\react.development.js:1622:21)
          at TrialBalancePage (C:\Users\zaida\OneDrive\Desktop\sanad-property - Copy - Copy\frontend\src\app\dashboard\finance\trial-balance\page.tsx:12:35)
          at renderWithHooks (C:\Users\zaida\OneDrive\Desktop\sanad-property - Copy - Copy\frontend\node_modules\react-dom\cjs\react-dom.development.js:15486:18)
          at mountIndeterminateComponent (C:\Users\zaida\OneDrive\Desktop\sanad-property - Copy - Copy\frontend\node_modules\react-dom\cjs\react-dom.development.js:20103:13)
          at beginWork (C:\Users\zaida\OneDrive\Desktop\sanad-property - Copy - Copy\frontend\node_modules\react-dom\cjs\react-dom.development.js:21626:16)
          at HTMLUnknownElement.callCallback (C:\Users\zaida\OneDrive\Desktop\sanad-property - Copy - Copy\frontend\node_modules\react-dom\cjs\react-dom.development.js:4164:14)
          at HTMLUnknownElement.callTheUserObjectsOperation (C:\Users\zaida\OneDrive\Desktop\sanad-property - Copy - Copy\frontend\node_modules\jsdom\lib\jsdom\living\generated\EventListener.js:26:30)
          at innerInvokeEventListeners (C:\Users\zaida\OneDrive\Desktop\sanad-property - Copy - Copy\frontend\node_modules\jsdom\lib\jsdom\living\events\EventTarget-impl.js:350:25)
          at invokeEventListeners (C:\Users\zaida\OneDrive\Desktop\sanad-property - Copy - Copy\frontend\node_modules\jsdom\lib\jsdom\living\events\EventTarget-impl.js:286:3)
          at HTMLUnknownElementImpl._dispatch (C:\Users\zaida\OneDrive\Desktop\sanad-property - Copy - Copy\frontend\node_modules\jsdom\lib\jsdom\living\events\EventTarget-impl.js:233:9)
          at HTMLUnknownElementImpl.dispatchEvent (C:\Users\zaida\OneDrive\Desktop\sanad-property - Copy - Copy\frontend\node_modules\jsdom\lib\jsdom\living\events\EventTarget-impl.js:104:17)
          at HTMLUnknownElement.dispatchEvent (C:\Users\zaida\OneDrive\Desktop\sanad-property - Copy - Copy\frontend\node_modules\jsdom\lib\jsdom\living\generated\EventTarget.js:241:34)
          at Object.invokeGuardedCallbackDev (C:\Users\zaida\OneDrive\Desktop\sanad-property - Copy - Copy\frontend\node_modules\react-dom\cjs\react-dom.development.js:4213:16)
          at invokeGuardedCallback (C:\Users\zaida\OneDrive\Desktop\sanad-property - Copy - Copy\frontend\node_modules\react-dom\cjs\react-dom.development.js:4277:31)
          at beginWork$1 (C:\Users\zaida\OneDrive\Desktop\sanad-property - Copy - Copy\frontend\node_modules\react-dom\cjs\react-dom.development.js:27490:7)
          at performUnitOfWork (C:\Users\zaida\OneDrive\Desktop\sanad-property - Copy - Copy\frontend\node_modules\react-dom\cjs\react-dom.development.js:26599:12)
          at workLoopSync (C:\Users\zaida\OneDrive\Desktop\sanad-property - Copy - Copy\frontend\node_modules\react-dom\cjs\react-dom.development.js:26505:5)
          at renderRootSync (C:\Users\zaida\OneDrive\Desktop\sanad-property - Copy - Copy\frontend\node_modules\react-dom\cjs\react-dom.development.js:26473:7)
          at performConcurrentWorkOnRoot (C:\Users\zaida\OneDrive\Desktop\sanad-property - Copy - Copy\frontend\node_modules\react-dom\cjs\react-dom.development.js:25777:74)
          at flushActQueue (C:\Users\zaida\OneDrive\Desktop\sanad-property - Copy - Copy\frontend\node_modules\react\cjs\react.development.js:2667:24)
          at act (C:\Users\zaida\OneDrive\Desktop\sanad-property - Copy - Copy\frontend\node_modules\react\cjs\react.development.js:2582:11)
          at C:\Users\zaida\OneDrive\Desktop\sanad-property - Copy - Copy\frontend\node_modules\@testing-library\react\dist\act-compat.js:46:25
          at renderRoot (C:\Users\zaida\OneDrive\Desktop\sanad-property - Copy - Copy\frontend\node_modules\@testing-library\react\dist\pure.js:189:26)
          at render (C:\Users\zaida\OneDrive\Desktop\sanad-property - Copy - Copy\frontend\node_modules\@testing-library\react\dist\pure.js:291:10)
          at Object.<anonymous> (C:\Users\zaida\OneDrive\Desktop\sanad-property - Copy - Copy\frontend\src\__tests__\finance.test.tsx:131:11)
          at Promise.finally.completed (C:\Users\zaida\OneDrive\Desktop\sanad-property - Copy - Copy\frontend\node_modules\jest-circus\build\jestAdapterInit.js:1557:28)
          at new Promise (<anonymous>)
          at callAsyncCircusFn (C:\Users\zaida\OneDrive\Desktop\sanad-property - Copy - Copy\frontend\node_modules\jest-circus\build\jestAdapterInit.js:1497:10)
          at _callCircusTest (C:\Users\zaida\OneDrive\Desktop\sanad-property - Copy - Copy\frontend\node_modules\jest-circus\build\jestAdapterInit.js:1007:40)
          at processTicksAndRejections (node:internal/process/task_queues:105:5)
          at _runTest (C:\Users\zaida\OneDrive\Desktop\sanad-property - Copy - Copy\frontend\node_modules\jest-circus\build\jestAdapterInit.js:947:3)
          at C:\Users\zaida\OneDrive\Desktop\sanad-property - Copy - Copy\frontend\node_modules\jest-circus\build\jestAdapterInit.js:849:7
          at _runTestsForDescribeBlock (C:\Users\zaida\OneDrive\Desktop\sanad-property - Copy - Copy\frontend\node_modules\jest-circus\build\jestAdapterInit.js:862:11)
          at _runTestsForDescribeBlock (C:\Users\zaida\OneDrive\Desktop\sanad-property - Copy - Copy\frontend\node_modules\jest-circus\build\jestAdapterInit.js:857:11)
          at run (C:\Users\zaida\OneDrive\Desktop\sanad-property - Copy - Copy\frontend\node_modules\jest-circus\build\jestAdapterInit.js:761:3)
          at runAndTransformResultsToJestFormat (C:\Users\zaida\OneDrive\Desktop\sanad-property - Copy - Copy\frontend\node_modules\jest-circus\build\jestAdapterInit.js:1918:21)
          at jestAdapter (C:\Users\zaida\OneDrive\Desktop\sanad-property - Copy - Copy\frontend\node_modules\jest-circus\build\runner.js:101:19)
          at runTestInternal (C:\Users\zaida\OneDrive\Desktop\sanad-property - Copy - Copy\frontend\node_modules\jest-runner\build\index.js:275:16)
          at runTest (C:\Users\zaida\OneDrive\Desktop\sanad-property - Copy - Copy\frontend\node_modules\jest-runner\build\index.js:343:7),
      type: 'unhandled exception'
    }

    [0m [90m 129 |[39m     })[33m;[39m
     [90m 130 |[39m
    [31m[1m>[22m[39m[90m 131 |[39m     render([33m<[39m[33mTrialBalancePage[39m [33m/[39m[33m>[39m)[33m;[39m
     [90m     |[39m           [31m[1m^[22m[39m
     [90m 132 |[39m
     [90m 133 |[39m     [36mawait[39m waitFor(() [33m=>[39m {
     [90m 134 |[39m       expect(screen[33m.[39mgetByText([35m/╪║┘è╪▒ ┘à╪ز┘ê╪د╪▓┘/[39m))[33m.[39mtoBeInTheDocument()[33m;[39m[0m

      at VirtualConsole.<anonymous> (node_modules/@jest/environment-jsdom-abstract/build/index.js:87:23)
      at reportException (node_modules/jsdom/lib/jsdom/living/helpers/runtime-script-errors.js:70:28)
      at innerInvokeEventListeners (node_modules/jsdom/lib/jsdom/living/events/EventTarget-impl.js:353:9)
      at invokeEventListeners (node_modules/jsdom/lib/jsdom/living/events/EventTarget-impl.js:286:3)
      at HTMLUnknownElementImpl._dispatch (node_modules/jsdom/lib/jsdom/living/events/EventTarget-impl.js:233:9)
      at HTMLUnknownElementImpl.dispatchEvent (node_modules/jsdom/lib/jsdom/living/events/EventTarget-impl.js:104:17)
      at HTMLUnknownElement.dispatchEvent (node_modules/jsdom/lib/jsdom/living/generated/EventTarget.js:241:34)
      at Object.invokeGuardedCallbackDev (node_modules/react-dom/cjs/react-dom.development.js:4213:16)
      at invokeGuardedCallback (node_modules/react-dom/cjs/react-dom.development.js:4277:31)
      at beginWork$1 (node_modules/react-dom/cjs/react-dom.development.js:27490:7)
      at performUnitOfWork (node_modules/react-dom/cjs/react-dom.development.js:26599:12)
      at workLoopSync (node_modules/react-dom/cjs/react-dom.development.js:26505:5)
      at renderRootSync (node_modules/react-dom/cjs/react-dom.development.js:26473:7)
      at performConcurrentWorkOnRoot (node_modules/react-dom/cjs/react-dom.development.js:25777:74)
      at flushActQueue (node_modules/react/cjs/react.development.js:2667:24)
      at act (node_modules/react/cjs/react.development.js:2582:11)
      at node_modules/@testing-library/react/dist/act-compat.js:46:25
      at renderRoot (node_modules/@testing-library/react/dist/pure.js:189:26)
      at render (node_modules/@testing-library/react/dist/pure.js:291:10)
      at Object.<anonymous> (src/__tests__/finance.test.tsx:131:11)

  console.error
    Warning: Invalid hook call. Hooks can only be called inside of the body of a function component. This could happen for one of the following reasons:
    1. You might have mismatching versions of React and the renderer (such as React DOM)
    2. You might be breaking the Rules of Hooks
    3. You might have more than one copy of React in the same app
    See https://reactjs.org/link/invalid-hook-call for tips about how to debug and fix this problem.

    [0m [90m 10 |[39m
     [90m 11 |[39m [36mexport[39m [36mdefault[39m [36mfunction[39m [33mTrialBalancePage[39m() {
    [31m[1m>[22m[39m[90m 12 |[39m   [36mconst[39m [data[33m,[39m setData] [33m=[39m useState[33m<[39m[33many[39m[33m>[39m([36mnull[39m)[33m;[39m
     [90m    |[39m                                   [31m[1m^[22m[39m
     [90m 13 |[39m   [36mconst[39m [loading[33m,[39m setLoading] [33m=[39m useState([36mtrue[39m)[33m;[39m
     [90m 14 |[39m   [36mconst[39m [asOfDate[33m,[39m setAsOfDate] [33m=[39m useState([36mnew[39m [33mDate[39m()[33m.[39mtoISOString()[33m.[39mslice([35m0[39m[33m,[39m [35m10[39m))[33m;[39m
     [90m 15 |[39m[0m

      at printWarning (node_modules/react/cjs/react.development.js:209:30)
      at error (node_modules/react/cjs/react.development.js:183:7)
      at resolveDispatcher (node_modules/react/cjs/react.development.js:1592:7)
      at useState (node_modules/react/cjs/react.development.js:1621:20)
      at TrialBalancePage (src/app/dashboard/finance/trial-balance/page.tsx:12:35)
      at renderWithHooks (node_modules/react-dom/cjs/react-dom.development.js:15486:18)
      at mountIndeterminateComponent (node_modules/react-dom/cjs/react-dom.development.js:20103:13)
      at beginWork (node_modules/react-dom/cjs/react-dom.development.js:21626:16)
      at beginWork$1 (node_modules/react-dom/cjs/react-dom.development.js:27465:14)
      at performUnitOfWork (node_modules/react-dom/cjs/react-dom.development.js:26599:12)
      at workLoopSync (node_modules/react-dom/cjs/react-dom.development.js:26505:5)
      at renderRootSync (node_modules/react-dom/cjs/react-dom.development.js:26473:7)
      at recoverFromConcurrentError (node_modules/react-dom/cjs/react-dom.development.js:25889:20)
      at performConcurrentWorkOnRoot (node_modules/react-dom/cjs/react-dom.development.js:25789:22)
      at flushActQueue (node_modules/react/cjs/react.development.js:2667:24)
      at act (node_modules/react/cjs/react.development.js:2582:11)
      at node_modules/@testing-library/react/dist/act-compat.js:46:25
      at renderRoot (node_modules/@testing-library/react/dist/pure.js:189:26)
      at render (node_modules/@testing-library/react/dist/pure.js:291:10)
      at Object.<anonymous> (src/__tests__/finance.test.tsx:131:11)

  console.error
    Warning: Invalid hook call. Hooks can only be called inside of the body of a function component. This could happen for one of the following reasons:
    1. You might have mismatching versions of React and the renderer (such as React DOM)
    2. You might be breaking the Rules of Hooks
    3. You might have more than one copy of React in the same app
    See https://reactjs.org/link/invalid-hook-call for tips about how to debug and fix this problem.

    [0m [90m 10 |[39m
     [90m 11 |[39m [36mexport[39m [36mdefault[39m [36mfunction[39m [33mTrialBalancePage[39m() {
    [31m[1m>[22m[39m[90m 12 |[39m   [36mconst[39m [data[33m,[39m setData] [33m=[39m useState[33m<[39m[33many[39m[33m>[39m([36mnull[39m)[33m;[39m
     [90m    |[39m                                   [31m[1m^[22m[39m
     [90m 13 |[39m   [36mconst[39m [loading[33m,[39m setLoading] [33m=[39m useState([36mtrue[39m)[33m;[39m
     [90m 14 |[39m   [36mconst[39m [asOfDate[33m,[39m setAsOfDate] [33m=[39m useState([36mnew[39m [33mDate[39m()[33m.[39mtoISOString()[33m.[39mslice([35m0[39m[33m,[39m [35m10[39m))[33m;[39m
     [90m 15 |[39m[0m

      at printWarning (node_modules/react/cjs/react.development.js:209:30)
      at error (node_modules/react/cjs/react.development.js:183:7)
      at resolveDispatcher (node_modules/react/cjs/react.development.js:1592:7)
      at useState (node_modules/react/cjs/react.development.js:1621:20)
      at TrialBalancePage (src/app/dashboard/finance/trial-balance/page.tsx:12:35)
      at renderWithHooks (node_modules/react-dom/cjs/react-dom.development.js:15486:18)
      at mountIndeterminateComponent (node_modules/react-dom/cjs/react-dom.development.js:20103:13)
      at beginWork (node_modules/react-dom/cjs/react-dom.development.js:21626:16)
      at HTMLUnknownElement.callCallback (node_modules/react-dom/cjs/react-dom.development.js:4164:14)
      at HTMLUnknownElement.callTheUserObjectsOperation (node_modules/jsdom/lib/jsdom/living/generated/EventListener.js:26:30)
      at innerInvokeEventListeners (node_modules/jsdom/lib/jsdom/living/events/EventTarget-impl.js:350:25)
      at invokeEventListeners (node_modules/jsdom/lib/jsdom/living/events/EventTarget-impl.js:286:3)
      at HTMLUnknownElementImpl._dispatch (node_modules/jsdom/lib/jsdom/living/events/EventTarget-impl.js:233:9)
      at HTMLUnknownElementImpl.dispatchEvent (node_modules/jsdom/lib/jsdom/living/events/EventTarget-impl.js:104:17)
      at HTMLUnknownElement.dispatchEvent (node_modules/jsdom/lib/jsdom/living/generated/EventTarget.js:241:34)
      at Object.invokeGuardedCallbackDev (node_modules/react-dom/cjs/react-dom.development.js:4213:16)
      at invokeGuardedCallback (node_modules/react-dom/cjs/react-dom.development.js:4277:31)
      at beginWork$1 (node_modules/react-dom/cjs/react-dom.development.js:27490:7)
      at performUnitOfWork (node_modules/react-dom/cjs/react-dom.development.js:26599:12)
      at workLoopSync (node_modules/react-dom/cjs/react-dom.development.js:26505:5)
      at renderRootSync (node_modules/react-dom/cjs/react-dom.development.js:26473:7)
      at recoverFromConcurrentError (node_modules/react-dom/cjs/react-dom.development.js:25889:20)
      at performConcurrentWorkOnRoot (node_modules/react-dom/cjs/react-dom.development.js:25789:22)
      at flushActQueue (node_modules/react/cjs/react.development.js:2667:24)
      at act (node_modules/react/cjs/react.development.js:2582:11)
      at node_modules/@testing-library/react/dist/act-compat.js:46:25
      at renderRoot (node_modules/@testing-library/react/dist/pure.js:189:26)
      at render (node_modules/@testing-library/react/dist/pure.js:291:10)
      at Object.<anonymous> (src/__tests__/finance.test.tsx:131:11)

  console.error
    Error: Uncaught [TypeError: Cannot read properties of null (reading 'useState')]
        at reportException (C:\Users\zaida\OneDrive\Desktop\sanad-property - Copy - Copy\frontend\node_modules\jsdom\lib\jsdom\living\helpers\runtime-script-errors.js:66:24)
        at innerInvokeEventListeners (C:\Users\zaida\OneDrive\Desktop\sanad-property - Copy - Copy\frontend\node_modules\jsdom\lib\jsdom\living\events\EventTarget-impl.js:353:9)
        at invokeEventListeners (C:\Users\zaida\OneDrive\Desktop\sanad-property - Copy - Copy\frontend\node_modules\jsdom\lib\jsdom\living\events\EventTarget-impl.js:286:3)
        at HTMLUnknownElementImpl._dispatch (C:\Users\zaida\OneDrive\Desktop\sanad-property - Copy - Copy\frontend\node_modules\jsdom\lib\jsdom\living\events\EventTarget-impl.js:233:9)
        at HTMLUnknownElementImpl.dispatchEvent (C:\Users\zaida\OneDrive\Desktop\sanad-property - Copy - Copy\frontend\node_modules\jsdom\lib\jsdom\living\events\EventTarget-impl.js:104:17)
        at HTMLUnknownElement.dispatchEvent (C:\Users\zaida\OneDrive\Desktop\sanad-property - Copy - Copy\frontend\node_modules\jsdom\lib\jsdom\living\generated\EventTarget.js:241:34)
        at Object.invokeGuardedCallbackDev (C:\Users\zaida\OneDrive\Desktop\sanad-property - Copy - Copy\frontend\node_modules\react-dom\cjs\react-dom.development.js:4213:16)
        at invokeGuardedCallback (C:\Users\zaida\OneDrive\Desktop\sanad-property - Copy - Copy\frontend\node_modules\react-dom\cjs\react-dom.development.js:4277:31)
        at beginWork$1 (C:\Users\zaida\OneDrive\Desktop\sanad-property - Copy - Copy\frontend\node_modules\react-dom\cjs\react-dom.development.js:27490:7)
        at performUnitOfWork (C:\Users\zaida\OneDrive\Desktop\sanad-property - Copy - Copy\frontend\node_modules\react-dom\cjs\react-dom.development.js:26599:12)
        at workLoopSync (C:\Users\zaida\OneDrive\Desktop\sanad-property - Copy - Copy\frontend\node_modules\react-dom\cjs\react-dom.development.js:26505:5)
        at renderRootSync (C:\Users\zaida\OneDrive\Desktop\sanad-property - Copy - Copy\frontend\node_modules\react-dom\cjs\react-dom.development.js:26473:7)
        at recoverFromConcurrentError (C:\Users\zaida\OneDrive\Desktop\sanad-property - Copy - Copy\frontend\node_modules\react-dom\cjs\react-dom.development.js:25889:20)
        at performConcurrentWorkOnRoot (C:\Users\zaida\OneDrive\Desktop\sanad-property - Copy - Copy\frontend\node_modules\react-dom\cjs\react-dom.development.js:25789:22)
        at flushActQueue (C:\Users\zaida\OneDrive\Desktop\sanad-property - Copy - Copy\frontend\node_modules\react\cjs\react.development.js:2667:24)
        at act (C:\Users\zaida\OneDrive\Desktop\sanad-property - Copy - Copy\frontend\node_modules\react\cjs\react.development.js:2582:11)
        at C:\Users\zaida\OneDrive\Desktop\sanad-property - Copy - Copy\frontend\node_modules\@testing-library\react\dist\act-compat.js:46:25
        at renderRoot (C:\Users\zaida\OneDrive\Desktop\sanad-property - Copy - Copy\frontend\node_modules\@testing-library\react\dist\pure.js:189:26)
        at render (C:\Users\zaida\OneDrive\Desktop\sanad-property - Copy - Copy\frontend\node_modules\@testing-library\react\dist\pure.js:291:10)
        at Object.<anonymous> (C:\Users\zaida\OneDrive\Desktop\sanad-property - Copy - Copy\frontend\src\__tests__\finance.test.tsx:131:11)
        at Promise.finally.completed (C:\Users\zaida\OneDrive\Desktop\sanad-property - Copy - Copy\frontend\node_modules\jest-circus\build\jestAdapterInit.js:1557:28)
        at new Promise (<anonymous>)
        at callAsyncCircusFn (C:\Users\zaida\OneDrive\Desktop\sanad-property - Copy - Copy\frontend\node_modules\jest-circus\build\jestAdapterInit.js:1497:10)
        at _callCircusTest (C:\Users\zaida\OneDrive\Desktop\sanad-property - Copy - Copy\frontend\node_modules\jest-circus\build\jestAdapterInit.js:1007:40)
        at processTicksAndRejections (node:internal/process/task_queues:105:5)
        at _runTest (C:\Users\zaida\OneDrive\Desktop\sanad-property - Copy - Copy\frontend\node_modules\jest-circus\build\jestAdapterInit.js:947:3)
        at C:\Users\zaida\OneDrive\Desktop\sanad-property - Copy - Copy\frontend\node_modules\jest-circus\build\jestAdapterInit.js:849:7
        at _runTestsForDescribeBlock (C:\Users\zaida\OneDrive\Desktop\sanad-property - Copy - Copy\frontend\node_modules\jest-circus\build\jestAdapterInit.js:862:11)
        at _runTestsForDescribeBlock (C:\Users\zaida\OneDrive\Desktop\sanad-property - Copy - Copy\frontend\node_modules\jest-circus\build\jestAdapterInit.js:857:11)
        at run (C:\Users\zaida\OneDrive\Desktop\sanad-property - Copy - Copy\frontend\node_modules\jest-circus\build\jestAdapterInit.js:761:3)
        at runAndTransformResultsToJestFormat (C:\Users\zaida\OneDrive\Desktop\sanad-property - Copy - Copy\frontend\node_modules\jest-circus\build\jestAdapterInit.js:1918:21)
        at jestAdapter (C:\Users\zaida\OneDrive\Desktop\sanad-property - Copy - Copy\frontend\node_modules\jest-circus\build\runner.js:101:19)
        at runTestInternal (C:\Users\zaida\OneDrive\Desktop\sanad-property - Copy - Copy\frontend\node_modules\jest-runner\build\index.js:275:16)
        at runTest (C:\Users\zaida\OneDrive\Desktop\sanad-property - Copy - Copy\frontend\node_modules\jest-runner\build\index.js:343:7) {
      detail: TypeError: Cannot read properties of null (reading 'useState')
          at useState (C:\Users\zaida\OneDrive\Desktop\sanad-property - Copy - Copy\frontend\node_modules\react\cjs\react.development.js:1622:21)
          at TrialBalancePage (C:\Users\zaida\OneDrive\Desktop\sanad-property - Copy - Copy\frontend\src\app\dashboard\finance\trial-balance\page.tsx:12:35)
          at renderWithHooks (C:\Users\zaida\OneDrive\Desktop\sanad-property - Copy - Copy\frontend\node_modules\react-dom\cjs\react-dom.development.js:15486:18)
          at mountIndeterminateComponent (C:\Users\zaida\OneDrive\Desktop\sanad-property - Copy - Copy\frontend\node_modules\react-dom\cjs\react-dom.development.js:20103:13)
          at beginWork (C:\Users\zaida\OneDrive\Desktop\sanad-property - Copy - Copy\frontend\node_modules\react-dom\cjs\react-dom.development.js:21626:16)
          at HTMLUnknownElement.callCallback (C:\Users\zaida\OneDrive\Desktop\sanad-property - Copy - Copy\frontend\node_modules\react-dom\cjs\react-dom.development.js:4164:14)
          at HTMLUnknownElement.callTheUserObjectsOperation (C:\Users\zaida\OneDrive\Desktop\sanad-property - Copy - Copy\frontend\node_modules\jsdom\lib\jsdom\living\generated\EventListener.js:26:30)
          at innerInvokeEventListeners (C:\Users\zaida\OneDrive\Desktop\sanad-property - Copy - Copy\frontend\node_modules\jsdom\lib\jsdom\living\events\EventTarget-impl.js:350:25)
          at invokeEventListeners (C:\Users\zaida\OneDrive\Desktop\sanad-property - Copy - Copy\frontend\node_modules\jsdom\lib\jsdom\living\events\EventTarget-impl.js:286:3)
          at HTMLUnknownElementImpl._dispatch (C:\Users\zaida\OneDrive\Desktop\sanad-property - Copy - Copy\frontend\node_modules\jsdom\lib\jsdom\living\events\EventTarget-impl.js:233:9)
          at HTMLUnknownElementImpl.dispatchEvent (C:\Users\zaida\OneDrive\Desktop\sanad-property - Copy - Copy\frontend\node_modules\jsdom\lib\jsdom\living\events\EventTarget-impl.js:104:17)
          at HTMLUnknownElement.dispatchEvent (C:\Users\zaida\OneDrive\Desktop\sanad-property - Copy - Copy\frontend\node_modules\jsdom\lib\jsdom\living\generated\EventTarget.js:241:34)
          at Object.invokeGuardedCallbackDev (C:\Users\zaida\OneDrive\Desktop\sanad-property - Copy - Copy\frontend\node_modules\react-dom\cjs\react-dom.development.js:4213:16)
          at invokeGuardedCallback (C:\Users\zaida\OneDrive\Desktop\sanad-property - Copy - Copy\frontend\node_modules\react-dom\cjs\react-dom.development.js:4277:31)
          at beginWork$1 (C:\Users\zaida\OneDrive\Desktop\sanad-property - Copy - Copy\frontend\node_modules\react-dom\cjs\react-dom.development.js:27490:7)
          at performUnitOfWork (C:\Users\zaida\OneDrive\Desktop\sanad-property - Copy - Copy\frontend\node_modules\react-dom\cjs\react-dom.development.js:26599:12)
          at workLoopSync (C:\Users\zaida\OneDrive\Desktop\sanad-property - Copy - Copy\frontend\node_modules\react-dom\cjs\react-dom.development.js:26505:5)
          at renderRootSync (C:\Users\zaida\OneDrive\Desktop\sanad-property - Copy - Copy\frontend\node_modules\react-dom\cjs\react-dom.development.js:26473:7)
          at recoverFromConcurrentError (C:\Users\zaida\OneDrive\Desktop\sanad-property - Copy - Copy\frontend\node_modules\react-dom\cjs\react-dom.development.js:25889:20)
          at performConcurrentWorkOnRoot (C:\Users\zaida\OneDrive\Desktop\sanad-property - Copy - Copy\frontend\node_modules\react-dom\cjs\react-dom.development.js:25789:22)
          at flushActQueue (C:\Users\zaida\OneDrive\Desktop\sanad-property - Copy - Copy\frontend\node_modules\react\cjs\react.development.js:2667:24)
          at act (C:\Users\zaida\OneDrive\Desktop\sanad-property - Copy - Copy\frontend\node_modules\react\cjs\react.development.js:2582:11)
          at C:\Users\zaida\OneDrive\Desktop\sanad-property - Copy - Copy\frontend\node_modules\@testing-library\react\dist\act-compat.js:46:25
          at renderRoot (C:\Users\zaida\OneDrive\Desktop\sanad-property - Copy - Copy\frontend\node_modules\@testing-library\react\dist\pure.js:189:26)
          at render (C:\Users\zaida\OneDrive\Desktop\sanad-property - Copy - Copy\frontend\node_modules\@testing-library\react\dist\pure.js:291:10)
          at Object.<anonymous> (C:\Users\zaida\OneDrive\Desktop\sanad-property - Copy - Copy\frontend\src\__tests__\finance.test.tsx:131:11)
          at Promise.finally.completed (C:\Users\zaida\OneDrive\Desktop\sanad-property - Copy - Copy\frontend\node_modules\jest-circus\build\jestAdapterInit.js:1557:28)
          at new Promise (<anonymous>)
          at callAsyncCircusFn (C:\Users\zaida\OneDrive\Desktop\sanad-property - Copy - Copy\frontend\node_modules\jest-circus\build\jestAdapterInit.js:1497:10)
          at _callCircusTest (C:\Users\zaida\OneDrive\Desktop\sanad-property - Copy - Copy\frontend\node_modules\jest-circus\build\jestAdapterInit.js:1007:40)
          at processTicksAndRejections (node:internal/process/task_queues:105:5)
          at _runTest (C:\Users\zaida\OneDrive\Desktop\sanad-property - Copy - Copy\frontend\node_modules\jest-circus\build\jestAdapterInit.js:947:3)
          at C:\Users\zaida\OneDrive\Desktop\sanad-property - Copy - Copy\frontend\node_modules\jest-circus\build\jestAdapterInit.js:849:7
          at _runTestsForDescribeBlock (C:\Users\zaida\OneDrive\Desktop\sanad-property - Copy - Copy\frontend\node_modules\jest-circus\build\jestAdapterInit.js:862:11)
          at _runTestsForDescribeBlock (C:\Users\zaida\OneDrive\Desktop\sanad-property - Copy - Copy\frontend\node_modules\jest-circus\build\jestAdapterInit.js:857:11)
          at run (C:\Users\zaida\OneDrive\Desktop\sanad-property - Copy - Copy\frontend\node_modules\jest-circus\build\jestAdapterInit.js:761:3)
          at runAndTransformResultsToJestFormat (C:\Users\zaida\OneDrive\Desktop\sanad-property - Copy - Copy\frontend\node_modules\jest-circus\build\jestAdapterInit.js:1918:21)
          at jestAdapter (C:\Users\zaida\OneDrive\Desktop\sanad-property - Copy - Copy\frontend\node_modules\jest-circus\build\runner.js:101:19)
          at runTestInternal (C:\Users\zaida\OneDrive\Desktop\sanad-property - Copy - Copy\frontend\node_modules\jest-runner\build\index.js:275:16)
          at runTest (C:\Users\zaida\OneDrive\Desktop\sanad-property - Copy - Copy\frontend\node_modules\jest-runner\build\index.js:343:7),
      type: 'unhandled exception'
    }

    [0m [90m 129 |[39m     })[33m;[39m
     [90m 130 |[39m
    [31m[1m>[22m[39m[90m 131 |[39m     render([33m<[39m[33mTrialBalancePage[39m [33m/[39m[33m>[39m)[33m;[39m
     [90m     |[39m           [31m[1m^[22m[39m
     [90m 132 |[39m
     [90m 133 |[39m     [36mawait[39m waitFor(() [33m=>[39m {
     [90m 134 |[39m       expect(screen[33m.[39mgetByText([35m/╪║┘è╪▒ ┘à╪ز┘ê╪د╪▓┘/[39m))[33m.[39mtoBeInTheDocument()[33m;[39m[0m

      at VirtualConsole.<anonymous> (node_modules/@jest/environment-jsdom-abstract/build/index.js:87:23)
      at reportException (node_modules/jsdom/lib/jsdom/living/helpers/runtime-script-errors.js:70:28)
      at innerInvokeEventListeners (node_modules/jsdom/lib/jsdom/living/events/EventTarget-impl.js:353:9)
      at invokeEventListeners (node_modules/jsdom/lib/jsdom/living/events/EventTarget-impl.js:286:3)
      at HTMLUnknownElementImpl._dispatch (node_modules/jsdom/lib/jsdom/living/events/EventTarget-impl.js:233:9)
      at HTMLUnknownElementImpl.dispatchEvent (node_modules/jsdom/lib/jsdom/living/events/EventTarget-impl.js:104:17)
      at HTMLUnknownElement.dispatchEvent (node_modules/jsdom/lib/jsdom/living/generated/EventTarget.js:241:34)
      at Object.invokeGuardedCallbackDev (node_modules/react-dom/cjs/react-dom.development.js:4213:16)
      at invokeGuardedCallback (node_modules/react-dom/cjs/react-dom.development.js:4277:31)
      at beginWork$1 (node_modules/react-dom/cjs/react-dom.development.js:27490:7)
      at performUnitOfWork (node_modules/react-dom/cjs/react-dom.development.js:26599:12)
      at workLoopSync (node_modules/react-dom/cjs/react-dom.development.js:26505:5)
      at renderRootSync (node_modules/react-dom/cjs/react-dom.development.js:26473:7)
      at recoverFromConcurrentError (node_modules/react-dom/cjs/react-dom.development.js:25889:20)
      at performConcurrentWorkOnRoot (node_modules/react-dom/cjs/react-dom.development.js:25789:22)
      at flushActQueue (node_modules/react/cjs/react.development.js:2667:24)
      at act (node_modules/react/cjs/react.development.js:2582:11)
      at node_modules/@testing-library/react/dist/act-compat.js:46:25
      at renderRoot (node_modules/@testing-library/react/dist/pure.js:189:26)
      at render (node_modules/@testing-library/react/dist/pure.js:291:10)
      at Object.<anonymous> (src/__tests__/finance.test.tsx:131:11)

  console.error
    The above error occurred in the <TrialBalancePage> component:
    
        at TrialBalancePage (C:\Users\zaida\OneDrive\Desktop\sanad-property - Copy - Copy\frontend\src\app\dashboard\finance\trial-balance\page.tsx:12:35)
    
    Consider adding an error boundary to your tree to customize error handling behavior.
    Visit https://reactjs.org/link/error-boundaries to learn more about error boundaries.

    [0m [90m 129 |[39m     })[33m;[39m
     [90m 130 |[39m
    [31m[1m>[22m[39m[90m 131 |[39m     render([33m<[39m[33mTrialBalancePage[39m [33m/[39m[33m>[39m)[33m;[39m
     [90m     |[39m           [31m[1m^[22m[39m
     [90m 132 |[39m
     [90m 133 |[39m     [36mawait[39m waitFor(() [33m=>[39m {
     [90m 134 |[39m       expect(screen[33m.[39mgetByText([35m/╪║┘è╪▒ ┘à╪ز┘ê╪د╪▓┘/[39m))[33m.[39mtoBeInTheDocument()[33m;[39m[0m

      at logCapturedError (node_modules/react-dom/cjs/react-dom.development.js:18704:23)
      at update.callback (node_modules/react-dom/cjs/react-dom.development.js:18737:5)
      at callCallback (node_modules/react-dom/cjs/react-dom.development.js:15036:12)
      at commitUpdateQueue (node_modules/react-dom/cjs/react-dom.development.js:15057:9)
      at commitLayoutEffectOnFiber (node_modules/react-dom/cjs/react-dom.development.js:23430:13)
      at commitLayoutMountEffects_complete (node_modules/react-dom/cjs/react-dom.development.js:24727:9)
      at commitLayoutEffects_begin (node_modules/react-dom/cjs/react-dom.development.js:24713:7)
      at commitLayoutEffects (node_modules/react-dom/cjs/react-dom.development.js:24651:3)
      at commitRootImpl (node_modules/react-dom/cjs/react-dom.development.js:26862:5)
      at commitRoot (node_modules/react-dom/cjs/react-dom.development.js:26721:5)
      at finishConcurrentRender (node_modules/react-dom/cjs/react-dom.development.js:25931:9)
      at performConcurrentWorkOnRoot (node_modules/react-dom/cjs/react-dom.development.js:25848:7)
      at flushActQueue (node_modules/react/cjs/react.development.js:2667:24)
      at act (node_modules/react/cjs/react.development.js:2582:11)
      at node_modules/@testing-library/react/dist/act-compat.js:46:25
      at renderRoot (node_modules/@testing-library/react/dist/pure.js:189:26)
      at render (node_modules/@testing-library/react/dist/pure.js:291:10)
      at Object.<anonymous> (src/__tests__/finance.test.tsx:131:11)

  console.error
    Warning: Invalid hook call. Hooks can only be called inside of the body of a function component. This could happen for one of the following reasons:
    1. You might have mismatching versions of React and the renderer (such as React DOM)
    2. You might be breaking the Rules of Hooks
    3. You might have more than one copy of React in the same app
    See https://reactjs.org/link/invalid-hook-call for tips about how to debug and fix this problem.

    [0m [90m 14 |[39m
     [90m 15 |[39m [36mexport[39m [36mfunction[39m [33mAccountCombobox[39m({ value[33m,[39m onChange[33m,[39m placeholder [33m=[39m [32m"╪ذ╪ص╪س ╪╣┘ ╪ص╪│╪د╪ذ..."[39m[33m,[39m className[33m,[39m filterType }[33m:[39m [33mAccountComboboxProps[39m) {
    [31m[1m>[22m[39m[90m 16 |[39m   [36mconst[39m [accounts[33m,[39m setAccounts] [33m=[39m useState[33m<[39m[33mAccount[39m[][33m>[39m([])[33m;[39m
     [90m    |[39m                                           [31m[1m^[22m[39m
     [90m 17 |[39m   [36mconst[39m [open[33m,[39m setOpen] [33m=[39m useState([36mfalse[39m)[33m;[39m
     [90m 18 |[39m   [36mconst[39m [search[33m,[39m setSearch] [33m=[39m useState([32m''[39m)[33m;[39m
     [90m 19 |[39m[0m

      at printWarning (node_modules/react/cjs/react.development.js:209:30)
      at error (node_modules/react/cjs/react.development.js:183:7)
      at resolveDispatcher (node_modules/react/cjs/react.development.js:1592:7)
      at useState (node_modules/react/cjs/react.development.js:1621:20)
      at AccountCombobox (src/components/finance/AccountCombobox.tsx:16:43)
      at renderWithHooks (node_modules/react-dom/cjs/react-dom.development.js:15486:18)
      at mountIndeterminateComponent (node_modules/react-dom/cjs/react-dom.development.js:20103:13)
      at beginWork (node_modules/react-dom/cjs/react-dom.development.js:21626:16)
      at beginWork$1 (node_modules/react-dom/cjs/react-dom.development.js:27465:14)
      at performUnitOfWork (node_modules/react-dom/cjs/react-dom.development.js:26599:12)
      at workLoopSync (node_modules/react-dom/cjs/react-dom.development.js:26505:5)
      at renderRootSync (node_modules/react-dom/cjs/react-dom.development.js:26473:7)
      at performConcurrentWorkOnRoot (node_modules/react-dom/cjs/react-dom.development.js:25777:74)
      at flushActQueue (node_modules/react/cjs/react.development.js:2667:24)
      at act (node_modules/react/cjs/react.development.js:2582:11)
      at node_modules/@testing-library/react/dist/act-compat.js:46:25
      at renderRoot (node_modules/@testing-library/react/dist/pure.js:189:26)
      at render (node_modules/@testing-library/react/dist/pure.js:291:10)
      at Object.<anonymous> (src/__tests__/finance.test.tsx:151:11)

  console.error
    Warning: Invalid hook call. Hooks can only be called inside of the body of a function component. This could happen for one of the following reasons:
    1. You might have mismatching versions of React and the renderer (such as React DOM)
    2. You might be breaking the Rules of Hooks
    3. You might have more than one copy of React in the same app
    See https://reactjs.org/link/invalid-hook-call for tips about how to debug and fix this problem.

    [0m [90m 14 |[39m
     [90m 15 |[39m [36mexport[39m [36mfunction[39m [33mAccountCombobox[39m({ value[33m,[39m onChange[33m,[39m placeholder [33m=[39m [32m"╪ذ╪ص╪س ╪╣┘ ╪ص╪│╪د╪ذ..."[39m[33m,[39m className[33m,[39m filterType }[33m:[39m [33mAccountComboboxProps[39m) {
    [31m[1m>[22m[39m[90m 16 |[39m   [36mconst[39m [accounts[33m,[39m setAccounts] [33m=[39m useState[33m<[39m[33mAccount[39m[][33m>[39m([])[33m;[39m
     [90m    |[39m                                           [31m[1m^[22m[39m
     [90m 17 |[39m   [36mconst[39m [open[33m,[39m setOpen] [33m=[39m useState([36mfalse[39m)[33m;[39m
     [90m 18 |[39m   [36mconst[39m [search[33m,[39m setSearch] [33m=[39m useState([32m''[39m)[33m;[39m
     [90m 19 |[39m[0m

      at printWarning (node_modules/react/cjs/react.development.js:209:30)
      at error (node_modules/react/cjs/react.development.js:183:7)
      at resolveDispatcher (node_modules/react/cjs/react.development.js:1592:7)
      at useState (node_modules/react/cjs/react.development.js:1621:20)
      at AccountCombobox (src/components/finance/AccountCombobox.tsx:16:43)
      at renderWithHooks (node_modules/react-dom/cjs/react-dom.development.js:15486:18)
      at mountIndeterminateComponent (node_modules/react-dom/cjs/react-dom.development.js:20103:13)
      at beginWork (node_modules/react-dom/cjs/react-dom.development.js:21626:16)
      at HTMLUnknownElement.callCallback (node_modules/react-dom/cjs/react-dom.development.js:4164:14)
      at HTMLUnknownElement.callTheUserObjectsOperation (node_modules/jsdom/lib/jsdom/living/generated/EventListener.js:26:30)
      at innerInvokeEventListeners (node_modules/jsdom/lib/jsdom/living/events/EventTarget-impl.js:350:25)
      at invokeEventListeners (node_modules/jsdom/lib/jsdom/living/events/EventTarget-impl.js:286:3)
      at HTMLUnknownElementImpl._dispatch (node_modules/jsdom/lib/jsdom/living/events/EventTarget-impl.js:233:9)
      at HTMLUnknownElementImpl.dispatchEvent (node_modules/jsdom/lib/jsdom/living/events/EventTarget-impl.js:104:17)
      at HTMLUnknownElement.dispatchEvent (node_modules/jsdom/lib/jsdom/living/generated/EventTarget.js:241:34)
      at Object.invokeGuardedCallbackDev (node_modules/react-dom/cjs/react-dom.development.js:4213:16)
      at invokeGuardedCallback (node_modules/react-dom/cjs/react-dom.development.js:4277:31)
      at beginWork$1 (node_modules/react-dom/cjs/react-dom.development.js:27490:7)
      at performUnitOfWork (node_modules/react-dom/cjs/react-dom.development.js:26599:12)
      at workLoopSync (node_modules/react-dom/cjs/react-dom.development.js:26505:5)
      at renderRootSync (node_modules/react-dom/cjs/react-dom.development.js:26473:7)
      at performConcurrentWorkOnRoot (node_modules/react-dom/cjs/react-dom.development.js:25777:74)
      at flushActQueue (node_modules/react/cjs/react.development.js:2667:24)
      at act (node_modules/react/cjs/react.development.js:2582:11)
      at node_modules/@testing-library/react/dist/act-compat.js:46:25
      at renderRoot (node_modules/@testing-library/react/dist/pure.js:189:26)
      at render (node_modules/@testing-library/react/dist/pure.js:291:10)
      at Object.<anonymous> (src/__tests__/finance.test.tsx:151:11)

  console.error
    Error: Uncaught [TypeError: Cannot read properties of null (reading 'useState')]
        at reportException (C:\Users\zaida\OneDrive\Desktop\sanad-property - Copy - Copy\frontend\node_modules\jsdom\lib\jsdom\living\helpers\runtime-script-errors.js:66:24)
        at innerInvokeEventListeners (C:\Users\zaida\OneDrive\Desktop\sanad-property - Copy - Copy\frontend\node_modules\jsdom\lib\jsdom\living\events\EventTarget-impl.js:353:9)
        at invokeEventListeners (C:\Users\zaida\OneDrive\Desktop\sanad-property - Copy - Copy\frontend\node_modules\jsdom\lib\jsdom\living\events\EventTarget-impl.js:286:3)
        at HTMLUnknownElementImpl._dispatch (C:\Users\zaida\OneDrive\Desktop\sanad-property - Copy - Copy\frontend\node_modules\jsdom\lib\jsdom\living\events\EventTarget-impl.js:233:9)
        at HTMLUnknownElementImpl.dispatchEvent (C:\Users\zaida\OneDrive\Desktop\sanad-property - Copy - Copy\frontend\node_modules\jsdom\lib\jsdom\living\events\EventTarget-impl.js:104:17)
        at HTMLUnknownElement.dispatchEvent (C:\Users\zaida\OneDrive\Desktop\sanad-property - Copy - Copy\frontend\node_modules\jsdom\lib\jsdom\living\generated\EventTarget.js:241:34)
        at Object.invokeGuardedCallbackDev (C:\Users\zaida\OneDrive\Desktop\sanad-property - Copy - Copy\frontend\node_modules\react-dom\cjs\react-dom.development.js:4213:16)
        at invokeGuardedCallback (C:\Users\zaida\OneDrive\Desktop\sanad-property - Copy - Copy\frontend\node_modules\react-dom\cjs\react-dom.development.js:4277:31)
        at beginWork$1 (C:\Users\zaida\OneDrive\Desktop\sanad-property - Copy - Copy\frontend\node_modules\react-dom\cjs\react-dom.development.js:27490:7)
        at performUnitOfWork (C:\Users\zaida\OneDrive\Desktop\sanad-property - Copy - Copy\frontend\node_modules\react-dom\cjs\react-dom.development.js:26599:12)
        at workLoopSync (C:\Users\zaida\OneDrive\Desktop\sanad-property - Copy - Copy\frontend\node_modules\react-dom\cjs\react-dom.development.js:26505:5)
        at renderRootSync (C:\Users\zaida\OneDrive\Desktop\sanad-property - Copy - Copy\frontend\node_modules\react-dom\cjs\react-dom.development.js:26473:7)
        at performConcurrentWorkOnRoot (C:\Users\zaida\OneDrive\Desktop\sanad-property - Copy - Copy\frontend\node_modules\react-dom\cjs\react-dom.development.js:25777:74)
        at flushActQueue (C:\Users\zaida\OneDrive\Desktop\sanad-property - Copy - Copy\frontend\node_modules\react\cjs\react.development.js:2667:24)
        at act (C:\Users\zaida\OneDrive\Desktop\sanad-property - Copy - Copy\frontend\node_modules\react\cjs\react.development.js:2582:11)
        at C:\Users\zaida\OneDrive\Desktop\sanad-property - Copy - Copy\frontend\node_modules\@testing-library\react\dist\act-compat.js:46:25
        at renderRoot (C:\Users\zaida\OneDrive\Desktop\sanad-property - Copy - Copy\frontend\node_modules\@testing-library\react\dist\pure.js:189:26)
        at render (C:\Users\zaida\OneDrive\Desktop\sanad-property - Copy - Copy\frontend\node_modules\@testing-library\react\dist\pure.js:291:10)
        at Object.<anonymous> (C:\Users\zaida\OneDrive\Desktop\sanad-property - Copy - Copy\frontend\src\__tests__\finance.test.tsx:151:11)
        at Promise.finally.completed (C:\Users\zaida\OneDrive\Desktop\sanad-property - Copy - Copy\frontend\node_modules\jest-circus\build\jestAdapterInit.js:1557:28)
        at new Promise (<anonymous>)
        at callAsyncCircusFn (C:\Users\zaida\OneDrive\Desktop\sanad-property - Copy - Copy\frontend\node_modules\jest-circus\build\jestAdapterInit.js:1497:10)
        at _callCircusTest (C:\Users\zaida\OneDrive\Desktop\sanad-property - Copy - Copy\frontend\node_modules\jest-circus\build\jestAdapterInit.js:1007:40)
        at processTicksAndRejections (node:internal/process/task_queues:105:5)
        at _runTest (C:\Users\zaida\OneDrive\Desktop\sanad-property - Copy - Copy\frontend\node_modules\jest-circus\build\jestAdapterInit.js:947:3)
        at C:\Users\zaida\OneDrive\Desktop\sanad-property - Copy - Copy\frontend\node_modules\jest-circus\build\jestAdapterInit.js:849:7
        at _runTestsForDescribeBlock (C:\Users\zaida\OneDrive\Desktop\sanad-property - Copy - Copy\frontend\node_modules\jest-circus\build\jestAdapterInit.js:862:11)
        at _runTestsForDescribeBlock (C:\Users\zaida\OneDrive\Desktop\sanad-property - Copy - Copy\frontend\node_modules\jest-circus\build\jestAdapterInit.js:857:11)
        at run (C:\Users\zaida\OneDrive\Desktop\sanad-property - Copy - Copy\frontend\node_modules\jest-circus\build\jestAdapterInit.js:761:3)
        at runAndTransformResultsToJestFormat (C:\Users\zaida\OneDrive\Desktop\sanad-property - Copy - Copy\frontend\node_modules\jest-circus\build\jestAdapterInit.js:1918:21)
        at jestAdapter (C:\Users\zaida\OneDrive\Desktop\sanad-property - Copy - Copy\frontend\node_modules\jest-circus\build\runner.js:101:19)
        at runTestInternal (C:\Users\zaida\OneDrive\Desktop\sanad-property - Copy - Copy\frontend\node_modules\jest-runner\build\index.js:275:16)
        at runTest (C:\Users\zaida\OneDrive\Desktop\sanad-property - Copy - Copy\frontend\node_modules\jest-runner\build\index.js:343:7) {
      detail: TypeError: Cannot read properties of null (reading 'useState')
          at useState (C:\Users\zaida\OneDrive\Desktop\sanad-property - Copy - Copy\frontend\node_modules\react\cjs\react.development.js:1622:21)
          at AccountCombobox (C:\Users\zaida\OneDrive\Desktop\sanad-property - Copy - Copy\frontend\src\components\finance\AccountCombobox.tsx:16:43)
          at renderWithHooks (C:\Users\zaida\OneDrive\Desktop\sanad-property - Copy - Copy\frontend\node_modules\react-dom\cjs\react-dom.development.js:15486:18)
          at mountIndeterminateComponent (C:\Users\zaida\OneDrive\Desktop\sanad-property - Copy - Copy\frontend\node_modules\react-dom\cjs\react-dom.development.js:20103:13)
          at beginWork (C:\Users\zaida\OneDrive\Desktop\sanad-property - Copy - Copy\frontend\node_modules\react-dom\cjs\react-dom.development.js:21626:16)
          at HTMLUnknownElement.callCallback (C:\Users\zaida\OneDrive\Desktop\sanad-property - Copy - Copy\frontend\node_modules\react-dom\cjs\react-dom.development.js:4164:14)
          at HTMLUnknownElement.callTheUserObjectsOperation (C:\Users\zaida\OneDrive\Desktop\sanad-property - Copy - Copy\frontend\node_modules\jsdom\lib\jsdom\living\generated\EventListener.js:26:30)
          at innerInvokeEventListeners (C:\Users\zaida\OneDrive\Desktop\sanad-property - Copy - Copy\frontend\node_modules\jsdom\lib\jsdom\living\events\EventTarget-impl.js:350:25)
          at invokeEventListeners (C:\Users\zaida\OneDrive\Desktop\sanad-property - Copy - Copy\frontend\node_modules\jsdom\lib\jsdom\living\events\EventTarget-impl.js:286:3)
          at HTMLUnknownElementImpl._dispatch (C:\Users\zaida\OneDrive\Desktop\sanad-property - Copy - Copy\frontend\node_modules\jsdom\lib\jsdom\living\events\EventTarget-impl.js:233:9)
          at HTMLUnknownElementImpl.dispatchEvent (C:\Users\zaida\OneDrive\Desktop\sanad-property - Copy - Copy\frontend\node_modules\jsdom\lib\jsdom\living\events\EventTarget-impl.js:104:17)
          at HTMLUnknownElement.dispatchEvent (C:\Users\zaida\OneDrive\Desktop\sanad-property - Copy - Copy\frontend\node_modules\jsdom\lib\jsdom\living\generated\EventTarget.js:241:34)
          at Object.invokeGuardedCallbackDev (C:\Users\zaida\OneDrive\Desktop\sanad-property - Copy - Copy\frontend\node_modules\react-dom\cjs\react-dom.development.js:4213:16)
          at invokeGuardedCallback (C:\Users\zaida\OneDrive\Desktop\sanad-property - Copy - Copy\frontend\node_modules\react-dom\cjs\react-dom.development.js:4277:31)
          at beginWork$1 (C:\Users\zaida\OneDrive\Desktop\sanad-property - Copy - Copy\frontend\node_modules\react-dom\cjs\react-dom.development.js:27490:7)
          at performUnitOfWork (C:\Users\zaida\OneDrive\Desktop\sanad-property - Copy - Copy\frontend\node_modules\react-dom\cjs\react-dom.development.js:26599:12)
          at workLoopSync (C:\Users\zaida\OneDrive\Desktop\sanad-property - Copy - Copy\frontend\node_modules\react-dom\cjs\react-dom.development.js:26505:5)
          at renderRootSync (C:\Users\zaida\OneDrive\Desktop\sanad-property - Copy - Copy\frontend\node_modules\react-dom\cjs\react-dom.development.js:26473:7)
          at performConcurrentWorkOnRoot (C:\Users\zaida\OneDrive\Desktop\sanad-property - Copy - Copy\frontend\node_modules\react-dom\cjs\react-dom.development.js:25777:74)
          at flushActQueue (C:\Users\zaida\OneDrive\Desktop\sanad-property - Copy - Copy\frontend\node_modules\react\cjs\react.development.js:2667:24)
          at act (C:\Users\zaida\OneDrive\Desktop\sanad-property - Copy - Copy\frontend\node_modules\react\cjs\react.development.js:2582:11)
          at C:\Users\zaida\OneDrive\Desktop\sanad-property - Copy - Copy\frontend\node_modules\@testing-library\react\dist\act-compat.js:46:25
          at renderRoot (C:\Users\zaida\OneDrive\Desktop\sanad-property - Copy - Copy\frontend\node_modules\@testing-library\react\dist\pure.js:189:26)
          at render (C:\Users\zaida\OneDrive\Desktop\sanad-property - Copy - Copy\frontend\node_modules\@testing-library\react\dist\pure.js:291:10)
          at Object.<anonymous> (C:\Users\zaida\OneDrive\Desktop\sanad-property - Copy - Copy\frontend\src\__tests__\finance.test.tsx:151:11)
          at Promise.finally.completed (C:\Users\zaida\OneDrive\Desktop\sanad-property - Copy - Copy\frontend\node_modules\jest-circus\build\jestAdapterInit.js:1557:28)
          at new Promise (<anonymous>)
          at callAsyncCircusFn (C:\Users\zaida\OneDrive\Desktop\sanad-property - Copy - Copy\frontend\node_modules\jest-circus\build\jestAdapterInit.js:1497:10)
          at _callCircusTest (C:\Users\zaida\OneDrive\Desktop\sanad-property - Copy - Copy\frontend\node_modules\jest-circus\build\jestAdapterInit.js:1007:40)
          at processTicksAndRejections (node:internal/process/task_queues:105:5)
          at _runTest (C:\Users\zaida\OneDrive\Desktop\sanad-property - Copy - Copy\frontend\node_modules\jest-circus\build\jestAdapterInit.js:947:3)
          at C:\Users\zaida\OneDrive\Desktop\sanad-property - Copy - Copy\frontend\node_modules\jest-circus\build\jestAdapterInit.js:849:7
          at _runTestsForDescribeBlock (C:\Users\zaida\OneDrive\Desktop\sanad-property - Copy - Copy\frontend\node_modules\jest-circus\build\jestAdapterInit.js:862:11)
          at _runTestsForDescribeBlock (C:\Users\zaida\OneDrive\Desktop\sanad-property - Copy - Copy\frontend\node_modules\jest-circus\build\jestAdapterInit.js:857:11)
          at run (C:\Users\zaida\OneDrive\Desktop\sanad-property - Copy - Copy\frontend\node_modules\jest-circus\build\jestAdapterInit.js:761:3)
          at runAndTransformResultsToJestFormat (C:\Users\zaida\OneDrive\Desktop\sanad-property - Copy - Copy\frontend\node_modules\jest-circus\build\jestAdapterInit.js:1918:21)
          at jestAdapter (C:\Users\zaida\OneDrive\Desktop\sanad-property - Copy - Copy\frontend\node_modules\jest-circus\build\runner.js:101:19)
          at runTestInternal (C:\Users\zaida\OneDrive\Desktop\sanad-property - Copy - Copy\frontend\node_modules\jest-runner\build\index.js:275:16)
          at runTest (C:\Users\zaida\OneDrive\Desktop\sanad-property - Copy - Copy\frontend\node_modules\jest-runner\build\index.js:343:7),
      type: 'unhandled exception'
    }

    [0m [90m 149 |[39m   it([32m'filters accounts by code and name on input'[39m[33m,[39m [36masync[39m () [33m=>[39m {
     [90m 150 |[39m     [36mconst[39m onChange [33m=[39m jest[33m.[39mfn()[33m;[39m
    [31m[1m>[22m[39m[90m 151 |[39m     render([33m<[39m[33mAccountCombobox[39m value[33m=[39m[32m""[39m onChange[33m=[39m{onChange} [33m/[39m[33m>[39m)[33m;[39m
     [90m     |[39m           [31m[1m^[22m[39m
     [90m 152 |[39m
     [90m 153 |[39m     [90m// Open dropdown[39m
     [90m 154 |[39m     [36mconst[39m trigger [33m=[39m screen[33m.[39mgetByText([32m'╪ذ╪ص╪س ╪╣┘ ╪ص╪│╪د╪ذ...'[39m)[33m;[39m[0m

      at VirtualConsole.<anonymous> (node_modules/@jest/environment-jsdom-abstract/build/index.js:87:23)
      at reportException (node_modules/jsdom/lib/jsdom/living/helpers/runtime-script-errors.js:70:28)
      at innerInvokeEventListeners (node_modules/jsdom/lib/jsdom/living/events/EventTarget-impl.js:353:9)
      at invokeEventListeners (node_modules/jsdom/lib/jsdom/living/events/EventTarget-impl.js:286:3)
      at HTMLUnknownElementImpl._dispatch (node_modules/jsdom/lib/jsdom/living/events/EventTarget-impl.js:233:9)
      at HTMLUnknownElementImpl.dispatchEvent (node_modules/jsdom/lib/jsdom/living/events/EventTarget-impl.js:104:17)
      at HTMLUnknownElement.dispatchEvent (node_modules/jsdom/lib/jsdom/living/generated/EventTarget.js:241:34)
      at Object.invokeGuardedCallbackDev (node_modules/react-dom/cjs/react-dom.development.js:4213:16)
      at invokeGuardedCallback (node_modules/react-dom/cjs/react-dom.development.js:4277:31)
      at beginWork$1 (node_modules/react-dom/cjs/react-dom.development.js:27490:7)
      at performUnitOfWork (node_modules/react-dom/cjs/react-dom.development.js:26599:12)
      at workLoopSync (node_modules/react-dom/cjs/react-dom.development.js:26505:5)
      at renderRootSync (node_modules/react-dom/cjs/react-dom.development.js:26473:7)
      at performConcurrentWorkOnRoot (node_modules/react-dom/cjs/react-dom.development.js:25777:74)
      at flushActQueue (node_modules/react/cjs/react.development.js:2667:24)
      at act (node_modules/react/cjs/react.development.js:2582:11)
      at node_modules/@testing-library/react/dist/act-compat.js:46:25
      at renderRoot (node_modules/@testing-library/react/dist/pure.js:189:26)
      at render (node_modules/@testing-library/react/dist/pure.js:291:10)
      at Object.<anonymous> (src/__tests__/finance.test.tsx:151:11)

  console.error
    Warning: Invalid hook call. Hooks can only be called inside of the body of a function component. This could happen for one of the following reasons:
    1. You might have mismatching versions of React and the renderer (such as React DOM)
    2. You might be breaking the Rules of Hooks
    3. You might have more than one copy of React in the same app
    See https://reactjs.org/link/invalid-hook-call for tips about how to debug and fix this problem.

    [0m [90m 14 |[39m
     [90m 15 |[39m [36mexport[39m [36mfunction[39m [33mAccountCombobox[39m({ value[33m,[39m onChange[33m,[39m placeholder [33m=[39m [32m"╪ذ╪ص╪س ╪╣┘ ╪ص╪│╪د╪ذ..."[39m[33m,[39m className[33m,[39m filterType }[33m:[39m [33mAccountComboboxProps[39m) {
    [31m[1m>[22m[39m[90m 16 |[39m   [36mconst[39m [accounts[33m,[39m setAccounts] [33m=[39m useState[33m<[39m[33mAccount[39m[][33m>[39m([])[33m;[39m
     [90m    |[39m                                           [31m[1m^[22m[39m
     [90m 17 |[39m   [36mconst[39m [open[33m,[39m setOpen] [33m=[39m useState([36mfalse[39m)[33m;[39m
     [90m 18 |[39m   [36mconst[39m [search[33m,[39m setSearch] [33m=[39m useState([32m''[39m)[33m;[39m
     [90m 19 |[39m[0m

      at printWarning (node_modules/react/cjs/react.development.js:209:30)
      at error (node_modules/react/cjs/react.development.js:183:7)
      at resolveDispatcher (node_modules/react/cjs/react.development.js:1592:7)
      at useState (node_modules/react/cjs/react.development.js:1621:20)
      at AccountCombobox (src/components/finance/AccountCombobox.tsx:16:43)
      at renderWithHooks (node_modules/react-dom/cjs/react-dom.development.js:15486:18)
      at mountIndeterminateComponent (node_modules/react-dom/cjs/react-dom.development.js:20103:13)
      at beginWork (node_modules/react-dom/cjs/react-dom.development.js:21626:16)
      at beginWork$1 (node_modules/react-dom/cjs/react-dom.development.js:27465:14)
      at performUnitOfWork (node_modules/react-dom/cjs/react-dom.development.js:26599:12)
      at workLoopSync (node_modules/react-dom/cjs/react-dom.development.js:26505:5)
      at renderRootSync (node_modules/react-dom/cjs/react-dom.development.js:26473:7)
      at recoverFromConcurrentError (node_modules/react-dom/cjs/react-dom.development.js:25889:20)
      at performConcurrentWorkOnRoot (node_modules/react-dom/cjs/react-dom.development.js:25789:22)
      at flushActQueue (node_modules/react/cjs/react.development.js:2667:24)
      at act (node_modules/react/cjs/react.development.js:2582:11)
      at node_modules/@testing-library/react/dist/act-compat.js:46:25
      at renderRoot (node_modules/@testing-library/react/dist/pure.js:189:26)
      at render (node_modules/@testing-library/react/dist/pure.js:291:10)
      at Object.<anonymous> (src/__tests__/finance.test.tsx:151:11)

  console.error
    Warning: Invalid hook call. Hooks can only be called inside of the body of a function component. This could happen for one of the following reasons:
    1. You might have mismatching versions of React and the renderer (such as React DOM)
    2. You might be breaking the Rules of Hooks
    3. You might have more than one copy of React in the same app
    See https://reactjs.org/link/invalid-hook-call for tips about how to debug and fix this problem.

    [0m [90m 14 |[39m
     [90m 15 |[39m [36mexport[39m [36mfunction[39m [33mAccountCombobox[39m({ value[33m,[39m onChange[33m,[39m placeholder [33m=[39m [32m"╪ذ╪ص╪س ╪╣┘ ╪ص╪│╪د╪ذ..."[39m[33m,[39m className[33m,[39m filterType }[33m:[39m [33mAccountComboboxProps[39m) {
    [31m[1m>[22m[39m[90m 16 |[39m   [36mconst[39m [accounts[33m,[39m setAccounts] [33m=[39m useState[33m<[39m[33mAccount[39m[][33m>[39m([])[33m;[39m
     [90m    |[39m                                           [31m[1m^[22m[39m
     [90m 17 |[39m   [36mconst[39m [open[33m,[39m setOpen] [33m=[39m useState([36mfalse[39m)[33m;[39m
     [90m 18 |[39m   [36mconst[39m [search[33m,[39m setSearch] [33m=[39m useState([32m''[39m)[33m;[39m
     [90m 19 |[39m[0m

      at printWarning (node_modules/react/cjs/react.development.js:209:30)
      at error (node_modules/react/cjs/react.development.js:183:7)
      at resolveDispatcher (node_modules/react/cjs/react.development.js:1592:7)
      at useState (node_modules/react/cjs/react.development.js:1621:20)
      at AccountCombobox (src/components/finance/AccountCombobox.tsx:16:43)
      at renderWithHooks (node_modules/react-dom/cjs/react-dom.development.js:15486:18)
      at mountIndeterminateComponent (node_modules/react-dom/cjs/react-dom.development.js:20103:13)
      at beginWork (node_modules/react-dom/cjs/react-dom.development.js:21626:16)
      at HTMLUnknownElement.callCallback (node_modules/react-dom/cjs/react-dom.development.js:4164:14)
      at HTMLUnknownElement.callTheUserObjectsOperation (node_modules/jsdom/lib/jsdom/living/generated/EventListener.js:26:30)
      at innerInvokeEventListeners (node_modules/jsdom/lib/jsdom/living/events/EventTarget-impl.js:350:25)
      at invokeEventListeners (node_modules/jsdom/lib/jsdom/living/events/EventTarget-impl.js:286:3)
      at HTMLUnknownElementImpl._dispatch (node_modules/jsdom/lib/jsdom/living/events/EventTarget-impl.js:233:9)
      at HTMLUnknownElementImpl.dispatchEvent (node_modules/jsdom/lib/jsdom/living/events/EventTarget-impl.js:104:17)
      at HTMLUnknownElement.dispatchEvent (node_modules/jsdom/lib/jsdom/living/generated/EventTarget.js:241:34)
      at Object.invokeGuardedCallbackDev (node_modules/react-dom/cjs/react-dom.development.js:4213:16)
      at invokeGuardedCallback (node_modules/react-dom/cjs/react-dom.development.js:4277:31)
      at beginWork$1 (node_modules/react-dom/cjs/react-dom.development.js:27490:7)
      at performUnitOfWork (node_modules/react-dom/cjs/react-dom.development.js:26599:12)
      at workLoopSync (node_modules/react-dom/cjs/react-dom.development.js:26505:5)
      at renderRootSync (node_modules/react-dom/cjs/react-dom.development.js:26473:7)
      at recoverFromConcurrentError (node_modules/react-dom/cjs/react-dom.development.js:25889:20)
      at performConcurrentWorkOnRoot (node_modules/react-dom/cjs/react-dom.development.js:25789:22)
      at flushActQueue (node_modules/react/cjs/react.development.js:2667:24)
      at act (node_modules/react/cjs/react.development.js:2582:11)
      at node_modules/@testing-library/react/dist/act-compat.js:46:25
      at renderRoot (node_modules/@testing-library/react/dist/pure.js:189:26)
      at render (node_modules/@testing-library/react/dist/pure.js:291:10)
      at Object.<anonymous> (src/__tests__/finance.test.tsx:151:11)

  console.error
    Error: Uncaught [TypeError: Cannot read properties of null (reading 'useState')]
        at reportException (C:\Users\zaida\OneDrive\Desktop\sanad-property - Copy - Copy\frontend\node_modules\jsdom\lib\jsdom\living\helpers\runtime-script-errors.js:66:24)
        at innerInvokeEventListeners (C:\Users\zaida\OneDrive\Desktop\sanad-property - Copy - Copy\frontend\node_modules\jsdom\lib\jsdom\living\events\EventTarget-impl.js:353:9)
        at invokeEventListeners (C:\Users\zaida\OneDrive\Desktop\sanad-property - Copy - Copy\frontend\node_modules\jsdom\lib\jsdom\living\events\EventTarget-impl.js:286:3)
        at HTMLUnknownElementImpl._dispatch (C:\Users\zaida\OneDrive\Desktop\sanad-property - Copy - Copy\frontend\node_modules\jsdom\lib\jsdom\living\events\EventTarget-impl.js:233:9)
        at HTMLUnknownElementImpl.dispatchEvent (C:\Users\zaida\OneDrive\Desktop\sanad-property - Copy - Copy\frontend\node_modules\jsdom\lib\jsdom\living\events\EventTarget-impl.js:104:17)
        at HTMLUnknownElement.dispatchEvent (C:\Users\zaida\OneDrive\Desktop\sanad-property - Copy - Copy\frontend\node_modules\jsdom\lib\jsdom\living\generated\EventTarget.js:241:34)
        at Object.invokeGuardedCallbackDev (C:\Users\zaida\OneDrive\Desktop\sanad-property - Copy - Copy\frontend\node_modules\react-dom\cjs\react-dom.development.js:4213:16)
        at invokeGuardedCallback (C:\Users\zaida\OneDrive\Desktop\sanad-property - Copy - Copy\frontend\node_modules\react-dom\cjs\react-dom.development.js:4277:31)
        at beginWork$1 (C:\Users\zaida\OneDrive\Desktop\sanad-property - Copy - Copy\frontend\node_modules\react-dom\cjs\react-dom.development.js:27490:7)
        at performUnitOfWork (C:\Users\zaida\OneDrive\Desktop\sanad-property - Copy - Copy\frontend\node_modules\react-dom\cjs\react-dom.development.js:26599:12)
        at workLoopSync (C:\Users\zaida\OneDrive\Desktop\sanad-property - Copy - Copy\frontend\node_modules\react-dom\cjs\react-dom.development.js:26505:5)
        at renderRootSync (C:\Users\zaida\OneDrive\Desktop\sanad-property - Copy - Copy\frontend\node_modules\react-dom\cjs\react-dom.development.js:26473:7)
        at recoverFromConcurrentError (C:\Users\zaida\OneDrive\Desktop\sanad-property - Copy - Copy\frontend\node_modules\react-dom\cjs\react-dom.development.js:25889:20)
        at performConcurrentWorkOnRoot (C:\Users\zaida\OneDrive\Desktop\sanad-property - Copy - Copy\frontend\node_modules\react-dom\cjs\react-dom.development.js:25789:22)
        at flushActQueue (C:\Users\zaida\OneDrive\Desktop\sanad-property - Copy - Copy\frontend\node_modules\react\cjs\react.development.js:2667:24)
        at act (C:\Users\zaida\OneDrive\Desktop\sanad-property - Copy - Copy\frontend\node_modules\react\cjs\react.development.js:2582:11)
        at C:\Users\zaida\OneDrive\Desktop\sanad-property - Copy - Copy\frontend\node_modules\@testing-library\react\dist\act-compat.js:46:25
        at renderRoot (C:\Users\zaida\OneDrive\Desktop\sanad-property - Copy - Copy\frontend\node_modules\@testing-library\react\dist\pure.js:189:26)
        at render (C:\Users\zaida\OneDrive\Desktop\sanad-property - Copy - Copy\frontend\node_modules\@testing-library\react\dist\pure.js:291:10)
        at Object.<anonymous> (C:\Users\zaida\OneDrive\Desktop\sanad-property - Copy - Copy\frontend\src\__tests__\finance.test.tsx:151:11)
        at Promise.finally.completed (C:\Users\zaida\OneDrive\Desktop\sanad-property - Copy - Copy\frontend\node_modules\jest-circus\build\jestAdapterInit.js:1557:28)
        at new Promise (<anonymous>)
        at callAsyncCircusFn (C:\Users\zaida\OneDrive\Desktop\sanad-property - Copy - Copy\frontend\node_modules\jest-circus\build\jestAdapterInit.js:1497:10)
        at _callCircusTest (C:\Users\zaida\OneDrive\Desktop\sanad-property - Copy - Copy\frontend\node_modules\jest-circus\build\jestAdapterInit.js:1007:40)
        at processTicksAndRejections (node:internal/process/task_queues:105:5)
        at _runTest (C:\Users\zaida\OneDrive\Desktop\sanad-property - Copy - Copy\frontend\node_modules\jest-circus\build\jestAdapterInit.js:947:3)
        at C:\Users\zaida\OneDrive\Desktop\sanad-property - Copy - Copy\frontend\node_modules\jest-circus\build\jestAdapterInit.js:849:7
        at _runTestsForDescribeBlock (C:\Users\zaida\OneDrive\Desktop\sanad-property - Copy - Copy\frontend\node_modules\jest-circus\build\jestAdapterInit.js:862:11)
        at _runTestsForDescribeBlock (C:\Users\zaida\OneDrive\Desktop\sanad-property - Copy - Copy\frontend\node_modules\jest-circus\build\jestAdapterInit.js:857:11)
        at run (C:\Users\zaida\OneDrive\Desktop\sanad-property - Copy - Copy\frontend\node_modules\jest-circus\build\jestAdapterInit.js:761:3)
        at runAndTransformResultsToJestFormat (C:\Users\zaida\OneDrive\Desktop\sanad-property - Copy - Copy\frontend\node_modules\jest-circus\build\jestAdapterInit.js:1918:21)
        at jestAdapter (C:\Users\zaida\OneDrive\Desktop\sanad-property - Copy - Copy\frontend\node_modules\jest-circus\build\runner.js:101:19)
        at runTestInternal (C:\Users\zaida\OneDrive\Desktop\sanad-property - Copy - Copy\frontend\node_modules\jest-runner\build\index.js:275:16)
        at runTest (C:\Users\zaida\OneDrive\Desktop\sanad-property - Copy - Copy\frontend\node_modules\jest-runner\build\index.js:343:7) {
      detail: TypeError: Cannot read properties of null (reading 'useState')
          at useState (C:\Users\zaida\OneDrive\Desktop\sanad-property - Copy - Copy\frontend\node_modules\react\cjs\react.development.js:1622:21)
          at AccountCombobox (C:\Users\zaida\OneDrive\Desktop\sanad-property - Copy - Copy\frontend\src\components\finance\AccountCombobox.tsx:16:43)
          at renderWithHooks (C:\Users\zaida\OneDrive\Desktop\sanad-property - Copy - Copy\frontend\node_modules\react-dom\cjs\react-dom.development.js:15486:18)
          at mountIndeterminateComponent (C:\Users\zaida\OneDrive\Desktop\sanad-property - Copy - Copy\frontend\node_modules\react-dom\cjs\react-dom.development.js:20103:13)
          at beginWork (C:\Users\zaida\OneDrive\Desktop\sanad-property - Copy - Copy\frontend\node_modules\react-dom\cjs\react-dom.development.js:21626:16)
          at HTMLUnknownElement.callCallback (C:\Users\zaida\OneDrive\Desktop\sanad-property - Copy - Copy\frontend\node_modules\react-dom\cjs\react-dom.development.js:4164:14)
          at HTMLUnknownElement.callTheUserObjectsOperation (C:\Users\zaida\OneDrive\Desktop\sanad-property - Copy - Copy\frontend\node_modules\jsdom\lib\jsdom\living\generated\EventListener.js:26:30)
          at innerInvokeEventListeners (C:\Users\zaida\OneDrive\Desktop\sanad-property - Copy - Copy\frontend\node_modules\jsdom\lib\jsdom\living\events\EventTarget-impl.js:350:25)
          at invokeEventListeners (C:\Users\zaida\OneDrive\Desktop\sanad-property - Copy - Copy\frontend\node_modules\jsdom\lib\jsdom\living\events\EventTarget-impl.js:286:3)
          at HTMLUnknownElementImpl._dispatch (C:\Users\zaida\OneDrive\Desktop\sanad-property - Copy - Copy\frontend\node_modules\jsdom\lib\jsdom\living\events\EventTarget-impl.js:233:9)
          at HTMLUnknownElementImpl.dispatchEvent (C:\Users\zaida\OneDrive\Desktop\sanad-property - Copy - Copy\frontend\node_modules\jsdom\lib\jsdom\living\events\EventTarget-impl.js:104:17)
          at HTMLUnknownElement.dispatchEvent (C:\Users\zaida\OneDrive\Desktop\sanad-property - Copy - Copy\frontend\node_modules\jsdom\lib\jsdom\living\generated\EventTarget.js:241:34)
          at Object.invokeGuardedCallbackDev (C:\Users\zaida\OneDrive\Desktop\sanad-property - Copy - Copy\frontend\node_modules\react-dom\cjs\react-dom.development.js:4213:16)
          at invokeGuardedCallback (C:\Users\zaida\OneDrive\Desktop\sanad-property - Copy - Copy\frontend\node_modules\react-dom\cjs\react-dom.development.js:4277:31)
          at beginWork$1 (C:\Users\zaida\OneDrive\Desktop\sanad-property - Copy - Copy\frontend\node_modules\react-dom\cjs\react-dom.development.js:27490:7)
          at performUnitOfWork (C:\Users\zaida\OneDrive\Desktop\sanad-property - Copy - Copy\frontend\node_modules\react-dom\cjs\react-dom.development.js:26599:12)
          at workLoopSync (C:\Users\zaida\OneDrive\Desktop\sanad-property - Copy - Copy\frontend\node_modules\react-dom\cjs\react-dom.development.js:26505:5)
          at renderRootSync (C:\Users\zaida\OneDrive\Desktop\sanad-property - Copy - Copy\frontend\node_modules\react-dom\cjs\react-dom.development.js:26473:7)
          at recoverFromConcurrentError (C:\Users\zaida\OneDrive\Desktop\sanad-property - Copy - Copy\frontend\node_modules\react-dom\cjs\react-dom.development.js:25889:20)
          at performConcurrentWorkOnRoot (C:\Users\zaida\OneDrive\Desktop\sanad-property - Copy - Copy\frontend\node_modules\react-dom\cjs\react-dom.development.js:25789:22)
          at flushActQueue (C:\Users\zaida\OneDrive\Desktop\sanad-property - Copy - Copy\frontend\node_modules\react\cjs\react.development.js:2667:24)
          at act (C:\Users\zaida\OneDrive\Desktop\sanad-property - Copy - Copy\frontend\node_modules\react\cjs\react.development.js:2582:11)
          at C:\Users\zaida\OneDrive\Desktop\sanad-property - Copy - Copy\frontend\node_modules\@testing-library\react\dist\act-compat.js:46:25
          at renderRoot (C:\Users\zaida\OneDrive\Desktop\sanad-property - Copy - Copy\frontend\node_modules\@testing-library\react\dist\pure.js:189:26)
          at render (C:\Users\zaida\OneDrive\Desktop\sanad-property - Copy - Copy\frontend\node_modules\@testing-library\react\dist\pure.js:291:10)
          at Object.<anonymous> (C:\Users\zaida\OneDrive\Desktop\sanad-property - Copy - Copy\frontend\src\__tests__\finance.test.tsx:151:11)
          at Promise.finally.completed (C:\Users\zaida\OneDrive\Desktop\sanad-property - Copy - Copy\frontend\node_modules\jest-circus\build\jestAdapterInit.js:1557:28)
          at new Promise (<anonymous>)
          at callAsyncCircusFn (C:\Users\zaida\OneDrive\Desktop\sanad-property - Copy - Copy\frontend\node_modules\jest-circus\build\jestAdapterInit.js:1497:10)
          at _callCircusTest (C:\Users\zaida\OneDrive\Desktop\sanad-property - Copy - Copy\frontend\node_modules\jest-circus\build\jestAdapterInit.js:1007:40)
          at processTicksAndRejections (node:internal/process/task_queues:105:5)
          at _runTest (C:\Users\zaida\OneDrive\Desktop\sanad-property - Copy - Copy\frontend\node_modules\jest-circus\build\jestAdapterInit.js:947:3)
          at C:\Users\zaida\OneDrive\Desktop\sanad-property - Copy - Copy\frontend\node_modules\jest-circus\build\jestAdapterInit.js:849:7
          at _runTestsForDescribeBlock (C:\Users\zaida\OneDrive\Desktop\sanad-property - Copy - Copy\frontend\node_modules\jest-circus\build\jestAdapterInit.js:862:11)
          at _runTestsForDescribeBlock (C:\Users\zaida\OneDrive\Desktop\sanad-property - Copy - Copy\frontend\node_modules\jest-circus\build\jestAdapterInit.js:857:11)
          at run (C:\Users\zaida\OneDrive\Desktop\sanad-property - Copy - Copy\frontend\node_modules\jest-circus\build\jestAdapterInit.js:761:3)
          at runAndTransformResultsToJestFormat (C:\Users\zaida\OneDrive\Desktop\sanad-property - Copy - Copy\frontend\node_modules\jest-circus\build\jestAdapterInit.js:1918:21)
          at jestAdapter (C:\Users\zaida\OneDrive\Desktop\sanad-property - Copy - Copy\frontend\node_modules\jest-circus\build\runner.js:101:19)
          at runTestInternal (C:\Users\zaida\OneDrive\Desktop\sanad-property - Copy - Copy\frontend\node_modules\jest-runner\build\index.js:275:16)
          at runTest (C:\Users\zaida\OneDrive\Desktop\sanad-property - Copy - Copy\frontend\node_modules\jest-runner\build\index.js:343:7),
      type: 'unhandled exception'
    }

    [0m [90m 149 |[39m   it([32m'filters accounts by code and name on input'[39m[33m,[39m [36masync[39m () [33m=>[39m {
     [90m 150 |[39m     [36mconst[39m onChange [33m=[39m jest[33m.[39mfn()[33m;[39m
    [31m[1m>[22m[39m[90m 151 |[39m     render([33m<[39m[33mAccountCombobox[39m value[33m=[39m[32m""[39m onChange[33m=[39m{onChange} [33m/[39m[33m>[39m)[33m;[39m
     [90m     |[39m           [31m[1m^[22m[39m
     [90m 152 |[39m
     [90m 153 |[39m     [90m// Open dropdown[39m
     [90m 154 |[39m     [36mconst[39m trigger [33m=[39m screen[33m.[39mgetByText([32m'╪ذ╪ص╪س ╪╣┘ ╪ص╪│╪د╪ذ...'[39m)[33m;[39m[0m

      at VirtualConsole.<anonymous> (node_modules/@jest/environment-jsdom-abstract/build/index.js:87:23)
      at reportException (node_modules/jsdom/lib/jsdom/living/helpers/runtime-script-errors.js:70:28)
      at innerInvokeEventListeners (node_modules/jsdom/lib/jsdom/living/events/EventTarget-impl.js:353:9)
      at invokeEventListeners (node_modules/jsdom/lib/jsdom/living/events/EventTarget-impl.js:286:3)
      at HTMLUnknownElementImpl._dispatch (node_modules/jsdom/lib/jsdom/living/events/EventTarget-impl.js:233:9)
      at HTMLUnknownElementImpl.dispatchEvent (node_modules/jsdom/lib/jsdom/living/events/EventTarget-impl.js:104:17)
      at HTMLUnknownElement.dispatchEvent (node_modules/jsdom/lib/jsdom/living/generated/EventTarget.js:241:34)
      at Object.invokeGuardedCallbackDev (node_modules/react-dom/cjs/react-dom.development.js:4213:16)
      at invokeGuardedCallback (node_modules/react-dom/cjs/react-dom.development.js:4277:31)
      at beginWork$1 (node_modules/react-dom/cjs/react-dom.development.js:27490:7)
      at performUnitOfWork (node_modules/react-dom/cjs/react-dom.development.js:26599:12)
      at workLoopSync (node_modules/react-dom/cjs/react-dom.development.js:26505:5)
      at renderRootSync (node_modules/react-dom/cjs/react-dom.development.js:26473:7)
      at recoverFromConcurrentError (node_modules/react-dom/cjs/react-dom.development.js:25889:20)
      at performConcurrentWorkOnRoot (node_modules/react-dom/cjs/react-dom.development.js:25789:22)
      at flushActQueue (node_modules/react/cjs/react.development.js:2667:24)
      at act (node_modules/react/cjs/react.development.js:2582:11)
      at node_modules/@testing-library/react/dist/act-compat.js:46:25
      at renderRoot (node_modules/@testing-library/react/dist/pure.js:189:26)
      at render (node_modules/@testing-library/react/dist/pure.js:291:10)
      at Object.<anonymous> (src/__tests__/finance.test.tsx:151:11)

  console.error
    The above error occurred in the <AccountCombobox> component:
    
        at value (C:\Users\zaida\OneDrive\Desktop\sanad-property - Copy - Copy\frontend\src\components\finance\AccountCombobox.tsx:15:35)
    
    Consider adding an error boundary to your tree to customize error handling behavior.
    Visit https://reactjs.org/link/error-boundaries to learn more about error boundaries.

    [0m [90m 149 |[39m   it([32m'filters accounts by code and name on input'[39m[33m,[39m [36masync[39m () [33m=>[39m {
     [90m 150 |[39m     [36mconst[39m onChange [33m=[39m jest[33m.[39mfn()[33m;[39m
    [31m[1m>[22m[39m[90m 151 |[39m     render([33m<[39m[33mAccountCombobox[39m value[33m=[39m[32m""[39m onChange[33m=[39m{onChange} [33m/[39m[33m>[39m)[33m;[39m
     [90m     |[39m           [31m[1m^[22m[39m
     [90m 152 |[39m
     [90m 153 |[39m     [90m// Open dropdown[39m
     [90m 154 |[39m     [36mconst[39m trigger [33m=[39m screen[33m.[39mgetByText([32m'╪ذ╪ص╪س ╪╣┘ ╪ص╪│╪د╪ذ...'[39m)[33m;[39m[0m

      at logCapturedError (node_modules/react-dom/cjs/react-dom.development.js:18704:23)
      at update.callback (node_modules/react-dom/cjs/react-dom.development.js:18737:5)
      at callCallback (node_modules/react-dom/cjs/react-dom.development.js:15036:12)
      at commitUpdateQueue (node_modules/react-dom/cjs/react-dom.development.js:15057:9)
      at commitLayoutEffectOnFiber (node_modules/react-dom/cjs/react-dom.development.js:23430:13)
      at commitLayoutMountEffects_complete (node_modules/react-dom/cjs/react-dom.development.js:24727:9)
      at commitLayoutEffects_begin (node_modules/react-dom/cjs/react-dom.development.js:24713:7)
      at commitLayoutEffects (node_modules/react-dom/cjs/react-dom.development.js:24651:3)
      at commitRootImpl (node_modules/react-dom/cjs/react-dom.development.js:26862:5)
      at commitRoot (node_modules/react-dom/cjs/react-dom.development.js:26721:5)
      at finishConcurrentRender (node_modules/react-dom/cjs/react-dom.development.js:25931:9)
      at performConcurrentWorkOnRoot (node_modules/react-dom/cjs/react-dom.development.js:25848:7)
      at flushActQueue (node_modules/react/cjs/react.development.js:2667:24)
      at act (node_modules/react/cjs/react.development.js:2582:11)
      at node_modules/@testing-library/react/dist/act-compat.js:46:25
      at renderRoot (node_modules/@testing-library/react/dist/pure.js:189:26)
      at render (node_modules/@testing-library/react/dist/pure.js:291:10)
      at Object.<anonymous> (src/__tests__/finance.test.tsx:151:11)

  console.error
    Warning: Invalid hook call. Hooks can only be called inside of the body of a function component. This could happen for one of the following reasons:
    1. You might have mismatching versions of React and the renderer (such as React DOM)
    2. You might be breaking the Rules of Hooks
    3. You might have more than one copy of React in the same app
    See https://reactjs.org/link/invalid-hook-call for tips about how to debug and fix this problem.

    [0m [90m 19 |[39m
     [90m 20 |[39m [36mexport[39m [36mdefault[39m [36mfunction[39m [33mFinanceDashboardPage[39m() {
    [31m[1m>[22m[39m[90m 21 |[39m   [36mconst[39m [stats[33m,[39m setStats] [33m=[39m useState[33m<[39m[33mFinanceDashboardStats[39m [33m|[39m [36mnull[39m[33m>[39m([36mnull[39m)[33m;[39m
     [90m    |[39m                                     [31m[1m^[22m[39m
     [90m 22 |[39m   [36mconst[39m [loading[33m,[39m setLoading] [33m=[39m useState([36mtrue[39m)[33m;[39m
     [90m 23 |[39m   [36mconst[39m [error[33m,[39m setError] [33m=[39m useState[33m<[39m[33mstring[39m [33m|[39m [36mnull[39m[33m>[39m([36mnull[39m)[33m;[39m
     [90m 24 |[39m[0m

      at printWarning (node_modules/react/cjs/react.development.js:209:30)
      at error (node_modules/react/cjs/react.development.js:183:7)
      at resolveDispatcher (node_modules/react/cjs/react.development.js:1592:7)
      at useState (node_modules/react/cjs/react.development.js:1621:20)
      at FinanceDashboardPage (src/app/dashboard/finance/dashboard/page.tsx:21:37)
      at renderWithHooks (node_modules/react-dom/cjs/react-dom.development.js:15486:18)
      at mountIndeterminateComponent (node_modules/react-dom/cjs/react-dom.development.js:20103:13)
      at beginWork (node_modules/react-dom/cjs/react-dom.development.js:21626:16)
      at beginWork$1 (node_modules/react-dom/cjs/react-dom.development.js:27465:14)
      at performUnitOfWork (node_modules/react-dom/cjs/react-dom.development.js:26599:12)
      at workLoopSync (node_modules/react-dom/cjs/react-dom.development.js:26505:5)
      at renderRootSync (node_modules/react-dom/cjs/react-dom.development.js:26473:7)
      at performConcurrentWorkOnRoot (node_modules/react-dom/cjs/react-dom.development.js:25777:74)
      at flushActQueue (node_modules/react/cjs/react.development.js:2667:24)
      at act (node_modules/react/cjs/react.development.js:2582:11)
      at node_modules/@testing-library/react/dist/act-compat.js:46:25
      at renderRoot (node_modules/@testing-library/react/dist/pure.js:189:26)
      at render (node_modules/@testing-library/react/dist/pure.js:291:10)
      at Object.<anonymous> (src/__tests__/finance.test.tsx:197:11)

  console.error
    Warning: Invalid hook call. Hooks can only be called inside of the body of a function component. This could happen for one of the following reasons:
    1. You might have mismatching versions of React and the renderer (such as React DOM)
    2. You might be breaking the Rules of Hooks
    3. You might have more than one copy of React in the same app
    See https://reactjs.org/link/invalid-hook-call for tips about how to debug and fix this problem.

    [0m [90m 19 |[39m
     [90m 20 |[39m [36mexport[39m [36mdefault[39m [36mfunction[39m [33mFinanceDashboardPage[39m() {
    [31m[1m>[22m[39m[90m 21 |[39m   [36mconst[39m [stats[33m,[39m setStats] [33m=[39m useState[33m<[39m[33mFinanceDashboardStats[39m [33m|[39m [36mnull[39m[33m>[39m([36mnull[39m)[33m;[39m
     [90m    |[39m                                     [31m[1m^[22m[39m
     [90m 22 |[39m   [36mconst[39m [loading[33m,[39m setLoading] [33m=[39m useState([36mtrue[39m)[33m;[39m
     [90m 23 |[39m   [36mconst[39m [error[33m,[39m setError] [33m=[39m useState[33m<[39m[33mstring[39m [33m|[39m [36mnull[39m[33m>[39m([36mnull[39m)[33m;[39m
     [90m 24 |[39m[0m

      at printWarning (node_modules/react/cjs/react.development.js:209:30)
      at error (node_modules/react/cjs/react.development.js:183:7)
      at resolveDispatcher (node_modules/react/cjs/react.development.js:1592:7)
      at useState (node_modules/react/cjs/react.development.js:1621:20)
      at FinanceDashboardPage (src/app/dashboard/finance/dashboard/page.tsx:21:37)
      at renderWithHooks (node_modules/react-dom/cjs/react-dom.development.js:15486:18)
      at mountIndeterminateComponent (node_modules/react-dom/cjs/react-dom.development.js:20103:13)
      at beginWork (node_modules/react-dom/cjs/react-dom.development.js:21626:16)
      at HTMLUnknownElement.callCallback (node_modules/react-dom/cjs/react-dom.development.js:4164:14)
      at HTMLUnknownElement.callTheUserObjectsOperation (node_modules/jsdom/lib/jsdom/living/generated/EventListener.js:26:30)
      at innerInvokeEventListeners (node_modules/jsdom/lib/jsdom/living/events/EventTarget-impl.js:350:25)
      at invokeEventListeners (node_modules/jsdom/lib/jsdom/living/events/EventTarget-impl.js:286:3)
      at HTMLUnknownElementImpl._dispatch (node_modules/jsdom/lib/jsdom/living/events/EventTarget-impl.js:233:9)
      at HTMLUnknownElementImpl.dispatchEvent (node_modules/jsdom/lib/jsdom/living/events/EventTarget-impl.js:104:17)
      at HTMLUnknownElement.dispatchEvent (node_modules/jsdom/lib/jsdom/living/generated/EventTarget.js:241:34)
      at Object.invokeGuardedCallbackDev (node_modules/react-dom/cjs/react-dom.development.js:4213:16)
      at invokeGuardedCallback (node_modules/react-dom/cjs/react-dom.development.js:4277:31)
      at beginWork$1 (node_modules/react-dom/cjs/react-dom.development.js:27490:7)
      at performUnitOfWork (node_modules/react-dom/cjs/react-dom.development.js:26599:12)
      at workLoopSync (node_modules/react-dom/cjs/react-dom.development.js:26505:5)
      at renderRootSync (node_modules/react-dom/cjs/react-dom.development.js:26473:7)
      at performConcurrentWorkOnRoot (node_modules/react-dom/cjs/react-dom.development.js:25777:74)
      at flushActQueue (node_modules/react/cjs/react.development.js:2667:24)
      at act (node_modules/react/cjs/react.development.js:2582:11)
      at node_modules/@testing-library/react/dist/act-compat.js:46:25
      at renderRoot (node_modules/@testing-library/react/dist/pure.js:189:26)
      at render (node_modules/@testing-library/react/dist/pure.js:291:10)
      at Object.<anonymous> (src/__tests__/finance.test.tsx:197:11)

  console.error
    Error: Uncaught [TypeError: Cannot read properties of null (reading 'useState')]
        at reportException (C:\Users\zaida\OneDrive\Desktop\sanad-property - Copy - Copy\frontend\node_modules\jsdom\lib\jsdom\living\helpers\runtime-script-errors.js:66:24)
        at innerInvokeEventListeners (C:\Users\zaida\OneDrive\Desktop\sanad-property - Copy - Copy\frontend\node_modules\jsdom\lib\jsdom\living\events\EventTarget-impl.js:353:9)
        at invokeEventListeners (C:\Users\zaida\OneDrive\Desktop\sanad-property - Copy - Copy\frontend\node_modules\jsdom\lib\jsdom\living\events\EventTarget-impl.js:286:3)
        at HTMLUnknownElementImpl._dispatch (C:\Users\zaida\OneDrive\Desktop\sanad-property - Copy - Copy\frontend\node_modules\jsdom\lib\jsdom\living\events\EventTarget-impl.js:233:9)
        at HTMLUnknownElementImpl.dispatchEvent (C:\Users\zaida\OneDrive\Desktop\sanad-property - Copy - Copy\frontend\node_modules\jsdom\lib\jsdom\living\events\EventTarget-impl.js:104:17)
        at HTMLUnknownElement.dispatchEvent (C:\Users\zaida\OneDrive\Desktop\sanad-property - Copy - Copy\frontend\node_modules\jsdom\lib\jsdom\living\generated\EventTarget.js:241:34)
        at Object.invokeGuardedCallbackDev (C:\Users\zaida\OneDrive\Desktop\sanad-property - Copy - Copy\frontend\node_modules\react-dom\cjs\react-dom.development.js:4213:16)
        at invokeGuardedCallback (C:\Users\zaida\OneDrive\Desktop\sanad-property - Copy - Copy\frontend\node_modules\react-dom\cjs\react-dom.development.js:4277:31)
        at beginWork$1 (C:\Users\zaida\OneDrive\Desktop\sanad-property - Copy - Copy\frontend\node_modules\react-dom\cjs\react-dom.development.js:27490:7)
        at performUnitOfWork (C:\Users\zaida\OneDrive\Desktop\sanad-property - Copy - Copy\frontend\node_modules\react-dom\cjs\react-dom.development.js:26599:12)
        at workLoopSync (C:\Users\zaida\OneDrive\Desktop\sanad-property - Copy - Copy\frontend\node_modules\react-dom\cjs\react-dom.development.js:26505:5)
        at renderRootSync (C:\Users\zaida\OneDrive\Desktop\sanad-property - Copy - Copy\frontend\node_modules\react-dom\cjs\react-dom.development.js:26473:7)
        at performConcurrentWorkOnRoot (C:\Users\zaida\OneDrive\Desktop\sanad-property - Copy - Copy\frontend\node_modules\react-dom\cjs\react-dom.development.js:25777:74)
        at flushActQueue (C:\Users\zaida\OneDrive\Desktop\sanad-property - Copy - Copy\frontend\node_modules\react\cjs\react.development.js:2667:24)
        at act (C:\Users\zaida\OneDrive\Desktop\sanad-property - Copy - Copy\frontend\node_modules\react\cjs\react.development.js:2582:11)
        at C:\Users\zaida\OneDrive\Desktop\sanad-property - Copy - Copy\frontend\node_modules\@testing-library\react\dist\act-compat.js:46:25
        at renderRoot (C:\Users\zaida\OneDrive\Desktop\sanad-property - Copy - Copy\frontend\node_modules\@testing-library\react\dist\pure.js:189:26)
        at render (C:\Users\zaida\OneDrive\Desktop\sanad-property - Copy - Copy\frontend\node_modules\@testing-library\react\dist\pure.js:291:10)
        at Object.<anonymous> (C:\Users\zaida\OneDrive\Desktop\sanad-property - Copy - Copy\frontend\src\__tests__\finance.test.tsx:197:11)
        at Promise.finally.completed (C:\Users\zaida\OneDrive\Desktop\sanad-property - Copy - Copy\frontend\node_modules\jest-circus\build\jestAdapterInit.js:1557:28)
        at new Promise (<anonymous>)
        at callAsyncCircusFn (C:\Users\zaida\OneDrive\Desktop\sanad-property - Copy - Copy\frontend\node_modules\jest-circus\build\jestAdapterInit.js:1497:10)
        at _callCircusTest (C:\Users\zaida\OneDrive\Desktop\sanad-property - Copy - Copy\frontend\node_modules\jest-circus\build\jestAdapterInit.js:1007:40)
        at processTicksAndRejections (node:internal/process/task_queues:105:5)
        at _runTest (C:\Users\zaida\OneDrive\Desktop\sanad-property - Copy - Copy\frontend\node_modules\jest-circus\build\jestAdapterInit.js:947:3)
        at C:\Users\zaida\OneDrive\Desktop\sanad-property - Copy - Copy\frontend\node_modules\jest-circus\build\jestAdapterInit.js:849:7
        at _runTestsForDescribeBlock (C:\Users\zaida\OneDrive\Desktop\sanad-property - Copy - Copy\frontend\node_modules\jest-circus\build\jestAdapterInit.js:862:11)
        at _runTestsForDescribeBlock (C:\Users\zaida\OneDrive\Desktop\sanad-property - Copy - Copy\frontend\node_modules\jest-circus\build\jestAdapterInit.js:857:11)
        at run (C:\Users\zaida\OneDrive\Desktop\sanad-property - Copy - Copy\frontend\node_modules\jest-circus\build\jestAdapterInit.js:761:3)
        at runAndTransformResultsToJestFormat (C:\Users\zaida\OneDrive\Desktop\sanad-property - Copy - Copy\frontend\node_modules\jest-circus\build\jestAdapterInit.js:1918:21)
        at jestAdapter (C:\Users\zaida\OneDrive\Desktop\sanad-property - Copy - Copy\frontend\node_modules\jest-circus\build\runner.js:101:19)
        at runTestInternal (C:\Users\zaida\OneDrive\Desktop\sanad-property - Copy - Copy\frontend\node_modules\jest-runner\build\index.js:275:16)
        at runTest (C:\Users\zaida\OneDrive\Desktop\sanad-property - Copy - Copy\frontend\node_modules\jest-runner\build\index.js:343:7) {
      detail: TypeError: Cannot read properties of null (reading 'useState')
          at useState (C:\Users\zaida\OneDrive\Desktop\sanad-property - Copy - Copy\frontend\node_modules\react\cjs\react.development.js:1622:21)
          at FinanceDashboardPage (C:\Users\zaida\OneDrive\Desktop\sanad-property - Copy - Copy\frontend\src\app\dashboard\finance\dashboard\page.tsx:21:37)
          at renderWithHooks (C:\Users\zaida\OneDrive\Desktop\sanad-property - Copy - Copy\frontend\node_modules\react-dom\cjs\react-dom.development.js:15486:18)
          at mountIndeterminateComponent (C:\Users\zaida\OneDrive\Desktop\sanad-property - Copy - Copy\frontend\node_modules\react-dom\cjs\react-dom.development.js:20103:13)
          at beginWork (C:\Users\zaida\OneDrive\Desktop\sanad-property - Copy - Copy\frontend\node_modules\react-dom\cjs\react-dom.development.js:21626:16)
          at HTMLUnknownElement.callCallback (C:\Users\zaida\OneDrive\Desktop\sanad-property - Copy - Copy\frontend\node_modules\react-dom\cjs\react-dom.development.js:4164:14)
          at HTMLUnknownElement.callTheUserObjectsOperation (C:\Users\zaida\OneDrive\Desktop\sanad-property - Copy - Copy\frontend\node_modules\jsdom\lib\jsdom\living\generated\EventListener.js:26:30)
          at innerInvokeEventListeners (C:\Users\zaida\OneDrive\Desktop\sanad-property - Copy - Copy\frontend\node_modules\jsdom\lib\jsdom\living\events\EventTarget-impl.js:350:25)
          at invokeEventListeners (C:\Users\zaida\OneDrive\Desktop\sanad-property - Copy - Copy\frontend\node_modules\jsdom\lib\jsdom\living\events\EventTarget-impl.js:286:3)
          at HTMLUnknownElementImpl._dispatch (C:\Users\zaida\OneDrive\Desktop\sanad-property - Copy - Copy\frontend\node_modules\jsdom\lib\jsdom\living\events\EventTarget-impl.js:233:9)
          at HTMLUnknownElementImpl.dispatchEvent (C:\Users\zaida\OneDrive\Desktop\sanad-property - Copy - Copy\frontend\node_modules\jsdom\lib\jsdom\living\events\EventTarget-impl.js:104:17)
          at HTMLUnknownElement.dispatchEvent (C:\Users\zaida\OneDrive\Desktop\sanad-property - Copy - Copy\frontend\node_modules\jsdom\lib\jsdom\living\generated\EventTarget.js:241:34)
          at Object.invokeGuardedCallbackDev (C:\Users\zaida\OneDrive\Desktop\sanad-property - Copy - Copy\frontend\node_modules\react-dom\cjs\react-dom.development.js:4213:16)
          at invokeGuardedCallback (C:\Users\zaida\OneDrive\Desktop\sanad-property - Copy - Copy\frontend\node_modules\react-dom\cjs\react-dom.development.js:4277:31)
          at beginWork$1 (C:\Users\zaida\OneDrive\Desktop\sanad-property - Copy - Copy\frontend\node_modules\react-dom\cjs\react-dom.development.js:27490:7)
          at performUnitOfWork (C:\Users\zaida\OneDrive\Desktop\sanad-property - Copy - Copy\frontend\node_modules\react-dom\cjs\react-dom.development.js:26599:12)
          at workLoopSync (C:\Users\zaida\OneDrive\Desktop\sanad-property - Copy - Copy\frontend\node_modules\react-dom\cjs\react-dom.development.js:26505:5)
          at renderRootSync (C:\Users\zaida\OneDrive\Desktop\sanad-property - Copy - Copy\frontend\node_modules\react-dom\cjs\react-dom.development.js:26473:7)
          at performConcurrentWorkOnRoot (C:\Users\zaida\OneDrive\Desktop\sanad-property - Copy - Copy\frontend\node_modules\react-dom\cjs\react-dom.development.js:25777:74)
          at flushActQueue (C:\Users\zaida\OneDrive\Desktop\sanad-property - Copy - Copy\frontend\node_modules\react\cjs\react.development.js:2667:24)
          at act (C:\Users\zaida\OneDrive\Desktop\sanad-property - Copy - Copy\frontend\node_modules\react\cjs\react.development.js:2582:11)
          at C:\Users\zaida\OneDrive\Desktop\sanad-property - Copy - Copy\frontend\node_modules\@testing-library\react\dist\act-compat.js:46:25
          at renderRoot (C:\Users\zaida\OneDrive\Desktop\sanad-property - Copy - Copy\frontend\node_modules\@testing-library\react\dist\pure.js:189:26)
          at render (C:\Users\zaida\OneDrive\Desktop\sanad-property - Copy - Copy\frontend\node_modules\@testing-library\react\dist\pure.js:291:10)
          at Object.<anonymous> (C:\Users\zaida\OneDrive\Desktop\sanad-property - Copy - Copy\frontend\src\__tests__\finance.test.tsx:197:11)
          at Promise.finally.completed (C:\Users\zaida\OneDrive\Desktop\sanad-property - Copy - Copy\frontend\node_modules\jest-circus\build\jestAdapterInit.js:1557:28)
          at new Promise (<anonymous>)
          at callAsyncCircusFn (C:\Users\zaida\OneDrive\Desktop\sanad-property - Copy - Copy\frontend\node_modules\jest-circus\build\jestAdapterInit.js:1497:10)
          at _callCircusTest (C:\Users\zaida\OneDrive\Desktop\sanad-property - Copy - Copy\frontend\node_modules\jest-circus\build\jestAdapterInit.js:1007:40)
          at processTicksAndRejections (node:internal/process/task_queues:105:5)
          at _runTest (C:\Users\zaida\OneDrive\Desktop\sanad-property - Copy - Copy\frontend\node_modules\jest-circus\build\jestAdapterInit.js:947:3)
          at C:\Users\zaida\OneDrive\Desktop\sanad-property - Copy - Copy\frontend\node_modules\jest-circus\build\jestAdapterInit.js:849:7
          at _runTestsForDescribeBlock (C:\Users\zaida\OneDrive\Desktop\sanad-property - Copy - Copy\frontend\node_modules\jest-circus\build\jestAdapterInit.js:862:11)
          at _runTestsForDescribeBlock (C:\Users\zaida\OneDrive\Desktop\sanad-property - Copy - Copy\frontend\node_modules\jest-circus\build\jestAdapterInit.js:857:11)
          at run (C:\Users\zaida\OneDrive\Desktop\sanad-property - Copy - Copy\frontend\node_modules\jest-circus\build\jestAdapterInit.js:761:3)
          at runAndTransformResultsToJestFormat (C:\Users\zaida\OneDrive\Desktop\sanad-property - Copy - Copy\frontend\node_modules\jest-circus\build\jestAdapterInit.js:1918:21)
          at jestAdapter (C:\Users\zaida\OneDrive\Desktop\sanad-property - Copy - Copy\frontend\node_modules\jest-circus\build\runner.js:101:19)
          at runTestInternal (C:\Users\zaida\OneDrive\Desktop\sanad-property - Copy - Copy\frontend\node_modules\jest-runner\build\index.js:275:16)
          at runTest (C:\Users\zaida\OneDrive\Desktop\sanad-property - Copy - Copy\frontend\node_modules\jest-runner\build\index.js:343:7),
      type: 'unhandled exception'
    }

    [0m [90m 195 |[39m
     [90m 196 |[39m   it([32m'renders all 6 KPI cards with mocked API data'[39m[33m,[39m [36masync[39m () [33m=>[39m {
    [31m[1m>[22m[39m[90m 197 |[39m     render([33m<[39m[33mFinanceDashboardPage[39m [33m/[39m[33m>[39m)[33m;[39m
     [90m     |[39m           [31m[1m^[22m[39m
     [90m 198 |[39m
     [90m 199 |[39m     [36mawait[39m waitFor(() [33m=>[39m {
     [90m 200 |[39m       [36mconst[39m kpiGrid [33m=[39m screen[33m.[39mgetByTestId([32m'kpi-grid'[39m)[33m;[39m[0m

      at VirtualConsole.<anonymous> (node_modules/@jest/environment-jsdom-abstract/build/index.js:87:23)
      at reportException (node_modules/jsdom/lib/jsdom/living/helpers/runtime-script-errors.js:70:28)
      at innerInvokeEventListeners (node_modules/jsdom/lib/jsdom/living/events/EventTarget-impl.js:353:9)
      at invokeEventListeners (node_modules/jsdom/lib/jsdom/living/events/EventTarget-impl.js:286:3)
      at HTMLUnknownElementImpl._dispatch (node_modules/jsdom/lib/jsdom/living/events/EventTarget-impl.js:233:9)
      at HTMLUnknownElementImpl.dispatchEvent (node_modules/jsdom/lib/jsdom/living/events/EventTarget-impl.js:104:17)
      at HTMLUnknownElement.dispatchEvent (node_modules/jsdom/lib/jsdom/living/generated/EventTarget.js:241:34)
      at Object.invokeGuardedCallbackDev (node_modules/react-dom/cjs/react-dom.development.js:4213:16)
      at invokeGuardedCallback (node_modules/react-dom/cjs/react-dom.development.js:4277:31)
      at beginWork$1 (node_modules/react-dom/cjs/react-dom.development.js:27490:7)
      at performUnitOfWork (node_modules/react-dom/cjs/react-dom.development.js:26599:12)
      at workLoopSync (node_modules/react-dom/cjs/react-dom.development.js:26505:5)
      at renderRootSync (node_modules/react-dom/cjs/react-dom.development.js:26473:7)
      at performConcurrentWorkOnRoot (node_modules/react-dom/cjs/react-dom.development.js:25777:74)
      at flushActQueue (node_modules/react/cjs/react.development.js:2667:24)
      at act (node_modules/react/cjs/react.development.js:2582:11)
      at node_modules/@testing-library/react/dist/act-compat.js:46:25
      at renderRoot (node_modules/@testing-library/react/dist/pure.js:189:26)
      at render (node_modules/@testing-library/react/dist/pure.js:291:10)
      at Object.<anonymous> (src/__tests__/finance.test.tsx:197:11)

  console.error
    Warning: Invalid hook call. Hooks can only be called inside of the body of a function component. This could happen for one of the following reasons:
    1. You might have mismatching versions of React and the renderer (such as React DOM)
    2. You might be breaking the Rules of Hooks
    3. You might have more than one copy of React in the same app
    See https://reactjs.org/link/invalid-hook-call for tips about how to debug and fix this problem.

    [0m [90m 19 |[39m
     [90m 20 |[39m [36mexport[39m [36mdefault[39m [36mfunction[39m [33mFinanceDashboardPage[39m() {
    [31m[1m>[22m[39m[90m 21 |[39m   [36mconst[39m [stats[33m,[39m setStats] [33m=[39m useState[33m<[39m[33mFinanceDashboardStats[39m [33m|[39m [36mnull[39m[33m>[39m([36mnull[39m)[33m;[39m
     [90m    |[39m                                     [31m[1m^[22m[39m
     [90m 22 |[39m   [36mconst[39m [loading[33m,[39m setLoading] [33m=[39m useState([36mtrue[39m)[33m;[39m
     [90m 23 |[39m   [36mconst[39m [error[33m,[39m setError] [33m=[39m useState[33m<[39m[33mstring[39m [33m|[39m [36mnull[39m[33m>[39m([36mnull[39m)[33m;[39m
     [90m 24 |[39m[0m

      at printWarning (node_modules/react/cjs/react.development.js:209:30)
      at error (node_modules/react/cjs/react.development.js:183:7)
      at resolveDispatcher (node_modules/react/cjs/react.development.js:1592:7)
      at useState (node_modules/react/cjs/react.development.js:1621:20)
      at FinanceDashboardPage (src/app/dashboard/finance/dashboard/page.tsx:21:37)
      at renderWithHooks (node_modules/react-dom/cjs/react-dom.development.js:15486:18)
      at mountIndeterminateComponent (node_modules/react-dom/cjs/react-dom.development.js:20103:13)
      at beginWork (node_modules/react-dom/cjs/react-dom.development.js:21626:16)
      at beginWork$1 (node_modules/react-dom/cjs/react-dom.development.js:27465:14)
      at performUnitOfWork (node_modules/react-dom/cjs/react-dom.development.js:26599:12)
      at workLoopSync (node_modules/react-dom/cjs/react-dom.development.js:26505:5)
      at renderRootSync (node_modules/react-dom/cjs/react-dom.development.js:26473:7)
      at recoverFromConcurrentError (node_modules/react-dom/cjs/react-dom.development.js:25889:20)
      at performConcurrentWorkOnRoot (node_modules/react-dom/cjs/react-dom.development.js:25789:22)
      at flushActQueue (node_modules/react/cjs/react.development.js:2667:24)
      at act (node_modules/react/cjs/react.development.js:2582:11)
      at node_modules/@testing-library/react/dist/act-compat.js:46:25
      at renderRoot (node_modules/@testing-library/react/dist/pure.js:189:26)
      at render (node_modules/@testing-library/react/dist/pure.js:291:10)
      at Object.<anonymous> (src/__tests__/finance.test.tsx:197:11)

  console.error
    Warning: Invalid hook call. Hooks can only be called inside of the body of a function component. This could happen for one of the following reasons:
    1. You might have mismatching versions of React and the renderer (such as React DOM)
    2. You might be breaking the Rules of Hooks
    3. You might have more than one copy of React in the same app
    See https://reactjs.org/link/invalid-hook-call for tips about how to debug and fix this problem.

    [0m [90m 19 |[39m
     [90m 20 |[39m [36mexport[39m [36mdefault[39m [36mfunction[39m [33mFinanceDashboardPage[39m() {
    [31m[1m>[22m[39m[90m 21 |[39m   [36mconst[39m [stats[33m,[39m setStats] [33m=[39m useState[33m<[39m[33mFinanceDashboardStats[39m [33m|[39m [36mnull[39m[33m>[39m([36mnull[39m)[33m;[39m
     [90m    |[39m                                     [31m[1m^[22m[39m
     [90m 22 |[39m   [36mconst[39m [loading[33m,[39m setLoading] [33m=[39m useState([36mtrue[39m)[33m;[39m
     [90m 23 |[39m   [36mconst[39m [error[33m,[39m setError] [33m=[39m useState[33m<[39m[33mstring[39m [33m|[39m [36mnull[39m[33m>[39m([36mnull[39m)[33m;[39m
     [90m 24 |[39m[0m

      at printWarning (node_modules/react/cjs/react.development.js:209:30)
      at error (node_modules/react/cjs/react.development.js:183:7)
      at resolveDispatcher (node_modules/react/cjs/react.development.js:1592:7)
      at useState (node_modules/react/cjs/react.development.js:1621:20)
      at FinanceDashboardPage (src/app/dashboard/finance/dashboard/page.tsx:21:37)
      at renderWithHooks (node_modules/react-dom/cjs/react-dom.development.js:15486:18)
      at mountIndeterminateComponent (node_modules/react-dom/cjs/react-dom.development.js:20103:13)
      at beginWork (node_modules/react-dom/cjs/react-dom.development.js:21626:16)
      at HTMLUnknownElement.callCallback (node_modules/react-dom/cjs/react-dom.development.js:4164:14)
      at HTMLUnknownElement.callTheUserObjectsOperation (node_modules/jsdom/lib/jsdom/living/generated/EventListener.js:26:30)
      at innerInvokeEventListeners (node_modules/jsdom/lib/jsdom/living/events/EventTarget-impl.js:350:25)
      at invokeEventListeners (node_modules/jsdom/lib/jsdom/living/events/EventTarget-impl.js:286:3)
      at HTMLUnknownElementImpl._dispatch (node_modules/jsdom/lib/jsdom/living/events/EventTarget-impl.js:233:9)
      at HTMLUnknownElementImpl.dispatchEvent (node_modules/jsdom/lib/jsdom/living/events/EventTarget-impl.js:104:17)
      at HTMLUnknownElement.dispatchEvent (node_modules/jsdom/lib/jsdom/living/generated/EventTarget.js:241:34)
      at Object.invokeGuardedCallbackDev (node_modules/react-dom/cjs/react-dom.development.js:4213:16)
      at invokeGuardedCallback (node_modules/react-dom/cjs/react-dom.development.js:4277:31)
      at beginWork$1 (node_modules/react-dom/cjs/react-dom.development.js:27490:7)
      at performUnitOfWork (node_modules/react-dom/cjs/react-dom.development.js:26599:12)
      at workLoopSync (node_modules/react-dom/cjs/react-dom.development.js:26505:5)
      at renderRootSync (node_modules/react-dom/cjs/react-dom.development.js:26473:7)
      at recoverFromConcurrentError (node_modules/react-dom/cjs/react-dom.development.js:25889:20)
      at performConcurrentWorkOnRoot (node_modules/react-dom/cjs/react-dom.development.js:25789:22)
      at flushActQueue (node_modules/react/cjs/react.development.js:2667:24)
      at act (node_modules/react/cjs/react.development.js:2582:11)
      at node_modules/@testing-library/react/dist/act-compat.js:46:25
      at renderRoot (node_modules/@testing-library/react/dist/pure.js:189:26)
      at render (node_modules/@testing-library/react/dist/pure.js:291:10)
      at Object.<anonymous> (src/__tests__/finance.test.tsx:197:11)

  console.error
    Error: Uncaught [TypeError: Cannot read properties of null (reading 'useState')]
        at reportException (C:\Users\zaida\OneDrive\Desktop\sanad-property - Copy - Copy\frontend\node_modules\jsdom\lib\jsdom\living\helpers\runtime-script-errors.js:66:24)
        at innerInvokeEventListeners (C:\Users\zaida\OneDrive\Desktop\sanad-property - Copy - Copy\frontend\node_modules\jsdom\lib\jsdom\living\events\EventTarget-impl.js:353:9)
        at invokeEventListeners (C:\Users\zaida\OneDrive\Desktop\sanad-property - Copy - Copy\frontend\node_modules\jsdom\lib\jsdom\living\events\EventTarget-impl.js:286:3)
        at HTMLUnknownElementImpl._dispatch (C:\Users\zaida\OneDrive\Desktop\sanad-property - Copy - Copy\frontend\node_modules\jsdom\lib\jsdom\living\events\EventTarget-impl.js:233:9)
        at HTMLUnknownElementImpl.dispatchEvent (C:\Users\zaida\OneDrive\Desktop\sanad-property - Copy - Copy\frontend\node_modules\jsdom\lib\jsdom\living\events\EventTarget-impl.js:104:17)
        at HTMLUnknownElement.dispatchEvent (C:\Users\zaida\OneDrive\Desktop\sanad-property - Copy - Copy\frontend\node_modules\jsdom\lib\jsdom\living\generated\EventTarget.js:241:34)
        at Object.invokeGuardedCallbackDev (C:\Users\zaida\OneDrive\Desktop\sanad-property - Copy - Copy\frontend\node_modules\react-dom\cjs\react-dom.development.js:4213:16)
        at invokeGuardedCallback (C:\Users\zaida\OneDrive\Desktop\sanad-property - Copy - Copy\frontend\node_modules\react-dom\cjs\react-dom.development.js:4277:31)
        at beginWork$1 (C:\Users\zaida\OneDrive\Desktop\sanad-property - Copy - Copy\frontend\node_modules\react-dom\cjs\react-dom.development.js:27490:7)
        at performUnitOfWork (C:\Users\zaida\OneDrive\Desktop\sanad-property - Copy - Copy\frontend\node_modules\react-dom\cjs\react-dom.development.js:26599:12)
        at workLoopSync (C:\Users\zaida\OneDrive\Desktop\sanad-property - Copy - Copy\frontend\node_modules\react-dom\cjs\react-dom.development.js:26505:5)
        at renderRootSync (C:\Users\zaida\OneDrive\Desktop\sanad-property - Copy - Copy\frontend\node_modules\react-dom\cjs\react-dom.development.js:26473:7)
        at recoverFromConcurrentError (C:\Users\zaida\OneDrive\Desktop\sanad-property - Copy - Copy\frontend\node_modules\react-dom\cjs\react-dom.development.js:25889:20)
        at performConcurrentWorkOnRoot (C:\Users\zaida\OneDrive\Desktop\sanad-property - Copy - Copy\frontend\node_modules\react-dom\cjs\react-dom.development.js:25789:22)
        at flushActQueue (C:\Users\zaida\OneDrive\Desktop\sanad-property - Copy - Copy\frontend\node_modules\react\cjs\react.development.js:2667:24)
        at act (C:\Users\zaida\OneDrive\Desktop\sanad-property - Copy - Copy\frontend\node_modules\react\cjs\react.development.js:2582:11)
        at C:\Users\zaida\OneDrive\Desktop\sanad-property - Copy - Copy\frontend\node_modules\@testing-library\react\dist\act-compat.js:46:25
        at renderRoot (C:\Users\zaida\OneDrive\Desktop\sanad-property - Copy - Copy\frontend\node_modules\@testing-library\react\dist\pure.js:189:26)
        at render (C:\Users\zaida\OneDrive\Desktop\sanad-property - Copy - Copy\frontend\node_modules\@testing-library\react\dist\pure.js:291:10)
        at Object.<anonymous> (C:\Users\zaida\OneDrive\Desktop\sanad-property - Copy - Copy\frontend\src\__tests__\finance.test.tsx:197:11)
        at Promise.finally.completed (C:\Users\zaida\OneDrive\Desktop\sanad-property - Copy - Copy\frontend\node_modules\jest-circus\build\jestAdapterInit.js:1557:28)
        at new Promise (<anonymous>)
        at callAsyncCircusFn (C:\Users\zaida\OneDrive\Desktop\sanad-property - Copy - Copy\frontend\node_modules\jest-circus\build\jestAdapterInit.js:1497:10)
        at _callCircusTest (C:\Users\zaida\OneDrive\Desktop\sanad-property - Copy - Copy\frontend\node_modules\jest-circus\build\jestAdapterInit.js:1007:40)
        at processTicksAndRejections (node:internal/process/task_queues:105:5)
        at _runTest (C:\Users\zaida\OneDrive\Desktop\sanad-property - Copy - Copy\frontend\node_modules\jest-circus\build\jestAdapterInit.js:947:3)
        at C:\Users\zaida\OneDrive\Desktop\sanad-property - Copy - Copy\frontend\node_modules\jest-circus\build\jestAdapterInit.js:849:7
        at _runTestsForDescribeBlock (C:\Users\zaida\OneDrive\Desktop\sanad-property - Copy - Copy\frontend\node_modules\jest-circus\build\jestAdapterInit.js:862:11)
        at _runTestsForDescribeBlock (C:\Users\zaida\OneDrive\Desktop\sanad-property - Copy - Copy\frontend\node_modules\jest-circus\build\jestAdapterInit.js:857:11)
        at run (C:\Users\zaida\OneDrive\Desktop\sanad-property - Copy - Copy\frontend\node_modules\jest-circus\build\jestAdapterInit.js:761:3)
        at runAndTransformResultsToJestFormat (C:\Users\zaida\OneDrive\Desktop\sanad-property - Copy - Copy\frontend\node_modules\jest-circus\build\jestAdapterInit.js:1918:21)
        at jestAdapter (C:\Users\zaida\OneDrive\Desktop\sanad-property - Copy - Copy\frontend\node_modules\jest-circus\build\runner.js:101:19)
        at runTestInternal (C:\Users\zaida\OneDrive\Desktop\sanad-property - Copy - Copy\frontend\node_modules\jest-runner\build\index.js:275:16)
        at runTest (C:\Users\zaida\OneDrive\Desktop\sanad-property - Copy - Copy\frontend\node_modules\jest-runner\build\index.js:343:7) {
      detail: TypeError: Cannot read properties of null (reading 'useState')
          at useState (C:\Users\zaida\OneDrive\Desktop\sanad-property - Copy - Copy\frontend\node_modules\react\cjs\react.development.js:1622:21)
          at FinanceDashboardPage (C:\Users\zaida\OneDrive\Desktop\sanad-property - Copy - Copy\frontend\src\app\dashboard\finance\dashboard\page.tsx:21:37)
          at renderWithHooks (C:\Users\zaida\OneDrive\Desktop\sanad-property - Copy - Copy\frontend\node_modules\react-dom\cjs\react-dom.development.js:15486:18)
          at mountIndeterminateComponent (C:\Users\zaida\OneDrive\Desktop\sanad-property - Copy - Copy\frontend\node_modules\react-dom\cjs\react-dom.development.js:20103:13)
          at beginWork (C:\Users\zaida\OneDrive\Desktop\sanad-property - Copy - Copy\frontend\node_modules\react-dom\cjs\react-dom.development.js:21626:16)
          at HTMLUnknownElement.callCallback (C:\Users\zaida\OneDrive\Desktop\sanad-property - Copy - Copy\frontend\node_modules\react-dom\cjs\react-dom.development.js:4164:14)
          at HTMLUnknownElement.callTheUserObjectsOperation (C:\Users\zaida\OneDrive\Desktop\sanad-property - Copy - Copy\frontend\node_modules\jsdom\lib\jsdom\living\generated\EventListener.js:26:30)
          at innerInvokeEventListeners (C:\Users\zaida\OneDrive\Desktop\sanad-property - Copy - Copy\frontend\node_modules\jsdom\lib\jsdom\living\events\EventTarget-impl.js:350:25)
          at invokeEventListeners (C:\Users\zaida\OneDrive\Desktop\sanad-property - Copy - Copy\frontend\node_modules\jsdom\lib\jsdom\living\events\EventTarget-impl.js:286:3)
          at HTMLUnknownElementImpl._dispatch (C:\Users\zaida\OneDrive\Desktop\sanad-property - Copy - Copy\frontend\node_modules\jsdom\lib\jsdom\living\events\EventTarget-impl.js:233:9)
          at HTMLUnknownElementImpl.dispatchEvent (C:\Users\zaida\OneDrive\Desktop\sanad-property - Copy - Copy\frontend\node_modules\jsdom\lib\jsdom\living\events\EventTarget-impl.js:104:17)
          at HTMLUnknownElement.dispatchEvent (C:\Users\zaida\OneDrive\Desktop\sanad-property - Copy - Copy\frontend\node_modules\jsdom\lib\jsdom\living\generated\EventTarget.js:241:34)
          at Object.invokeGuardedCallbackDev (C:\Users\zaida\OneDrive\Desktop\sanad-property - Copy - Copy\frontend\node_modules\react-dom\cjs\react-dom.development.js:4213:16)
          at invokeGuardedCallback (C:\Users\zaida\OneDrive\Desktop\sanad-property - Copy - Copy\frontend\node_modules\react-dom\cjs\react-dom.development.js:4277:31)
          at beginWork$1 (C:\Users\zaida\OneDrive\Desktop\sanad-property - Copy - Copy\frontend\node_modules\react-dom\cjs\react-dom.development.js:27490:7)
          at performUnitOfWork (C:\Users\zaida\OneDrive\Desktop\sanad-property - Copy - Copy\frontend\node_modules\react-dom\cjs\react-dom.development.js:26599:12)
          at workLoopSync (C:\Users\zaida\OneDrive\Desktop\sanad-property - Copy - Copy\frontend\node_modules\react-dom\cjs\react-dom.development.js:26505:5)
          at renderRootSync (C:\Users\zaida\OneDrive\Desktop\sanad-property - Copy - Copy\frontend\node_modules\react-dom\cjs\react-dom.development.js:26473:7)
          at recoverFromConcurrentError (C:\Users\zaida\OneDrive\Desktop\sanad-property - Copy - Copy\frontend\node_modules\react-dom\cjs\react-dom.development.js:25889:20)
          at performConcurrentWorkOnRoot (C:\Users\zaida\OneDrive\Desktop\sanad-property - Copy - Copy\frontend\node_modules\react-dom\cjs\react-dom.development.js:25789:22)
          at flushActQueue (C:\Users\zaida\OneDrive\Desktop\sanad-property - Copy - Copy\frontend\node_modules\react\cjs\react.development.js:2667:24)
          at act (C:\Users\zaida\OneDrive\Desktop\sanad-property - Copy - Copy\frontend\node_modules\react\cjs\react.development.js:2582:11)
          at C:\Users\zaida\OneDrive\Desktop\sanad-property - Copy - Copy\frontend\node_modules\@testing-library\react\dist\act-compat.js:46:25
          at renderRoot (C:\Users\zaida\OneDrive\Desktop\sanad-property - Copy - Copy\frontend\node_modules\@testing-library\react\dist\pure.js:189:26)
          at render (C:\Users\zaida\OneDrive\Desktop\sanad-property - Copy - Copy\frontend\node_modules\@testing-library\react\dist\pure.js:291:10)
          at Object.<anonymous> (C:\Users\zaida\OneDrive\Desktop\sanad-property - Copy - Copy\frontend\src\__tests__\finance.test.tsx:197:11)
          at Promise.finally.completed (C:\Users\zaida\OneDrive\Desktop\sanad-property - Copy - Copy\frontend\node_modules\jest-circus\build\jestAdapterInit.js:1557:28)
          at new Promise (<anonymous>)
          at callAsyncCircusFn (C:\Users\zaida\OneDrive\Desktop\sanad-property - Copy - Copy\frontend\node_modules\jest-circus\build\jestAdapterInit.js:1497:10)
          at _callCircusTest (C:\Users\zaida\OneDrive\Desktop\sanad-property - Copy - Copy\frontend\node_modules\jest-circus\build\jestAdapterInit.js:1007:40)
          at processTicksAndRejections (node:internal/process/task_queues:105:5)
          at _runTest (C:\Users\zaida\OneDrive\Desktop\sanad-property - Copy - Copy\frontend\node_modules\jest-circus\build\jestAdapterInit.js:947:3)
          at C:\Users\zaida\OneDrive\Desktop\sanad-property - Copy - Copy\frontend\node_modules\jest-circus\build\jestAdapterInit.js:849:7
          at _runTestsForDescribeBlock (C:\Users\zaida\OneDrive\Desktop\sanad-property - Copy - Copy\frontend\node_modules\jest-circus\build\jestAdapterInit.js:862:11)
          at _runTestsForDescribeBlock (C:\Users\zaida\OneDrive\Desktop\sanad-property - Copy - Copy\frontend\node_modules\jest-circus\build\jestAdapterInit.js:857:11)
          at run (C:\Users\zaida\OneDrive\Desktop\sanad-property - Copy - Copy\frontend\node_modules\jest-circus\build\jestAdapterInit.js:761:3)
          at runAndTransformResultsToJestFormat (C:\Users\zaida\OneDrive\Desktop\sanad-property - Copy - Copy\frontend\node_modules\jest-circus\build\jestAdapterInit.js:1918:21)
          at jestAdapter (C:\Users\zaida\OneDrive\Desktop\sanad-property - Copy - Copy\frontend\node_modules\jest-circus\build\runner.js:101:19)
          at runTestInternal (C:\Users\zaida\OneDrive\Desktop\sanad-property - Copy - Copy\frontend\node_modules\jest-runner\build\index.js:275:16)
          at runTest (C:\Users\zaida\OneDrive\Desktop\sanad-property - Copy - Copy\frontend\node_modules\jest-runner\build\index.js:343:7),
      type: 'unhandled exception'
    }

    [0m [90m 195 |[39m
     [90m 196 |[39m   it([32m'renders all 6 KPI cards with mocked API data'[39m[33m,[39m [36masync[39m () [33m=>[39m {
    [31m[1m>[22m[39m[90m 197 |[39m     render([33m<[39m[33mFinanceDashboardPage[39m [33m/[39m[33m>[39m)[33m;[39m
     [90m     |[39m           [31m[1m^[22m[39m
     [90m 198 |[39m
     [90m 199 |[39m     [36mawait[39m waitFor(() [33m=>[39m {
     [90m 200 |[39m       [36mconst[39m kpiGrid [33m=[39m screen[33m.[39mgetByTestId([32m'kpi-grid'[39m)[33m;[39m[0m

      at VirtualConsole.<anonymous> (node_modules/@jest/environment-jsdom-abstract/build/index.js:87:23)
      at reportException (node_modules/jsdom/lib/jsdom/living/helpers/runtime-script-errors.js:70:28)
      at innerInvokeEventListeners (node_modules/jsdom/lib/jsdom/living/events/EventTarget-impl.js:353:9)
      at invokeEventListeners (node_modules/jsdom/lib/jsdom/living/events/EventTarget-impl.js:286:3)
      at HTMLUnknownElementImpl._dispatch (node_modules/jsdom/lib/jsdom/living/events/EventTarget-impl.js:233:9)
      at HTMLUnknownElementImpl.dispatchEvent (node_modules/jsdom/lib/jsdom/living/events/EventTarget-impl.js:104:17)
      at HTMLUnknownElement.dispatchEvent (node_modules/jsdom/lib/jsdom/living/generated/EventTarget.js:241:34)
      at Object.invokeGuardedCallbackDev (node_modules/react-dom/cjs/react-dom.development.js:4213:16)
      at invokeGuardedCallback (node_modules/react-dom/cjs/react-dom.development.js:4277:31)
      at beginWork$1 (node_modules/react-dom/cjs/react-dom.development.js:27490:7)
      at performUnitOfWork (node_modules/react-dom/cjs/react-dom.development.js:26599:12)
      at workLoopSync (node_modules/react-dom/cjs/react-dom.development.js:26505:5)
      at renderRootSync (node_modules/react-dom/cjs/react-dom.development.js:26473:7)
      at recoverFromConcurrentError (node_modules/react-dom/cjs/react-dom.development.js:25889:20)
      at performConcurrentWorkOnRoot (node_modules/react-dom/cjs/react-dom.development.js:25789:22)
      at flushActQueue (node_modules/react/cjs/react.development.js:2667:24)
      at act (node_modules/react/cjs/react.development.js:2582:11)
      at node_modules/@testing-library/react/dist/act-compat.js:46:25
      at renderRoot (node_modules/@testing-library/react/dist/pure.js:189:26)
      at render (node_modules/@testing-library/react/dist/pure.js:291:10)
      at Object.<anonymous> (src/__tests__/finance.test.tsx:197:11)

  console.error
    The above error occurred in the <FinanceDashboardPage> component:
    
        at FinanceDashboardPage (C:\Users\zaida\OneDrive\Desktop\sanad-property - Copy - Copy\frontend\src\app\dashboard\finance\dashboard\page.tsx:21:37)
    
    Consider adding an error boundary to your tree to customize error handling behavior.
    Visit https://reactjs.org/link/error-boundaries to learn more about error boundaries.

    [0m [90m 195 |[39m
     [90m 196 |[39m   it([32m'renders all 6 KPI cards with mocked API data'[39m[33m,[39m [36masync[39m () [33m=>[39m {
    [31m[1m>[22m[39m[90m 197 |[39m     render([33m<[39m[33mFinanceDashboardPage[39m [33m/[39m[33m>[39m)[33m;[39m
     [90m     |[39m           [31m[1m^[22m[39m
     [90m 198 |[39m
     [90m 199 |[39m     [36mawait[39m waitFor(() [33m=>[39m {
     [90m 200 |[39m       [36mconst[39m kpiGrid [33m=[39m screen[33m.[39mgetByTestId([32m'kpi-grid'[39m)[33m;[39m[0m

      at logCapturedError (node_modules/react-dom/cjs/react-dom.development.js:18704:23)
      at update.callback (node_modules/react-dom/cjs/react-dom.development.js:18737:5)
      at callCallback (node_modules/react-dom/cjs/react-dom.development.js:15036:12)
      at commitUpdateQueue (node_modules/react-dom/cjs/react-dom.development.js:15057:9)
      at commitLayoutEffectOnFiber (node_modules/react-dom/cjs/react-dom.development.js:23430:13)
      at commitLayoutMountEffects_complete (node_modules/react-dom/cjs/react-dom.development.js:24727:9)
      at commitLayoutEffects_begin (node_modules/react-dom/cjs/react-dom.development.js:24713:7)
      at commitLayoutEffects (node_modules/react-dom/cjs/react-dom.development.js:24651:3)
      at commitRootImpl (node_modules/react-dom/cjs/react-dom.development.js:26862:5)
      at commitRoot (node_modules/react-dom/cjs/react-dom.development.js:26721:5)
      at finishConcurrentRender (node_modules/react-dom/cjs/react-dom.development.js:25931:9)
      at performConcurrentWorkOnRoot (node_modules/react-dom/cjs/react-dom.development.js:25848:7)
      at flushActQueue (node_modules/react/cjs/react.development.js:2667:24)
      at act (node_modules/react/cjs/react.development.js:2582:11)
      at node_modules/@testing-library/react/dist/act-compat.js:46:25
      at renderRoot (node_modules/@testing-library/react/dist/pure.js:189:26)
      at render (node_modules/@testing-library/react/dist/pure.js:291:10)
      at Object.<anonymous> (src/__tests__/finance.test.tsx:197:11)

  console.error
    Warning: Invalid hook call. Hooks can only be called inside of the body of a function component. This could happen for one of the following reasons:
    1. You might have mismatching versions of React and the renderer (such as React DOM)
    2. You might be breaking the Rules of Hooks
    3. You might have more than one copy of React in the same app
    See https://reactjs.org/link/invalid-hook-call for tips about how to debug and fix this problem.

    [0m [90m 11 |[39m [36mexport[39m [36mdefault[39m [36mfunction[39m [33mReconciliationWorkspacePage[39m() {
     [90m 12 |[39m   [36mconst[39m { bankAccountId[33m,[39m statementId } [33m=[39m useParams()[33m;[39m
    [31m[1m>[22m[39m[90m 13 |[39m   [36mconst[39m [data[33m,[39m setData] [33m=[39m useState[33m<[39m[33many[39m[33m>[39m([36mnull[39m)[33m;[39m
     [90m    |[39m                                   [31m[1m^[22m[39m
     [90m 14 |[39m   [36mconst[39m [loading[33m,[39m setLoading] [33m=[39m useState([36mtrue[39m)[33m;[39m
     [90m 15 |[39m   [36mconst[39m [matching[33m,[39m setMatching] [33m=[39m useState([36mfalse[39m)[33m;[39m
     [90m 16 |[39m[0m

      at printWarning (node_modules/react/cjs/react.development.js:209:30)
      at error (node_modules/react/cjs/react.development.js:183:7)
      at resolveDispatcher (node_modules/react/cjs/react.development.js:1592:7)
      at useState (node_modules/react/cjs/react.development.js:1621:20)
      at ReconciliationWorkspacePage (src/app/dashboard/finance/reconciliation/[bankAccountId]/[statementId]/page.tsx:13:35)
      at renderWithHooks (node_modules/react-dom/cjs/react-dom.development.js:15486:18)
      at mountIndeterminateComponent (node_modules/react-dom/cjs/react-dom.development.js:20103:13)
      at beginWork (node_modules/react-dom/cjs/react-dom.development.js:21626:16)
      at beginWork$1 (node_modules/react-dom/cjs/react-dom.development.js:27465:14)
      at performUnitOfWork (node_modules/react-dom/cjs/react-dom.development.js:26599:12)
      at workLoopSync (node_modules/react-dom/cjs/react-dom.development.js:26505:5)
      at renderRootSync (node_modules/react-dom/cjs/react-dom.development.js:26473:7)
      at performConcurrentWorkOnRoot (node_modules/react-dom/cjs/react-dom.development.js:25777:74)
      at flushActQueue (node_modules/react/cjs/react.development.js:2667:24)
      at act (node_modules/react/cjs/react.development.js:2582:11)
      at node_modules/@testing-library/react/dist/act-compat.js:46:25
      at renderRoot (node_modules/@testing-library/react/dist/pure.js:189:26)
      at render (node_modules/@testing-library/react/dist/pure.js:291:10)
      at Object.<anonymous> (src/__tests__/finance.test.tsx:236:11)

  console.error
    Warning: Invalid hook call. Hooks can only be called inside of the body of a function component. This could happen for one of the following reasons:
    1. You might have mismatching versions of React and the renderer (such as React DOM)
    2. You might be breaking the Rules of Hooks
    3. You might have more than one copy of React in the same app
    See https://reactjs.org/link/invalid-hook-call for tips about how to debug and fix this problem.

    [0m [90m 11 |[39m [36mexport[39m [36mdefault[39m [36mfunction[39m [33mReconciliationWorkspacePage[39m() {
     [90m 12 |[39m   [36mconst[39m { bankAccountId[33m,[39m statementId } [33m=[39m useParams()[33m;[39m
    [31m[1m>[22m[39m[90m 13 |[39m   [36mconst[39m [data[33m,[39m setData] [33m=[39m useState[33m<[39m[33many[39m[33m>[39m([36mnull[39m)[33m;[39m
     [90m    |[39m                                   [31m[1m^[22m[39m
     [90m 14 |[39m   [36mconst[39m [loading[33m,[39m setLoading] [33m=[39m useState([36mtrue[39m)[33m;[39m
     [90m 15 |[39m   [36mconst[39m [matching[33m,[39m setMatching] [33m=[39m useState([36mfalse[39m)[33m;[39m
     [90m 16 |[39m[0m

      at printWarning (node_modules/react/cjs/react.development.js:209:30)
      at error (node_modules/react/cjs/react.development.js:183:7)
      at resolveDispatcher (node_modules/react/cjs/react.development.js:1592:7)
      at useState (node_modules/react/cjs/react.development.js:1621:20)
      at ReconciliationWorkspacePage (src/app/dashboard/finance/reconciliation/[bankAccountId]/[statementId]/page.tsx:13:35)
      at renderWithHooks (node_modules/react-dom/cjs/react-dom.development.js:15486:18)
      at mountIndeterminateComponent (node_modules/react-dom/cjs/react-dom.development.js:20103:13)
      at beginWork (node_modules/react-dom/cjs/react-dom.development.js:21626:16)
      at HTMLUnknownElement.callCallback (node_modules/react-dom/cjs/react-dom.development.js:4164:14)
      at HTMLUnknownElement.callTheUserObjectsOperation (node_modules/jsdom/lib/jsdom/living/generated/EventListener.js:26:30)
      at innerInvokeEventListeners (node_modules/jsdom/lib/jsdom/living/events/EventTarget-impl.js:350:25)
      at invokeEventListeners (node_modules/jsdom/lib/jsdom/living/events/EventTarget-impl.js:286:3)
      at HTMLUnknownElementImpl._dispatch (node_modules/jsdom/lib/jsdom/living/events/EventTarget-impl.js:233:9)
      at HTMLUnknownElementImpl.dispatchEvent (node_modules/jsdom/lib/jsdom/living/events/EventTarget-impl.js:104:17)
      at HTMLUnknownElement.dispatchEvent (node_modules/jsdom/lib/jsdom/living/generated/EventTarget.js:241:34)
      at Object.invokeGuardedCallbackDev (node_modules/react-dom/cjs/react-dom.development.js:4213:16)
      at invokeGuardedCallback (node_modules/react-dom/cjs/react-dom.development.js:4277:31)
      at beginWork$1 (node_modules/react-dom/cjs/react-dom.development.js:27490:7)
      at performUnitOfWork (node_modules/react-dom/cjs/react-dom.development.js:26599:12)
      at workLoopSync (node_modules/react-dom/cjs/react-dom.development.js:26505:5)
      at renderRootSync (node_modules/react-dom/cjs/react-dom.development.js:26473:7)
      at performConcurrentWorkOnRoot (node_modules/react-dom/cjs/react-dom.development.js:25777:74)
      at flushActQueue (node_modules/react/cjs/react.development.js:2667:24)
      at act (node_modules/react/cjs/react.development.js:2582:11)
      at node_modules/@testing-library/react/dist/act-compat.js:46:25
      at renderRoot (node_modules/@testing-library/react/dist/pure.js:189:26)
      at render (node_modules/@testing-library/react/dist/pure.js:291:10)
      at Object.<anonymous> (src/__tests__/finance.test.tsx:236:11)

  console.error
    Error: Uncaught [TypeError: Cannot read properties of null (reading 'useState')]
        at reportException (C:\Users\zaida\OneDrive\Desktop\sanad-property - Copy - Copy\frontend\node_modules\jsdom\lib\jsdom\living\helpers\runtime-script-errors.js:66:24)
        at innerInvokeEventListeners (C:\Users\zaida\OneDrive\Desktop\sanad-property - Copy - Copy\frontend\node_modules\jsdom\lib\jsdom\living\events\EventTarget-impl.js:353:9)
        at invokeEventListeners (C:\Users\zaida\OneDrive\Desktop\sanad-property - Copy - Copy\frontend\node_modules\jsdom\lib\jsdom\living\events\EventTarget-impl.js:286:3)
        at HTMLUnknownElementImpl._dispatch (C:\Users\zaida\OneDrive\Desktop\sanad-property - Copy - Copy\frontend\node_modules\jsdom\lib\jsdom\living\events\EventTarget-impl.js:233:9)
        at HTMLUnknownElementImpl.dispatchEvent (C:\Users\zaida\OneDrive\Desktop\sanad-property - Copy - Copy\frontend\node_modules\jsdom\lib\jsdom\living\events\EventTarget-impl.js:104:17)
        at HTMLUnknownElement.dispatchEvent (C:\Users\zaida\OneDrive\Desktop\sanad-property - Copy - Copy\frontend\node_modules\jsdom\lib\jsdom\living\generated\EventTarget.js:241:34)
        at Object.invokeGuardedCallbackDev (C:\Users\zaida\OneDrive\Desktop\sanad-property - Copy - Copy\frontend\node_modules\react-dom\cjs\react-dom.development.js:4213:16)
        at invokeGuardedCallback (C:\Users\zaida\OneDrive\Desktop\sanad-property - Copy - Copy\frontend\node_modules\react-dom\cjs\react-dom.development.js:4277:31)
        at beginWork$1 (C:\Users\zaida\OneDrive\Desktop\sanad-property - Copy - Copy\frontend\node_modules\react-dom\cjs\react-dom.development.js:27490:7)
        at performUnitOfWork (C:\Users\zaida\OneDrive\Desktop\sanad-property - Copy - Copy\frontend\node_modules\react-dom\cjs\react-dom.development.js:26599:12)
        at workLoopSync (C:\Users\zaida\OneDrive\Desktop\sanad-property - Copy - Copy\frontend\node_modules\react-dom\cjs\react-dom.development.js:26505:5)
        at renderRootSync (C:\Users\zaida\OneDrive\Desktop\sanad-property - Copy - Copy\frontend\node_modules\react-dom\cjs\react-dom.development.js:26473:7)
        at performConcurrentWorkOnRoot (C:\Users\zaida\OneDrive\Desktop\sanad-property - Copy - Copy\frontend\node_modules\react-dom\cjs\react-dom.development.js:25777:74)
        at flushActQueue (C:\Users\zaida\OneDrive\Desktop\sanad-property - Copy - Copy\frontend\node_modules\react\cjs\react.development.js:2667:24)
        at act (C:\Users\zaida\OneDrive\Desktop\sanad-property - Copy - Copy\frontend\node_modules\react\cjs\react.development.js:2582:11)
        at C:\Users\zaida\OneDrive\Desktop\sanad-property - Copy - Copy\frontend\node_modules\@testing-library\react\dist\act-compat.js:46:25
        at renderRoot (C:\Users\zaida\OneDrive\Desktop\sanad-property - Copy - Copy\frontend\node_modules\@testing-library\react\dist\pure.js:189:26)
        at render (C:\Users\zaida\OneDrive\Desktop\sanad-property - Copy - Copy\frontend\node_modules\@testing-library\react\dist\pure.js:291:10)
        at Object.<anonymous> (C:\Users\zaida\OneDrive\Desktop\sanad-property - Copy - Copy\frontend\src\__tests__\finance.test.tsx:236:11)
        at Promise.finally.completed (C:\Users\zaida\OneDrive\Desktop\sanad-property - Copy - Copy\frontend\node_modules\jest-circus\build\jestAdapterInit.js:1557:28)
        at new Promise (<anonymous>)
        at callAsyncCircusFn (C:\Users\zaida\OneDrive\Desktop\sanad-property - Copy - Copy\frontend\node_modules\jest-circus\build\jestAdapterInit.js:1497:10)
        at _callCircusTest (C:\Users\zaida\OneDrive\Desktop\sanad-property - Copy - Copy\frontend\node_modules\jest-circus\build\jestAdapterInit.js:1007:40)
        at processTicksAndRejections (node:internal/process/task_queues:105:5)
        at _runTest (C:\Users\zaida\OneDrive\Desktop\sanad-property - Copy - Copy\frontend\node_modules\jest-circus\build\jestAdapterInit.js:947:3)
        at C:\Users\zaida\OneDrive\Desktop\sanad-property - Copy - Copy\frontend\node_modules\jest-circus\build\jestAdapterInit.js:849:7
        at _runTestsForDescribeBlock (C:\Users\zaida\OneDrive\Desktop\sanad-property - Copy - Copy\frontend\node_modules\jest-circus\build\jestAdapterInit.js:862:11)
        at _runTestsForDescribeBlock (C:\Users\zaida\OneDrive\Desktop\sanad-property - Copy - Copy\frontend\node_modules\jest-circus\build\jestAdapterInit.js:857:11)
        at run (C:\Users\zaida\OneDrive\Desktop\sanad-property - Copy - Copy\frontend\node_modules\jest-circus\build\jestAdapterInit.js:761:3)
        at runAndTransformResultsToJestFormat (C:\Users\zaida\OneDrive\Desktop\sanad-property - Copy - Copy\frontend\node_modules\jest-circus\build\jestAdapterInit.js:1918:21)
        at jestAdapter (C:\Users\zaida\OneDrive\Desktop\sanad-property - Copy - Copy\frontend\node_modules\jest-circus\build\runner.js:101:19)
        at runTestInternal (C:\Users\zaida\OneDrive\Desktop\sanad-property - Copy - Copy\frontend\node_modules\jest-runner\build\index.js:275:16)
        at runTest (C:\Users\zaida\OneDrive\Desktop\sanad-property - Copy - Copy\frontend\node_modules\jest-runner\build\index.js:343:7) {
      detail: TypeError: Cannot read properties of null (reading 'useState')
          at useState (C:\Users\zaida\OneDrive\Desktop\sanad-property - Copy - Copy\frontend\node_modules\react\cjs\react.development.js:1622:21)
          at ReconciliationWorkspacePage (C:\Users\zaida\OneDrive\Desktop\sanad-property - Copy - Copy\frontend\src\app\dashboard\finance\reconciliation\[bankAccountId]\[statementId]\page.tsx:13:35)
          at renderWithHooks (C:\Users\zaida\OneDrive\Desktop\sanad-property - Copy - Copy\frontend\node_modules\react-dom\cjs\react-dom.development.js:15486:18)
          at mountIndeterminateComponent (C:\Users\zaida\OneDrive\Desktop\sanad-property - Copy - Copy\frontend\node_modules\react-dom\cjs\react-dom.development.js:20103:13)
          at beginWork (C:\Users\zaida\OneDrive\Desktop\sanad-property - Copy - Copy\frontend\node_modules\react-dom\cjs\react-dom.development.js:21626:16)
          at HTMLUnknownElement.callCallback (C:\Users\zaida\OneDrive\Desktop\sanad-property - Copy - Copy\frontend\node_modules\react-dom\cjs\react-dom.development.js:4164:14)
          at HTMLUnknownElement.callTheUserObjectsOperation (C:\Users\zaida\OneDrive\Desktop\sanad-property - Copy - Copy\frontend\node_modules\jsdom\lib\jsdom\living\generated\EventListener.js:26:30)
          at innerInvokeEventListeners (C:\Users\zaida\OneDrive\Desktop\sanad-property - Copy - Copy\frontend\node_modules\jsdom\lib\jsdom\living\events\EventTarget-impl.js:350:25)
          at invokeEventListeners (C:\Users\zaida\OneDrive\Desktop\sanad-property - Copy - Copy\frontend\node_modules\jsdom\lib\jsdom\living\events\EventTarget-impl.js:286:3)
          at HTMLUnknownElementImpl._dispatch (C:\Users\zaida\OneDrive\Desktop\sanad-property - Copy - Copy\frontend\node_modules\jsdom\lib\jsdom\living\events\EventTarget-impl.js:233:9)
          at HTMLUnknownElementImpl.dispatchEvent (C:\Users\zaida\OneDrive\Desktop\sanad-property - Copy - Copy\frontend\node_modules\jsdom\lib\jsdom\living\events\EventTarget-impl.js:104:17)
          at HTMLUnknownElement.dispatchEvent (C:\Users\zaida\OneDrive\Desktop\sanad-property - Copy - Copy\frontend\node_modules\jsdom\lib\jsdom\living\generated\EventTarget.js:241:34)
          at Object.invokeGuardedCallbackDev (C:\Users\zaida\OneDrive\Desktop\sanad-property - Copy - Copy\frontend\node_modules\react-dom\cjs\react-dom.development.js:4213:16)
          at invokeGuardedCallback (C:\Users\zaida\OneDrive\Desktop\sanad-property - Copy - Copy\frontend\node_modules\react-dom\cjs\react-dom.development.js:4277:31)
          at beginWork$1 (C:\Users\zaida\OneDrive\Desktop\sanad-property - Copy - Copy\frontend\node_modules\react-dom\cjs\react-dom.development.js:27490:7)
          at performUnitOfWork (C:\Users\zaida\OneDrive\Desktop\sanad-property - Copy - Copy\frontend\node_modules\react-dom\cjs\react-dom.development.js:26599:12)
          at workLoopSync (C:\Users\zaida\OneDrive\Desktop\sanad-property - Copy - Copy\frontend\node_modules\react-dom\cjs\react-dom.development.js:26505:5)
          at renderRootSync (C:\Users\zaida\OneDrive\Desktop\sanad-property - Copy - Copy\frontend\node_modules\react-dom\cjs\react-dom.development.js:26473:7)
          at performConcurrentWorkOnRoot (C:\Users\zaida\OneDrive\Desktop\sanad-property - Copy - Copy\frontend\node_modules\react-dom\cjs\react-dom.development.js:25777:74)
          at flushActQueue (C:\Users\zaida\OneDrive\Desktop\sanad-property - Copy - Copy\frontend\node_modules\react\cjs\react.development.js:2667:24)
          at act (C:\Users\zaida\OneDrive\Desktop\sanad-property - Copy - Copy\frontend\node_modules\react\cjs\react.development.js:2582:11)
          at C:\Users\zaida\OneDrive\Desktop\sanad-property - Copy - Copy\frontend\node_modules\@testing-library\react\dist\act-compat.js:46:25
          at renderRoot (C:\Users\zaida\OneDrive\Desktop\sanad-property - Copy - Copy\frontend\node_modules\@testing-library\react\dist\pure.js:189:26)
          at render (C:\Users\zaida\OneDrive\Desktop\sanad-property - Copy - Copy\frontend\node_modules\@testing-library\react\dist\pure.js:291:10)
          at Object.<anonymous> (C:\Users\zaida\OneDrive\Desktop\sanad-property - Copy - Copy\frontend\src\__tests__\finance.test.tsx:236:11)
          at Promise.finally.completed (C:\Users\zaida\OneDrive\Desktop\sanad-property - Copy - Copy\frontend\node_modules\jest-circus\build\jestAdapterInit.js:1557:28)
          at new Promise (<anonymous>)
          at callAsyncCircusFn (C:\Users\zaida\OneDrive\Desktop\sanad-property - Copy - Copy\frontend\node_modules\jest-circus\build\jestAdapterInit.js:1497:10)
          at _callCircusTest (C:\Users\zaida\OneDrive\Desktop\sanad-property - Copy - Copy\frontend\node_modules\jest-circus\build\jestAdapterInit.js:1007:40)
          at processTicksAndRejections (node:internal/process/task_queues:105:5)
          at _runTest (C:\Users\zaida\OneDrive\Desktop\sanad-property - Copy - Copy\frontend\node_modules\jest-circus\build\jestAdapterInit.js:947:3)
          at C:\Users\zaida\OneDrive\Desktop\sanad-property - Copy - Copy\frontend\node_modules\jest-circus\build\jestAdapterInit.js:849:7
          at _runTestsForDescribeBlock (C:\Users\zaida\OneDrive\Desktop\sanad-property - Copy - Copy\frontend\node_modules\jest-circus\build\jestAdapterInit.js:862:11)
          at _runTestsForDescribeBlock (C:\Users\zaida\OneDrive\Desktop\sanad-property - Copy - Copy\frontend\node_modules\jest-circus\build\jestAdapterInit.js:857:11)
          at run (C:\Users\zaida\OneDrive\Desktop\sanad-property - Copy - Copy\frontend\node_modules\jest-circus\build\jestAdapterInit.js:761:3)
          at runAndTransformResultsToJestFormat (C:\Users\zaida\OneDrive\Desktop\sanad-property - Copy - Copy\frontend\node_modules\jest-circus\build\jestAdapterInit.js:1918:21)
          at jestAdapter (C:\Users\zaida\OneDrive\Desktop\sanad-property - Copy - Copy\frontend\node_modules\jest-circus\build\runner.js:101:19)
          at runTestInternal (C:\Users\zaida\OneDrive\Desktop\sanad-property - Copy - Copy\frontend\node_modules\jest-runner\build\index.js:275:16)
          at runTest (C:\Users\zaida\OneDrive\Desktop\sanad-property - Copy - Copy\frontend\node_modules\jest-runner\build\index.js:343:7),
      type: 'unhandled exception'
    }

    [0m [90m 234 |[39m     mockFinanceApi[33m.[39mmanualMatch[33m.[39mmockResolvedValue({})[33m;[39m
     [90m 235 |[39m     
    [31m[1m>[22m[39m[90m 236 |[39m     render([33m<[39m[33mReconciliationWorkspacePage[39m [33m/[39m[33m>[39m)[33m;[39m
     [90m     |[39m           [31m[1m^[22m[39m
     [90m 237 |[39m
     [90m 238 |[39m     [36mawait[39m waitFor(() [33m=>[39m {
     [90m 239 |[39m       [36mconst[39m journalLine [33m=[39m screen[33m.[39mgetByTestId([32m'journal-line-jl1'[39m)[33m;[39m[0m

      at VirtualConsole.<anonymous> (node_modules/@jest/environment-jsdom-abstract/build/index.js:87:23)
      at reportException (node_modules/jsdom/lib/jsdom/living/helpers/runtime-script-errors.js:70:28)
      at innerInvokeEventListeners (node_modules/jsdom/lib/jsdom/living/events/EventTarget-impl.js:353:9)
      at invokeEventListeners (node_modules/jsdom/lib/jsdom/living/events/EventTarget-impl.js:286:3)
      at HTMLUnknownElementImpl._dispatch (node_modules/jsdom/lib/jsdom/living/events/EventTarget-impl.js:233:9)
      at HTMLUnknownElementImpl.dispatchEvent (node_modules/jsdom/lib/jsdom/living/events/EventTarget-impl.js:104:17)
      at HTMLUnknownElement.dispatchEvent (node_modules/jsdom/lib/jsdom/living/generated/EventTarget.js:241:34)
      at Object.invokeGuardedCallbackDev (node_modules/react-dom/cjs/react-dom.development.js:4213:16)
      at invokeGuardedCallback (node_modules/react-dom/cjs/react-dom.development.js:4277:31)
      at beginWork$1 (node_modules/react-dom/cjs/react-dom.development.js:27490:7)
      at performUnitOfWork (node_modules/react-dom/cjs/react-dom.development.js:26599:12)
      at workLoopSync (node_modules/react-dom/cjs/react-dom.development.js:26505:5)
      at renderRootSync (node_modules/react-dom/cjs/react-dom.development.js:26473:7)
      at performConcurrentWorkOnRoot (node_modules/react-dom/cjs/react-dom.development.js:25777:74)
      at flushActQueue (node_modules/react/cjs/react.development.js:2667:24)
      at act (node_modules/react/cjs/react.development.js:2582:11)
      at node_modules/@testing-library/react/dist/act-compat.js:46:25
      at renderRoot (node_modules/@testing-library/react/dist/pure.js:189:26)
      at render (node_modules/@testing-library/react/dist/pure.js:291:10)
      at Object.<anonymous> (src/__tests__/finance.test.tsx:236:11)

  console.error
    Warning: Invalid hook call. Hooks can only be called inside of the body of a function component. This could happen for one of the following reasons:
    1. You might have mismatching versions of React and the renderer (such as React DOM)
    2. You might be breaking the Rules of Hooks
    3. You might have more than one copy of React in the same app
    See https://reactjs.org/link/invalid-hook-call for tips about how to debug and fix this problem.

    [0m [90m 11 |[39m [36mexport[39m [36mdefault[39m [36mfunction[39m [33mReconciliationWorkspacePage[39m() {
     [90m 12 |[39m   [36mconst[39m { bankAccountId[33m,[39m statementId } [33m=[39m useParams()[33m;[39m
    [31m[1m>[22m[39m[90m 13 |[39m   [36mconst[39m [data[33m,[39m setData] [33m=[39m useState[33m<[39m[33many[39m[33m>[39m([36mnull[39m)[33m;[39m
     [90m    |[39m                                   [31m[1m^[22m[39m
     [90m 14 |[39m   [36mconst[39m [loading[33m,[39m setLoading] [33m=[39m useState([36mtrue[39m)[33m;[39m
     [90m 15 |[39m   [36mconst[39m [matching[33m,[39m setMatching] [33m=[39m useState([36mfalse[39m)[33m;[39m
     [90m 16 |[39m[0m

      at printWarning (node_modules/react/cjs/react.development.js:209:30)
      at error (node_modules/react/cjs/react.development.js:183:7)
      at resolveDispatcher (node_modules/react/cjs/react.development.js:1592:7)
      at useState (node_modules/react/cjs/react.development.js:1621:20)
      at ReconciliationWorkspacePage (src/app/dashboard/finance/reconciliation/[bankAccountId]/[statementId]/page.tsx:13:35)
      at renderWithHooks (node_modules/react-dom/cjs/react-dom.development.js:15486:18)
      at mountIndeterminateComponent (node_modules/react-dom/cjs/react-dom.development.js:20103:13)
      at beginWork (node_modules/react-dom/cjs/react-dom.development.js:21626:16)
      at beginWork$1 (node_modules/react-dom/cjs/react-dom.development.js:27465:14)
      at performUnitOfWork (node_modules/react-dom/cjs/react-dom.development.js:26599:12)
      at workLoopSync (node_modules/react-dom/cjs/react-dom.development.js:26505:5)
      at renderRootSync (node_modules/react-dom/cjs/react-dom.development.js:26473:7)
      at recoverFromConcurrentError (node_modules/react-dom/cjs/react-dom.development.js:25889:20)
      at performConcurrentWorkOnRoot (node_modules/react-dom/cjs/react-dom.development.js:25789:22)
      at flushActQueue (node_modules/react/cjs/react.development.js:2667:24)
      at act (node_modules/react/cjs/react.development.js:2582:11)
      at node_modules/@testing-library/react/dist/act-compat.js:46:25
      at renderRoot (node_modules/@testing-library/react/dist/pure.js:189:26)
      at render (node_modules/@testing-library/react/dist/pure.js:291:10)
      at Object.<anonymous> (src/__tests__/finance.test.tsx:236:11)

  console.error
    Warning: Invalid hook call. Hooks can only be called inside of the body of a function component. This could happen for one of the following reasons:
    1. You might have mismatching versions of React and the renderer (such as React DOM)
    2. You might be breaking the Rules of Hooks
    3. You might have more than one copy of React in the same app
    See https://reactjs.org/link/invalid-hook-call for tips about how to debug and fix this problem.

    [0m [90m 11 |[39m [36mexport[39m [36mdefault[39m [36mfunction[39m [33mReconciliationWorkspacePage[39m() {
     [90m 12 |[39m   [36mconst[39m { bankAccountId[33m,[39m statementId } [33m=[39m useParams()[33m;[39m
    [31m[1m>[22m[39m[90m 13 |[39m   [36mconst[39m [data[33m,[39m setData] [33m=[39m useState[33m<[39m[33many[39m[33m>[39m([36mnull[39m)[33m;[39m
     [90m    |[39m                                   [31m[1m^[22m[39m
     [90m 14 |[39m   [36mconst[39m [loading[33m,[39m setLoading] [33m=[39m useState([36mtrue[39m)[33m;[39m
     [90m 15 |[39m   [36mconst[39m [matching[33m,[39m setMatching] [33m=[39m useState([36mfalse[39m)[33m;[39m
     [90m 16 |[39m[0m

      at printWarning (node_modules/react/cjs/react.development.js:209:30)
      at error (node_modules/react/cjs/react.development.js:183:7)
      at resolveDispatcher (node_modules/react/cjs/react.development.js:1592:7)
      at useState (node_modules/react/cjs/react.development.js:1621:20)
      at ReconciliationWorkspacePage (src/app/dashboard/finance/reconciliation/[bankAccountId]/[statementId]/page.tsx:13:35)
      at renderWithHooks (node_modules/react-dom/cjs/react-dom.development.js:15486:18)
      at mountIndeterminateComponent (node_modules/react-dom/cjs/react-dom.development.js:20103:13)
      at beginWork (node_modules/react-dom/cjs/react-dom.development.js:21626:16)
      at HTMLUnknownElement.callCallback (node_modules/react-dom/cjs/react-dom.development.js:4164:14)
      at HTMLUnknownElement.callTheUserObjectsOperation (node_modules/jsdom/lib/jsdom/living/generated/EventListener.js:26:30)
      at innerInvokeEventListeners (node_modules/jsdom/lib/jsdom/living/events/EventTarget-impl.js:350:25)
      at invokeEventListeners (node_modules/jsdom/lib/jsdom/living/events/EventTarget-impl.js:286:3)
      at HTMLUnknownElementImpl._dispatch (node_modules/jsdom/lib/jsdom/living/events/EventTarget-impl.js:233:9)
      at HTMLUnknownElementImpl.dispatchEvent (node_modules/jsdom/lib/jsdom/living/events/EventTarget-impl.js:104:17)
      at HTMLUnknownElement.dispatchEvent (node_modules/jsdom/lib/jsdom/living/generated/EventTarget.js:241:34)
      at Object.invokeGuardedCallbackDev (node_modules/react-dom/cjs/react-dom.development.js:4213:16)
      at invokeGuardedCallback (node_modules/react-dom/cjs/react-dom.development.js:4277:31)
      at beginWork$1 (node_modules/react-dom/cjs/react-dom.development.js:27490:7)
      at performUnitOfWork (node_modules/react-dom/cjs/react-dom.development.js:26599:12)
      at workLoopSync (node_modules/react-dom/cjs/react-dom.development.js:26505:5)
      at renderRootSync (node_modules/react-dom/cjs/react-dom.development.js:26473:7)
      at recoverFromConcurrentError (node_modules/react-dom/cjs/react-dom.development.js:25889:20)
      at performConcurrentWorkOnRoot (node_modules/react-dom/cjs/react-dom.development.js:25789:22)
      at flushActQueue (node_modules/react/cjs/react.development.js:2667:24)
      at act (node_modules/react/cjs/react.development.js:2582:11)
      at node_modules/@testing-library/react/dist/act-compat.js:46:25
      at renderRoot (node_modules/@testing-library/react/dist/pure.js:189:26)
      at render (node_modules/@testing-library/react/dist/pure.js:291:10)
      at Object.<anonymous> (src/__tests__/finance.test.tsx:236:11)

  console.error
    Error: Uncaught [TypeError: Cannot read properties of null (reading 'useState')]
        at reportException (C:\Users\zaida\OneDrive\Desktop\sanad-property - Copy - Copy\frontend\node_modules\jsdom\lib\jsdom\living\helpers\runtime-script-errors.js:66:24)
        at innerInvokeEventListeners (C:\Users\zaida\OneDrive\Desktop\sanad-property - Copy - Copy\frontend\node_modules\jsdom\lib\jsdom\living\events\EventTarget-impl.js:353:9)
        at invokeEventListeners (C:\Users\zaida\OneDrive\Desktop\sanad-property - Copy - Copy\frontend\node_modules\jsdom\lib\jsdom\living\events\EventTarget-impl.js:286:3)
        at HTMLUnknownElementImpl._dispatch (C:\Users\zaida\OneDrive\Desktop\sanad-property - Copy - Copy\frontend\node_modules\jsdom\lib\jsdom\living\events\EventTarget-impl.js:233:9)
        at HTMLUnknownElementImpl.dispatchEvent (C:\Users\zaida\OneDrive\Desktop\sanad-property - Copy - Copy\frontend\node_modules\jsdom\lib\jsdom\living\events\EventTarget-impl.js:104:17)
        at HTMLUnknownElement.dispatchEvent (C:\Users\zaida\OneDrive\Desktop\sanad-property - Copy - Copy\frontend\node_modules\jsdom\lib\jsdom\living\generated\EventTarget.js:241:34)
        at Object.invokeGuardedCallbackDev (C:\Users\zaida\OneDrive\Desktop\sanad-property - Copy - Copy\frontend\node_modules\react-dom\cjs\react-dom.development.js:4213:16)
        at invokeGuardedCallback (C:\Users\zaida\OneDrive\Desktop\sanad-property - Copy - Copy\frontend\node_modules\react-dom\cjs\react-dom.development.js:4277:31)
        at beginWork$1 (C:\Users\zaida\OneDrive\Desktop\sanad-property - Copy - Copy\frontend\node_modules\react-dom\cjs\react-dom.development.js:27490:7)
        at performUnitOfWork (C:\Users\zaida\OneDrive\Desktop\sanad-property - Copy - Copy\frontend\node_modules\react-dom\cjs\react-dom.development.js:26599:12)
        at workLoopSync (C:\Users\zaida\OneDrive\Desktop\sanad-property - Copy - Copy\frontend\node_modules\react-dom\cjs\react-dom.development.js:26505:5)
        at renderRootSync (C:\Users\zaida\OneDrive\Desktop\sanad-property - Copy - Copy\frontend\node_modules\react-dom\cjs\react-dom.development.js:26473:7)
        at recoverFromConcurrentError (C:\Users\zaida\OneDrive\Desktop\sanad-property - Copy - Copy\frontend\node_modules\react-dom\cjs\react-dom.development.js:25889:20)
        at performConcurrentWorkOnRoot (C:\Users\zaida\OneDrive\Desktop\sanad-property - Copy - Copy\frontend\node_modules\react-dom\cjs\react-dom.development.js:25789:22)
        at flushActQueue (C:\Users\zaida\OneDrive\Desktop\sanad-property - Copy - Copy\frontend\node_modules\react\cjs\react.development.js:2667:24)
        at act (C:\Users\zaida\OneDrive\Desktop\sanad-property - Copy - Copy\frontend\node_modules\react\cjs\react.development.js:2582:11)
        at C:\Users\zaida\OneDrive\Desktop\sanad-property - Copy - Copy\frontend\node_modules\@testing-library\react\dist\act-compat.js:46:25
        at renderRoot (C:\Users\zaida\OneDrive\Desktop\sanad-property - Copy - Copy\frontend\node_modules\@testing-library\react\dist\pure.js:189:26)
        at render (C:\Users\zaida\OneDrive\Desktop\sanad-property - Copy - Copy\frontend\node_modules\@testing-library\react\dist\pure.js:291:10)
        at Object.<anonymous> (C:\Users\zaida\OneDrive\Desktop\sanad-property - Copy - Copy\frontend\src\__tests__\finance.test.tsx:236:11)
        at Promise.finally.completed (C:\Users\zaida\OneDrive\Desktop\sanad-property - Copy - Copy\frontend\node_modules\jest-circus\build\jestAdapterInit.js:1557:28)
        at new Promise (<anonymous>)
        at callAsyncCircusFn (C:\Users\zaida\OneDrive\Desktop\sanad-property - Copy - Copy\frontend\node_modules\jest-circus\build\jestAdapterInit.js:1497:10)
        at _callCircusTest (C:\Users\zaida\OneDrive\Desktop\sanad-property - Copy - Copy\frontend\node_modules\jest-circus\build\jestAdapterInit.js:1007:40)
        at processTicksAndRejections (node:internal/process/task_queues:105:5)
        at _runTest (C:\Users\zaida\OneDrive\Desktop\sanad-property - Copy - Copy\frontend\node_modules\jest-circus\build\jestAdapterInit.js:947:3)
        at C:\Users\zaida\OneDrive\Desktop\sanad-property - Copy - Copy\frontend\node_modules\jest-circus\build\jestAdapterInit.js:849:7
        at _runTestsForDescribeBlock (C:\Users\zaida\OneDrive\Desktop\sanad-property - Copy - Copy\frontend\node_modules\jest-circus\build\jestAdapterInit.js:862:11)
        at _runTestsForDescribeBlock (C:\Users\zaida\OneDrive\Desktop\sanad-property - Copy - Copy\frontend\node_modules\jest-circus\build\jestAdapterInit.js:857:11)
        at run (C:\Users\zaida\OneDrive\Desktop\sanad-property - Copy - Copy\frontend\node_modules\jest-circus\build\jestAdapterInit.js:761:3)
        at runAndTransformResultsToJestFormat (C:\Users\zaida\OneDrive\Desktop\sanad-property - Copy - Copy\frontend\node_modules\jest-circus\build\jestAdapterInit.js:1918:21)
        at jestAdapter (C:\Users\zaida\OneDrive\Desktop\sanad-property - Copy - Copy\frontend\node_modules\jest-circus\build\runner.js:101:19)
        at runTestInternal (C:\Users\zaida\OneDrive\Desktop\sanad-property - Copy - Copy\frontend\node_modules\jest-runner\build\index.js:275:16)
        at runTest (C:\Users\zaida\OneDrive\Desktop\sanad-property - Copy - Copy\frontend\node_modules\jest-runner\build\index.js:343:7) {
      detail: TypeError: Cannot read properties of null (reading 'useState')
          at useState (C:\Users\zaida\OneDrive\Desktop\sanad-property - Copy - Copy\frontend\node_modules\react\cjs\react.development.js:1622:21)
          at ReconciliationWorkspacePage (C:\Users\zaida\OneDrive\Desktop\sanad-property - Copy - Copy\frontend\src\app\dashboard\finance\reconciliation\[bankAccountId]\[statementId]\page.tsx:13:35)
          at renderWithHooks (C:\Users\zaida\OneDrive\Desktop\sanad-property - Copy - Copy\frontend\node_modules\react-dom\cjs\react-dom.development.js:15486:18)
          at mountIndeterminateComponent (C:\Users\zaida\OneDrive\Desktop\sanad-property - Copy - Copy\frontend\node_modules\react-dom\cjs\react-dom.development.js:20103:13)
          at beginWork (C:\Users\zaida\OneDrive\Desktop\sanad-property - Copy - Copy\frontend\node_modules\react-dom\cjs\react-dom.development.js:21626:16)
          at HTMLUnknownElement.callCallback (C:\Users\zaida\OneDrive\Desktop\sanad-property - Copy - Copy\frontend\node_modules\react-dom\cjs\react-dom.development.js:4164:14)
          at HTMLUnknownElement.callTheUserObjectsOperation (C:\Users\zaida\OneDrive\Desktop\sanad-property - Copy - Copy\frontend\node_modules\jsdom\lib\jsdom\living\generated\EventListener.js:26:30)
          at innerInvokeEventListeners (C:\Users\zaida\OneDrive\Desktop\sanad-property - Copy - Copy\frontend\node_modules\jsdom\lib\jsdom\living\events\EventTarget-impl.js:350:25)
          at invokeEventListeners (C:\Users\zaida\OneDrive\Desktop\sanad-property - Copy - Copy\frontend\node_modules\jsdom\lib\jsdom\living\events\EventTarget-impl.js:286:3)
          at HTMLUnknownElementImpl._dispatch (C:\Users\zaida\OneDrive\Desktop\sanad-property - Copy - Copy\frontend\node_modules\jsdom\lib\jsdom\living\events\EventTarget-impl.js:233:9)
          at HTMLUnknownElementImpl.dispatchEvent (C:\Users\zaida\OneDrive\Desktop\sanad-property - Copy - Copy\frontend\node_modules\jsdom\lib\jsdom\living\events\EventTarget-impl.js:104:17)
          at HTMLUnknownElement.dispatchEvent (C:\Users\zaida\OneDrive\Desktop\sanad-property - Copy - Copy\frontend\node_modules\jsdom\lib\jsdom\living\generated\EventTarget.js:241:34)
          at Object.invokeGuardedCallbackDev (C:\Users\zaida\OneDrive\Desktop\sanad-property - Copy - Copy\frontend\node_modules\react-dom\cjs\react-dom.development.js:4213:16)
          at invokeGuardedCallback (C:\Users\zaida\OneDrive\Desktop\sanad-property - Copy - Copy\frontend\node_modules\react-dom\cjs\react-dom.development.js:4277:31)
          at beginWork$1 (C:\Users\zaida\OneDrive\Desktop\sanad-property - Copy - Copy\frontend\node_modules\react-dom\cjs\react-dom.development.js:27490:7)
          at performUnitOfWork (C:\Users\zaida\OneDrive\Desktop\sanad-property - Copy - Copy\frontend\node_modules\react-dom\cjs\react-dom.development.js:26599:12)
          at workLoopSync (C:\Users\zaida\OneDrive\Desktop\sanad-property - Copy - Copy\frontend\node_modules\react-dom\cjs\react-dom.development.js:26505:5)
          at renderRootSync (C:\Users\zaida\OneDrive\Desktop\sanad-property - Copy - Copy\frontend\node_modules\react-dom\cjs\react-dom.development.js:26473:7)
          at recoverFromConcurrentError (C:\Users\zaida\OneDrive\Desktop\sanad-property - Copy - Copy\frontend\node_modules\react-dom\cjs\react-dom.development.js:25889:20)
          at performConcurrentWorkOnRoot (C:\Users\zaida\OneDrive\Desktop\sanad-property - Copy - Copy\frontend\node_modules\react-dom\cjs\react-dom.development.js:25789:22)
          at flushActQueue (C:\Users\zaida\OneDrive\Desktop\sanad-property - Copy - Copy\frontend\node_modules\react\cjs\react.development.js:2667:24)
          at act (C:\Users\zaida\OneDrive\Desktop\sanad-property - Copy - Copy\frontend\node_modules\react\cjs\react.development.js:2582:11)
          at C:\Users\zaida\OneDrive\Desktop\sanad-property - Copy - Copy\frontend\node_modules\@testing-library\react\dist\act-compat.js:46:25
          at renderRoot (C:\Users\zaida\OneDrive\Desktop\sanad-property - Copy - Copy\frontend\node_modules\@testing-library\react\dist\pure.js:189:26)
          at render (C:\Users\zaida\OneDrive\Desktop\sanad-property - Copy - Copy\frontend\node_modules\@testing-library\react\dist\pure.js:291:10)
          at Object.<anonymous> (C:\Users\zaida\OneDrive\Desktop\sanad-property - Copy - Copy\frontend\src\__tests__\finance.test.tsx:236:11)
          at Promise.finally.completed (C:\Users\zaida\OneDrive\Desktop\sanad-property - Copy - Copy\frontend\node_modules\jest-circus\build\jestAdapterInit.js:1557:28)
          at new Promise (<anonymous>)
          at callAsyncCircusFn (C:\Users\zaida\OneDrive\Desktop\sanad-property - Copy - Copy\frontend\node_modules\jest-circus\build\jestAdapterInit.js:1497:10)
          at _callCircusTest (C:\Users\zaida\OneDrive\Desktop\sanad-property - Copy - Copy\frontend\node_modules\jest-circus\build\jestAdapterInit.js:1007:40)
          at processTicksAndRejections (node:internal/process/task_queues:105:5)
          at _runTest (C:\Users\zaida\OneDrive\Desktop\sanad-property - Copy - Copy\frontend\node_modules\jest-circus\build\jestAdapterInit.js:947:3)
          at C:\Users\zaida\OneDrive\Desktop\sanad-property - Copy - Copy\frontend\node_modules\jest-circus\build\jestAdapterInit.js:849:7
          at _runTestsForDescribeBlock (C:\Users\zaida\OneDrive\Desktop\sanad-property - Copy - Copy\frontend\node_modules\jest-circus\build\jestAdapterInit.js:862:11)
          at _runTestsForDescribeBlock (C:\Users\zaida\OneDrive\Desktop\sanad-property - Copy - Copy\frontend\node_modules\jest-circus\build\jestAdapterInit.js:857:11)
          at run (C:\Users\zaida\OneDrive\Desktop\sanad-property - Copy - Copy\frontend\node_modules\jest-circus\build\jestAdapterInit.js:761:3)
          at runAndTransformResultsToJestFormat (C:\Users\zaida\OneDrive\Desktop\sanad-property - Copy - Copy\frontend\node_modules\jest-circus\build\jestAdapterInit.js:1918:21)
          at jestAdapter (C:\Users\zaida\OneDrive\Desktop\sanad-property - Copy - Copy\frontend\node_modules\jest-circus\build\runner.js:101:19)
          at runTestInternal (C:\Users\zaida\OneDrive\Desktop\sanad-property - Copy - Copy\frontend\node_modules\jest-runner\build\index.js:275:16)
          at runTest (C:\Users\zaida\OneDrive\Desktop\sanad-property - Copy - Copy\frontend\node_modules\jest-runner\build\index.js:343:7),
      type: 'unhandled exception'
    }

    [0m [90m 234 |[39m     mockFinanceApi[33m.[39mmanualMatch[33m.[39mmockResolvedValue({})[33m;[39m
     [90m 235 |[39m     
    [31m[1m>[22m[39m[90m 236 |[39m     render([33m<[39m[33mReconciliationWorkspacePage[39m [33m/[39m[33m>[39m)[33m;[39m
     [90m     |[39m           [31m[1m^[22m[39m
     [90m 237 |[39m
     [90m 238 |[39m     [36mawait[39m waitFor(() [33m=>[39m {
     [90m 239 |[39m       [36mconst[39m journalLine [33m=[39m screen[33m.[39mgetByTestId([32m'journal-line-jl1'[39m)[33m;[39m[0m

      at VirtualConsole.<anonymous> (node_modules/@jest/environment-jsdom-abstract/build/index.js:87:23)
      at reportException (node_modules/jsdom/lib/jsdom/living/helpers/runtime-script-errors.js:70:28)
      at innerInvokeEventListeners (node_modules/jsdom/lib/jsdom/living/events/EventTarget-impl.js:353:9)
      at invokeEventListeners (node_modules/jsdom/lib/jsdom/living/events/EventTarget-impl.js:286:3)
      at HTMLUnknownElementImpl._dispatch (node_modules/jsdom/lib/jsdom/living/events/EventTarget-impl.js:233:9)
      at HTMLUnknownElementImpl.dispatchEvent (node_modules/jsdom/lib/jsdom/living/events/EventTarget-impl.js:104:17)
      at HTMLUnknownElement.dispatchEvent (node_modules/jsdom/lib/jsdom/living/generated/EventTarget.js:241:34)
      at Object.invokeGuardedCallbackDev (node_modules/react-dom/cjs/react-dom.development.js:4213:16)
      at invokeGuardedCallback (node_modules/react-dom/cjs/react-dom.development.js:4277:31)
      at beginWork$1 (node_modules/react-dom/cjs/react-dom.development.js:27490:7)
      at performUnitOfWork (node_modules/react-dom/cjs/react-dom.development.js:26599:12)
      at workLoopSync (node_modules/react-dom/cjs/react-dom.development.js:26505:5)
      at renderRootSync (node_modules/react-dom/cjs/react-dom.development.js:26473:7)
      at recoverFromConcurrentError (node_modules/react-dom/cjs/react-dom.development.js:25889:20)
      at performConcurrentWorkOnRoot (node_modules/react-dom/cjs/react-dom.development.js:25789:22)
      at flushActQueue (node_modules/react/cjs/react.development.js:2667:24)
      at act (node_modules/react/cjs/react.development.js:2582:11)
      at node_modules/@testing-library/react/dist/act-compat.js:46:25
      at renderRoot (node_modules/@testing-library/react/dist/pure.js:189:26)
      at render (node_modules/@testing-library/react/dist/pure.js:291:10)
      at Object.<anonymous> (src/__tests__/finance.test.tsx:236:11)

  console.error
    The above error occurred in the <ReconciliationWorkspacePage> component:
    
        at ReconciliationWorkspacePage (C:\Users\zaida\OneDrive\Desktop\sanad-property - Copy - Copy\frontend\src\app\dashboard\finance\reconciliation\[bankAccountId]\[statementId]\page.tsx:13:35)
    
    Consider adding an error boundary to your tree to customize error handling behavior.
    Visit https://reactjs.org/link/error-boundaries to learn more about error boundaries.

    [0m [90m 234 |[39m     mockFinanceApi[33m.[39mmanualMatch[33m.[39mmockResolvedValue({})[33m;[39m
     [90m 235 |[39m     
    [31m[1m>[22m[39m[90m 236 |[39m     render([33m<[39m[33mReconciliationWorkspacePage[39m [33m/[39m[33m>[39m)[33m;[39m
     [90m     |[39m           [31m[1m^[22m[39m
     [90m 237 |[39m
     [90m 238 |[39m     [36mawait[39m waitFor(() [33m=>[39m {
     [90m 239 |[39m       [36mconst[39m journalLine [33m=[39m screen[33m.[39mgetByTestId([32m'journal-line-jl1'[39m)[33m;[39m[0m

      at logCapturedError (node_modules/react-dom/cjs/react-dom.development.js:18704:23)
      at update.callback (node_modules/react-dom/cjs/react-dom.development.js:18737:5)
      at callCallback (node_modules/react-dom/cjs/react-dom.development.js:15036:12)
      at commitUpdateQueue (node_modules/react-dom/cjs/react-dom.development.js:15057:9)
      at commitLayoutEffectOnFiber (node_modules/react-dom/cjs/react-dom.development.js:23430:13)
      at commitLayoutMountEffects_complete (node_modules/react-dom/cjs/react-dom.development.js:24727:9)
      at commitLayoutEffects_begin (node_modules/react-dom/cjs/react-dom.development.js:24713:7)
      at commitLayoutEffects (node_modules/react-dom/cjs/react-dom.development.js:24651:3)
      at commitRootImpl (node_modules/react-dom/cjs/react-dom.development.js:26862:5)
      at commitRoot (node_modules/react-dom/cjs/react-dom.development.js:26721:5)
      at finishConcurrentRender (node_modules/react-dom/cjs/react-dom.development.js:25931:9)
      at performConcurrentWorkOnRoot (node_modules/react-dom/cjs/react-dom.development.js:25848:7)
      at flushActQueue (node_modules/react/cjs/react.development.js:2667:24)
      at act (node_modules/react/cjs/react.development.js:2582:11)
      at node_modules/@testing-library/react/dist/act-compat.js:46:25
      at renderRoot (node_modules/@testing-library/react/dist/pure.js:189:26)
      at render (node_modules/@testing-library/react/dist/pure.js:291:10)
      at Object.<anonymous> (src/__tests__/finance.test.tsx:236:11)

FAIL src/__tests__/finance.
test.tsx
  JournalEntryForm
    ├ù submit button is 
disabled when debits ظëب 
credits (168 ms)
    ├ù shows balance 
warning text when totals 
differ (42 ms)
  TrialBalancePage
    ├ù renders "Balanced" 
badge when variance = 0 
(70 ms)
    ├ù renders "Out of 
Balance" alert when 
variance ظëب 0 (33 ms)
  AccountCombobox
    ├ù filters accounts by 
code and name on input (41 
ms)
  FinanceDashboard
    ├ù renders all 6 KPI 
cards with mocked API data 
(356 ms)
  ReconciliationWorkspace
    ├ù calls manual match 
API on journal line click 
(45 ms)

  ظù JournalEntryForm ظ║ 
submit button is disabled 
when debits ظëب credits

    TypeError: Cannot read 
properties of null 
(reading 'useState')

    [0m [90m 17 |[39m 
[36mexport[39m 
[36mdefault[39m 
[36mfunction[39m [33mNew
JournalEntryPage[39m() {
     [90m 18 |[39m   
[36mconst[39m router 
[33m=[39m 
useRouter()[33m;[39m
    
[31m[1m>[22m[39m[90m 
19 |[39m   
[36mconst[39m 
[accounts[33m,[39m 
setAccounts] [33m=[39m us
eState[33m<[39m[33mAccou
nt[39m[][33m>[39m([])[3
3m;[39m
     [90m    |[39m       
                           
         
[31m[1m^[22m[39m
     [90m 20 |[39m   
[36mconst[39m 
[date[33m,[39m setDate] 
[33m=[39m 
useState([36mnew[39m [33
mDate[39m()[33m.[39mtoIS
OString()[33m.[39mslice(
[35m0[39m[33m,[39m 
[35m10[39m))[33m;[39m
     [90m 21 |[39m   
[36mconst[39m 
[description[33m,[39m 
setDescription] 
[33m=[39m useState([32m'
'[39m)[33m;[39m
     [90m 22 |[39m   
[36mconst[39m 
[notes[33m,[39m 
setNotes] [33m=[39m useSt
ate([32m''[39m)[33m;[39
m[0m

      at useState (node_mod
ules/react/cjs/react.develo
pment.js:1622:21)
      at 
NewJournalEntryPage (src/ap
p/dashboard/finance/journal
-entries/new/page.tsx:19:43
)
      at renderWithHooks (n
ode_modules/react-dom/cjs/r
eact-dom.development.js:154
86:18)
      at mountIndeterminate
Component (node_modules/rea
ct-dom/cjs/react-dom.develo
pment.js:20103:13)
      at beginWork (node_mo
dules/react-dom/cjs/react-d
om.development.js:21626:16)
      at beginWork$1 (node_
modules/react-dom/cjs/react
-dom.development.js:27465:1
4)
      at performUnitOfWork 
(node_modules/react-dom/cjs
/react-dom.development.js:2
6599:12)
      at workLoopSync (node
_modules/react-dom/cjs/reac
t-dom.development.js:26505:
5)
      at renderRootSync (no
de_modules/react-dom/cjs/re
act-dom.development.js:2647
3:7)
      at 
recoverFromConcurrentError 
(node_modules/react-dom/cjs
/react-dom.development.js:2
5889:20)
      at performConcurrentW
orkOnRoot (node_modules/rea
ct-dom/cjs/react-dom.develo
pment.js:25789:22)
      at flushActQueue (nod
e_modules/react/cjs/react.d
evelopment.js:2667:24)
      at act (node_modules/
react/cjs/react.development
.js:2582:11)
      at node_modules/@test
ing-library/react/dist/act-
compat.js:46:25
      at renderRoot (node_m
odules/@testing-library/rea
ct/dist/pure.js:189:26)
      at render (node_modul
es/@testing-library/react/d
ist/pure.js:291:10)
      at 
Object.<anonymous> (src/__t
ests__/finance.test.tsx:67:
11)

  ظù JournalEntryForm ظ║ 
shows balance warning text 
when totals differ

    TypeError: Cannot read 
properties of null 
(reading 'useState')

    [0m [90m 17 |[39m 
[36mexport[39m 
[36mdefault[39m 
[36mfunction[39m [33mNew
JournalEntryPage[39m() {
     [90m 18 |[39m   
[36mconst[39m router 
[33m=[39m 
useRouter()[33m;[39m
    
[31m[1m>[22m[39m[90m 
19 |[39m   
[36mconst[39m 
[accounts[33m,[39m 
setAccounts] [33m=[39m us
eState[33m<[39m[33mAccou
nt[39m[][33m>[39m([])[3
3m;[39m
     [90m    |[39m       
                           
         
[31m[1m^[22m[39m
     [90m 20 |[39m   
[36mconst[39m 
[date[33m,[39m setDate] 
[33m=[39m 
useState([36mnew[39m [33
mDate[39m()[33m.[39mtoIS
OString()[33m.[39mslice(
[35m0[39m[33m,[39m 
[35m10[39m))[33m;[39m
     [90m 21 |[39m   
[36mconst[39m 
[description[33m,[39m 
setDescription] 
[33m=[39m useState([32m'
'[39m)[33m;[39m
     [90m 22 |[39m   
[36mconst[39m 
[notes[33m,[39m 
setNotes] [33m=[39m useSt
ate([32m''[39m)[33m;[39
m[0m

      at useState (node_mod
ules/react/cjs/react.develo
pment.js:1622:21)
      at 
NewJournalEntryPage (src/ap
p/dashboard/finance/journal
-entries/new/page.tsx:19:43
)
      at renderWithHooks (n
ode_modules/react-dom/cjs/r
eact-dom.development.js:154
86:18)
      at mountIndeterminate
Component (node_modules/rea
ct-dom/cjs/react-dom.develo
pment.js:20103:13)
      at beginWork (node_mo
dules/react-dom/cjs/react-d
om.development.js:21626:16)
      at beginWork$1 (node_
modules/react-dom/cjs/react
-dom.development.js:27465:1
4)
      at performUnitOfWork 
(node_modules/react-dom/cjs
/react-dom.development.js:2
6599:12)
      at workLoopSync (node
_modules/react-dom/cjs/reac
t-dom.development.js:26505:
5)
      at renderRootSync (no
de_modules/react-dom/cjs/re
act-dom.development.js:2647
3:7)
      at 
recoverFromConcurrentError 
(node_modules/react-dom/cjs
/react-dom.development.js:2
5889:20)
      at performConcurrentW
orkOnRoot (node_modules/rea
ct-dom/cjs/react-dom.develo
pment.js:25789:22)
      at flushActQueue (nod
e_modules/react/cjs/react.d
evelopment.js:2667:24)
      at act (node_modules/
react/cjs/react.development
.js:2582:11)
      at node_modules/@test
ing-library/react/dist/act-
compat.js:46:25
      at renderRoot (node_m
odules/@testing-library/rea
ct/dist/pure.js:189:26)
      at render (node_modul
es/@testing-library/react/d
ist/pure.js:291:10)
      at 
Object.<anonymous> (src/__t
ests__/finance.test.tsx:74:
11)

  ظù TrialBalancePage ظ║ 
renders "Balanced" badge 
when variance = 0

    TypeError: Cannot read 
properties of null 
(reading 'useState')

    [0m [90m 10 |[39m
     [90m 11 |[39m 
[36mexport[39m 
[36mdefault[39m 
[36mfunction[39m [33mTri
alBalancePage[39m() {
    
[31m[1m>[22m[39m[90m 
12 |[39m   
[36mconst[39m 
[data[33m,[39m setData] 
[33m=[39m useState[33m<
[39m[33many[39m[33m>[39
m([36mnull[39m)[33m;[39
m
     [90m    |[39m       
                           
 [31m[1m^[22m[39m
     [90m 13 |[39m   
[36mconst[39m 
[loading[33m,[39m 
setLoading] [33m=[39m use
State([36mtrue[39m)[33m;
[39m
     [90m 14 |[39m   
[36mconst[39m 
[asOfDate[33m,[39m 
setAsOfDate] [33m=[39m 
useState([36mnew[39m [33
mDate[39m()[33m.[39mtoIS
OString()[33m.[39mslice(
[35m0[39m[33m,[39m 
[35m10[39m))[33m;[39m
     [90m 15 |[39m[0m

      at useState (node_mod
ules/react/cjs/react.develo
pment.js:1622:21)
      at TrialBalancePage (
src/app/dashboard/finance/t
rial-balance/page.tsx:12:35
)
      at renderWithHooks (n
ode_modules/react-dom/cjs/r
eact-dom.development.js:154
86:18)
      at mountIndeterminate
Component (node_modules/rea
ct-dom/cjs/react-dom.develo
pment.js:20103:13)
      at beginWork (node_mo
dules/react-dom/cjs/react-d
om.development.js:21626:16)
      at beginWork$1 (node_
modules/react-dom/cjs/react
-dom.development.js:27465:1
4)
      at performUnitOfWork 
(node_modules/react-dom/cjs
/react-dom.development.js:2
6599:12)
      at workLoopSync (node
_modules/react-dom/cjs/reac
t-dom.development.js:26505:
5)
      at renderRootSync (no
de_modules/react-dom/cjs/re
act-dom.development.js:2647
3:7)
      at 
recoverFromConcurrentError 
(node_modules/react-dom/cjs
/react-dom.development.js:2
5889:20)
      at performConcurrentW
orkOnRoot (node_modules/rea
ct-dom/cjs/react-dom.develo
pment.js:25789:22)
      at flushActQueue (nod
e_modules/react/cjs/react.d
evelopment.js:2667:24)
      at act (node_modules/
react/cjs/react.development
.js:2582:11)
      at node_modules/@test
ing-library/react/dist/act-
compat.js:46:25
      at renderRoot (node_m
odules/@testing-library/rea
ct/dist/pure.js:189:26)
      at render (node_modul
es/@testing-library/react/d
ist/pure.js:291:10)
      at 
Object.<anonymous> (src/__t
ests__/finance.test.tsx:114
:11)

  ظù TrialBalancePage ظ║ 
renders "Out of Balance" 
alert when variance ظëب 0

    TypeError: Cannot read 
properties of null 
(reading 'useState')

    [0m [90m 10 |[39m
     [90m 11 |[39m 
[36mexport[39m 
[36mdefault[39m 
[36mfunction[39m [33mTri
alBalancePage[39m() {
    
[31m[1m>[22m[39m[90m 
12 |[39m   
[36mconst[39m 
[data[33m,[39m setData] 
[33m=[39m useState[33m<
[39m[33many[39m[33m>[39
m([36mnull[39m)[33m;[39
m
     [90m    |[39m       
                           
 [31m[1m^[22m[39m
     [90m 13 |[39m   
[36mconst[39m 
[loading[33m,[39m 
setLoading] [33m=[39m use
State([36mtrue[39m)[33m;
[39m
     [90m 14 |[39m   
[36mconst[39m 
[asOfDate[33m,[39m 
setAsOfDate] [33m=[39m 
useState([36mnew[39m [33
mDate[39m()[33m.[39mtoIS
OString()[33m.[39mslice(
[35m0[39m[33m,[39m 
[35m10[39m))[33m;[39m
     [90m 15 |[39m[0m

      at useState (node_mod
ules/react/cjs/react.develo
pment.js:1622:21)
      at TrialBalancePage (
src/app/dashboard/finance/t
rial-balance/page.tsx:12:35
)
      at renderWithHooks (n
ode_modules/react-dom/cjs/r
eact-dom.development.js:154
86:18)
      at mountIndeterminate
Component (node_modules/rea
ct-dom/cjs/react-dom.develo
pment.js:20103:13)
      at beginWork (node_mo
dules/react-dom/cjs/react-d
om.development.js:21626:16)
      at beginWork$1 (node_
modules/react-dom/cjs/react
-dom.development.js:27465:1
4)
      at performUnitOfWork 
(node_modules/react-dom/cjs
/react-dom.development.js:2
6599:12)
      at workLoopSync (node
_modules/react-dom/cjs/reac
t-dom.development.js:26505:
5)
      at renderRootSync (no
de_modules/react-dom/cjs/re
act-dom.development.js:2647
3:7)
      at 
recoverFromConcurrentError 
(node_modules/react-dom/cjs
/react-dom.development.js:2
5889:20)
      at performConcurrentW
orkOnRoot (node_modules/rea
ct-dom/cjs/react-dom.develo
pment.js:25789:22)
      at flushActQueue (nod
e_modules/react/cjs/react.d
evelopment.js:2667:24)
      at act (node_modules/
react/cjs/react.development
.js:2582:11)
      at node_modules/@test
ing-library/react/dist/act-
compat.js:46:25
      at renderRoot (node_m
odules/@testing-library/rea
ct/dist/pure.js:189:26)
      at render (node_modul
es/@testing-library/react/d
ist/pure.js:291:10)
      at 
Object.<anonymous> (src/__t
ests__/finance.test.tsx:131
:11)

  ظù AccountCombobox ظ║ 
filters accounts by code 
and name on input

    TypeError: Cannot read 
properties of null 
(reading 'useState')

    [0m [90m 14 |[39m
     [90m 15 |[39m 
[36mexport[39m 
[36mfunction[39m [33mAcc
ountCombobox[39m({ 
value[33m,[39m 
onChange[33m,[39m 
placeholder [33m=[39m 
[32m"╪ذ╪ص╪س ╪╣┘ ╪ص╪│╪د╪ذ.
.."[39m[33m,[39m 
className[33m,[39m 
filterType }[33m:[39m [3
3mAccountComboboxProps[39m
) {
    
[31m[1m>[22m[39m[90m 
16 |[39m   
[36mconst[39m 
[accounts[33m,[39m 
setAccounts] [33m=[39m us
eState[33m<[39m[33mAccou
nt[39m[][33m>[39m([])[3
3m;[39m
     [90m    |[39m       
                           
         
[31m[1m^[22m[39m
     [90m 17 |[39m   
[36mconst[39m 
[open[33m,[39m setOpen] 
[33m=[39m useState([36mf
alse[39m)[33m;[39m
     [90m 18 |[39m   
[36mconst[39m 
[search[33m,[39m 
setSearch] [33m=[39m useS
tate([32m''[39m)[33m;[3
9m
     [90m 19 |[39m[0m

      at useState (node_mod
ules/react/cjs/react.develo
pment.js:1622:21)
      at AccountCombobox (s
rc/components/finance/Accou
ntCombobox.tsx:16:43)
      at renderWithHooks (n
ode_modules/react-dom/cjs/r
eact-dom.development.js:154
86:18)
      at mountIndeterminate
Component (node_modules/rea
ct-dom/cjs/react-dom.develo
pment.js:20103:13)
      at beginWork (node_mo
dules/react-dom/cjs/react-d
om.development.js:21626:16)
      at beginWork$1 (node_
modules/react-dom/cjs/react
-dom.development.js:27465:1
4)
      at performUnitOfWork 
(node_modules/react-dom/cjs
/react-dom.development.js:2
6599:12)
      at workLoopSync (node
_modules/react-dom/cjs/reac
t-dom.development.js:26505:
5)
      at renderRootSync (no
de_modules/react-dom/cjs/re
act-dom.development.js:2647
3:7)
      at 
recoverFromConcurrentError 
(node_modules/react-dom/cjs
/react-dom.development.js:2
5889:20)
      at performConcurrentW
orkOnRoot (node_modules/rea
ct-dom/cjs/react-dom.develo
pment.js:25789:22)
      at flushActQueue (nod
e_modules/react/cjs/react.d
evelopment.js:2667:24)
      at act (node_modules/
react/cjs/react.development
.js:2582:11)
      at node_modules/@test
ing-library/react/dist/act-
compat.js:46:25
      at renderRoot (node_m
odules/@testing-library/rea
ct/dist/pure.js:189:26)
      at render (node_modul
es/@testing-library/react/d
ist/pure.js:291:10)
      at 
Object.<anonymous> (src/__t
ests__/finance.test.tsx:151
:11)

  ظù FinanceDashboard ظ║ 
renders all 6 KPI cards 
with mocked API data

    TypeError: Cannot read 
properties of null 
(reading 'useState')

    [0m [90m 19 |[39m
     [90m 20 |[39m 
[36mexport[39m 
[36mdefault[39m 
[36mfunction[39m [33mFin
anceDashboardPage[39m() {
    
[31m[1m>[22m[39m[90m 
21 |[39m   
[36mconst[39m 
[stats[33m,[39m 
setStats] [33m=[39m useSt
ate[33m<[39m[33mFinanceD
ashboardStats[39m 
[33m|[39m [36mnull[39m
[33m>[39m([36mnull[39m)
[33m;[39m
     [90m    |[39m       
                           
   [31m[1m^[22m[39m
     [90m 22 |[39m   
[36mconst[39m 
[loading[33m,[39m 
setLoading] [33m=[39m use
State([36mtrue[39m)[33m;
[39m
     [90m 23 |[39m   
[36mconst[39m 
[error[33m,[39m 
setError] [33m=[39m useSt
ate[33m<[39m[33mstring[
39m [33m|[39m [36mnull[
39m[33m>[39m([36mnull[3
9m)[33m;[39m
     [90m 24 |[39m[0m

      at useState (node_mod
ules/react/cjs/react.develo
pment.js:1622:21)
      at 
FinanceDashboardPage (src/a
pp/dashboard/finance/dashbo
ard/page.tsx:21:37)
      at renderWithHooks (n
ode_modules/react-dom/cjs/r
eact-dom.development.js:154
86:18)
      at mountIndeterminate
Component (node_modules/rea
ct-dom/cjs/react-dom.develo
pment.js:20103:13)
      at beginWork (node_mo
dules/react-dom/cjs/react-d
om.development.js:21626:16)
      at beginWork$1 (node_
modules/react-dom/cjs/react
-dom.development.js:27465:1
4)
      at performUnitOfWork 
(node_modules/react-dom/cjs
/react-dom.development.js:2
6599:12)
      at workLoopSync (node
_modules/react-dom/cjs/reac
t-dom.development.js:26505:
5)
      at renderRootSync (no
de_modules/react-dom/cjs/re
act-dom.development.js:2647
3:7)
      at 
recoverFromConcurrentError 
(node_modules/react-dom/cjs
/react-dom.development.js:2
5889:20)
      at performConcurrentW
orkOnRoot (node_modules/rea
ct-dom/cjs/react-dom.develo
pment.js:25789:22)
      at flushActQueue (nod
e_modules/react/cjs/react.d
evelopment.js:2667:24)
      at act (node_modules/
react/cjs/react.development
.js:2582:11)
      at node_modules/@test
ing-library/react/dist/act-
compat.js:46:25
      at renderRoot (node_m
odules/@testing-library/rea
ct/dist/pure.js:189:26)
      at render (node_modul
es/@testing-library/react/d
ist/pure.js:291:10)
      at 
Object.<anonymous> (src/__t
ests__/finance.test.tsx:197
:11)

  ظù 
ReconciliationWorkspace 
ظ║ calls manual match API 
on journal line click

    TypeError: Cannot read 
properties of null 
(reading 'useState')

    [0m [90m 11 |[39m 
[36mexport[39m 
[36mdefault[39m 
[36mfunction[39m [33mRec
onciliationWorkspacePage[3
9m() {
     [90m 12 |[39m   
[36mconst[39m { 
bankAccountId[33m,[39m 
statementId } [33m=[39m 
useParams()[33m;[39m
    
[31m[1m>[22m[39m[90m 
13 |[39m   
[36mconst[39m 
[data[33m,[39m setData] 
[33m=[39m useState[33m<
[39m[33many[39m[33m>[39
m([36mnull[39m)[33m;[39
m
     [90m    |[39m       
                           
 [31m[1m^[22m[39m
     [90m 14 |[39m   
[36mconst[39m 
[loading[33m,[39m 
setLoading] [33m=[39m use
State([36mtrue[39m)[33m;
[39m
     [90m 15 |[39m   
[36mconst[39m 
[matching[33m,[39m 
setMatching] [33m=[39m us
eState([36mfalse[39m)[33
m;[39m
     [90m 16 |[39m[0m

      at useState (node_mod
ules/react/cjs/react.develo
pment.js:1622:21)
      at ReconciliationWork
spacePage (src/app/dashboar
d/finance/reconciliation/[b
ankAccountId]/[statementId]
/page.tsx:13:35)
      at renderWithHooks (n
ode_modules/react-dom/cjs/r
eact-dom.development.js:154
86:18)
      at mountIndeterminate
Component (node_modules/rea
ct-dom/cjs/react-dom.develo
pment.js:20103:13)
      at beginWork (node_mo
dules/react-dom/cjs/react-d
om.development.js:21626:16)
      at beginWork$1 (node_
modules/react-dom/cjs/react
-dom.development.js:27465:1
4)
      at performUnitOfWork 
(node_modules/react-dom/cjs
/react-dom.development.js:2
6599:12)
      at workLoopSync (node
_modules/react-dom/cjs/reac
t-dom.development.js:26505:
5)
      at renderRootSync (no
de_modules/react-dom/cjs/re
act-dom.development.js:2647
3:7)
      at 
recoverFromConcurrentError 
(node_modules/react-dom/cjs
/react-dom.development.js:2
5889:20)
      at performConcurrentW
orkOnRoot (node_modules/rea
ct-dom/cjs/react-dom.develo
pment.js:25789:22)
      at flushActQueue (nod
e_modules/react/cjs/react.d
evelopment.js:2667:24)
      at act (node_modules/
react/cjs/react.development
.js:2582:11)
      at node_modules/@test
ing-library/react/dist/act-
compat.js:46:25
      at renderRoot (node_m
odules/@testing-library/rea
ct/dist/pure.js:189:26)
      at render (node_modul
es/@testing-library/react/d
ist/pure.js:291:10)
      at 
Object.<anonymous> (src/__t
ests__/finance.test.tsx:236
:11)

Test Suites: 1 failed, 1 
total
Tests:       7 failed, 7 
total
Snapshots:   0 total
Time:        1.699 s
Ran all test suites.
